Archive member included to satisfy reference by file (symbol)

C:/ST/STM32CubeIDE_1.15.0/STM32CubeIDE/plugins/com.st.stm32cube.ide.mcu.externaltools.gnu-tools-for-stm32.12.3.rel1.win32_1.0.100.202403111256/tools/bin/../lib/gcc/arm-none-eabi/12.3.1/../../../../arm-none-eabi/lib/thumb/v7e-m+fp/hard\libc_nano.a(libc_a-exit.o)
                              C:/ST/STM32CubeIDE_1.15.0/STM32CubeIDE/plugins/com.st.stm32cube.ide.mcu.externaltools.gnu-tools-for-stm32.12.3.rel1.win32_1.0.100.202403111256/tools/bin/../lib/gcc/arm-none-eabi/12.3.1/../../../../arm-none-eabi/lib/thumb/v7e-m+fp/hard/crt0.o (exit)
C:/ST/STM32CubeIDE_1.15.0/STM32CubeIDE/plugins/com.st.stm32cube.ide.mcu.externaltools.gnu-tools-for-stm32.12.3.rel1.win32_1.0.100.202403111256/tools/bin/../lib/gcc/arm-none-eabi/12.3.1/../../../../arm-none-eabi/lib/thumb/v7e-m+fp/hard\libc_nano.a(libc_a-findfp.o)
                              C:/ST/STM32CubeIDE_1.15.0/STM32CubeIDE/plugins/com.st.stm32cube.ide.mcu.externaltools.gnu-tools-for-stm32.12.3.rel1.win32_1.0.100.202403111256/tools/bin/../lib/gcc/arm-none-eabi/12.3.1/../../../../arm-none-eabi/lib/thumb/v7e-m+fp/hard\libc_nano.a(libc_a-exit.o) (__stdio_exit_handler)
C:/ST/STM32CubeIDE_1.15.0/STM32CubeIDE/plugins/com.st.stm32cube.ide.mcu.externaltools.gnu-tools-for-stm32.12.3.rel1.win32_1.0.100.202403111256/tools/bin/../lib/gcc/arm-none-eabi/12.3.1/../../../../arm-none-eabi/lib/thumb/v7e-m+fp/hard\libc_nano.a(libc_a-fwalk.o)
                              C:/ST/STM32CubeIDE_1.15.0/STM32CubeIDE/plugins/com.st.stm32cube.ide.mcu.externaltools.gnu-tools-for-stm32.12.3.rel1.win32_1.0.100.202403111256/tools/bin/../lib/gcc/arm-none-eabi/12.3.1/../../../../arm-none-eabi/lib/thumb/v7e-m+fp/hard\libc_nano.a(libc_a-findfp.o) (_fwalk_sglue)
C:/ST/STM32CubeIDE_1.15.0/STM32CubeIDE/plugins/com.st.stm32cube.ide.mcu.externaltools.gnu-tools-for-stm32.12.3.rel1.win32_1.0.100.202403111256/tools/bin/../lib/gcc/arm-none-eabi/12.3.1/../../../../arm-none-eabi/lib/thumb/v7e-m+fp/hard\libc_nano.a(libc_a-stdio.o)
                              C:/ST/STM32CubeIDE_1.15.0/STM32CubeIDE/plugins/com.st.stm32cube.ide.mcu.externaltools.gnu-tools-for-stm32.12.3.rel1.win32_1.0.100.202403111256/tools/bin/../lib/gcc/arm-none-eabi/12.3.1/../../../../arm-none-eabi/lib/thumb/v7e-m+fp/hard\libc_nano.a(libc_a-findfp.o) (__sread)
C:/ST/STM32CubeIDE_1.15.0/STM32CubeIDE/plugins/com.st.stm32cube.ide.mcu.externaltools.gnu-tools-for-stm32.12.3.rel1.win32_1.0.100.202403111256/tools/bin/../lib/gcc/arm-none-eabi/12.3.1/../../../../arm-none-eabi/lib/thumb/v7e-m+fp/hard\libc_nano.a(libc_a-memset.o)
                              C:/ST/STM32CubeIDE_1.15.0/STM32CubeIDE/plugins/com.st.stm32cube.ide.mcu.externaltools.gnu-tools-for-stm32.12.3.rel1.win32_1.0.100.202403111256/tools/bin/../lib/gcc/arm-none-eabi/12.3.1/../../../../arm-none-eabi/lib/thumb/v7e-m+fp/hard/crt0.o (memset)
C:/ST/STM32CubeIDE_1.15.0/STM32CubeIDE/plugins/com.st.stm32cube.ide.mcu.externaltools.gnu-tools-for-stm32.12.3.rel1.win32_1.0.100.202403111256/tools/bin/../lib/gcc/arm-none-eabi/12.3.1/../../../../arm-none-eabi/lib/thumb/v7e-m+fp/hard\libc_nano.a(libc_a-closer.o)
                              C:/ST/STM32CubeIDE_1.15.0/STM32CubeIDE/plugins/com.st.stm32cube.ide.mcu.externaltools.gnu-tools-for-stm32.12.3.rel1.win32_1.0.100.202403111256/tools/bin/../lib/gcc/arm-none-eabi/12.3.1/../../../../arm-none-eabi/lib/thumb/v7e-m+fp/hard\libc_nano.a(libc_a-stdio.o) (_close_r)
C:/ST/STM32CubeIDE_1.15.0/STM32CubeIDE/plugins/com.st.stm32cube.ide.mcu.externaltools.gnu-tools-for-stm32.12.3.rel1.win32_1.0.100.202403111256/tools/bin/../lib/gcc/arm-none-eabi/12.3.1/../../../../arm-none-eabi/lib/thumb/v7e-m+fp/hard\libc_nano.a(libc_a-reent.o)
                              C:/ST/STM32CubeIDE_1.15.0/STM32CubeIDE/plugins/com.st.stm32cube.ide.mcu.externaltools.gnu-tools-for-stm32.12.3.rel1.win32_1.0.100.202403111256/tools/bin/../lib/gcc/arm-none-eabi/12.3.1/../../../../arm-none-eabi/lib/thumb/v7e-m+fp/hard\libc_nano.a(libc_a-closer.o) (errno)
C:/ST/STM32CubeIDE_1.15.0/STM32CubeIDE/plugins/com.st.stm32cube.ide.mcu.externaltools.gnu-tools-for-stm32.12.3.rel1.win32_1.0.100.202403111256/tools/bin/../lib/gcc/arm-none-eabi/12.3.1/../../../../arm-none-eabi/lib/thumb/v7e-m+fp/hard\libc_nano.a(libc_a-impure.o)
                              C:/ST/STM32CubeIDE_1.15.0/STM32CubeIDE/plugins/com.st.stm32cube.ide.mcu.externaltools.gnu-tools-for-stm32.12.3.rel1.win32_1.0.100.202403111256/tools/bin/../lib/gcc/arm-none-eabi/12.3.1/../../../../arm-none-eabi/lib/thumb/v7e-m+fp/hard\libc_nano.a(libc_a-reent.o) (_impure_ptr)
C:/ST/STM32CubeIDE_1.15.0/STM32CubeIDE/plugins/com.st.stm32cube.ide.mcu.externaltools.gnu-tools-for-stm32.12.3.rel1.win32_1.0.100.202403111256/tools/bin/../lib/gcc/arm-none-eabi/12.3.1/../../../../arm-none-eabi/lib/thumb/v7e-m+fp/hard\libc_nano.a(libc_a-lseekr.o)
[...]
Memory Configuration

Name             Origin             Length             Attributes
RAM              0x20000000         0x00020000         xrw
FLASH            0x08000000         0x00080000         xr
*default*        0x00000000         0xffffffff

Linker script and memory map

LOAD C:/ST/STM32CubeIDE_1.15.0/STM32CubeIDE/plugins/com.st.stm32cube.ide.mcu.externaltools.gnu-tools-for-stm32.12.3.rel1.win32_1.0.100.202403111256/tools/bin/../lib/gcc/arm-none-eabi/12.3.1/thumb/v7e-m+fp/hard/crti.o
LOAD C:/ST/STM32CubeIDE_1.15.0/STM32CubeIDE/plugins/com.st.stm32cube.ide.mcu.externaltools.gnu-tools-for-stm32.12.3.rel1.win32_1.0.100.202403111256/tools/bin/../lib/gcc/arm-none-eabi/12.3.1/thumb/v7e-m+fp/hard/crtbegin.o
LOAD C:/ST/STM32CubeIDE_1.15.0/STM32CubeIDE/plugins/com.st.stm32cube.ide.mcu.externaltools.gnu-tools-for-stm32.12.3.rel1.win32_1.0.100.202403111256/tools/bin/../lib/gcc/arm-none-eabi/12.3.1/../../../../arm-none-eabi/lib/thumb/v7e-m+fp/hard/crt0.o
LOAD ./Core/Src/ILI9486.o
LOAD ./Core/Src/main.o
LOAD ./Core/Src/stm32f4xx_hal_msp.o
LOAD ./Core/Src/stm32f4xx_it.o
LOAD ./Core/Src/syscalls.o
LOAD ./Core/Src/sysmem.o
LOAD ./Core/Src/system_stm32f4xx.o
LOAD ./Core/Startup/startup_stm32f446retx.o
LOAD ./Drivers/STM32F4xx_HAL_Driver/Src/stm32f4xx_hal.o
LOAD ./Drivers/STM32F4xx_HAL_Driver/Src/stm32f4xx_hal_cortex.o
LOAD ./Drivers/STM32F4xx_HAL_Driver/Src/stm32f4xx_hal_dma.o
LOAD ./Drivers/STM32F4xx_HAL_Driver/Src/stm32f4xx_hal_dma_ex.o
LOAD ./Drivers/STM32F4xx_HAL_Driver/Src/stm32f4xx_hal_exti.o
LOAD ./Drivers/STM32F4xx_HAL_Driver/Src/stm32f4xx_hal_flash.o
LOAD ./Drivers/STM32F4xx_HAL_Driver/Src/stm32f4xx_hal_flash_ex.o
LOAD ./Drivers/STM32F4xx_HAL_Driver/Src/stm32f4xx_hal_flash_ramfunc.o
LOAD ./Drivers/STM32F4xx_HAL_Driver/Src/stm32f4xx_hal_gpio.o
LOAD ./Drivers/STM32F4xx_HAL_Driver/Src/stm32f4xx_hal_pwr.o
LOAD ./Drivers/STM32F4xx_HAL_Driver/Src/stm32f4xx_hal_pwr_ex.o
LOAD ./Drivers/STM32F4xx_HAL_Driver/Src/stm32f4xx_hal_rcc.o
LOAD ./Drivers/STM32F4xx_HAL_Driver/Src/stm32f4xx_hal_rcc_ex.o
LOAD ./Drivers/STM32F4xx_HAL_Driver/Src/stm32f4xx_hal_rtc.o
LOAD ./Drivers/STM32F4xx_HAL_Driver/Src/stm32f4xx_hal_rtc_ex.o
LOAD ./Drivers/STM32F4xx_HAL_Driver/Src/stm32f4xx_hal_spi.o
LOAD ./Drivers/STM32F4xx_HAL_Driver/Src/stm32f4xx_hal_tim.o
LOAD ./Drivers/STM32F4xx_HAL_Driver/Src/stm32f4xx_hal_tim_ex.o
START GROUP
LOAD C:/ST/STM32CubeIDE_1.15.0/STM32CubeIDE/plugins/com.st.stm32cube.ide.mcu.externaltools.gnu-tools-for-stm32.12.3.rel1.win32_1.0.100.202403111256/tools/bin/../lib/gcc/arm-none-eabi/12.3.1/../../../../arm-none-eabi/lib/thumb/v7e-m+fp/hard\libc_nano.a
LOAD C:/ST/STM32CubeIDE_1.15.0/STM32CubeIDE/plugins/com.st.stm32cube.ide.mcu.externaltools.gnu-tools-for-stm32.12.3.rel1.win32_1.0.100.202403111256/tools/bin/../lib/gcc/arm-none-eabi/12.3.1/../../../../arm-none-eabi/lib/thumb/v7e-m+fp/hard\libm.a
END GROUP
START GROUP
LOAD C:/ST/STM32CubeIDE_1.15.0/STM32CubeIDE/plugins/com.st.stm32cube.ide.mcu.externaltools.gnu-tools-for-stm32.12.3.rel1.win32_1.0.100.202403111256/tools/bin/../lib/gcc/arm-none-eabi/12.3.1/thumb/v7e-m+fp/hard\libgcc.a
LOAD C:/ST/STM32CubeIDE_1.15.0/STM32CubeIDE/plugins/com.st.stm32cube.ide.mcu.externaltools.gnu-tools-for-stm32.12.3.rel1.win32_1.0.100.202403111256/tools/bin/../lib/gcc/arm-none-eabi/12.3.1/../../../../arm-none-eabi/lib/thumb/v7e-m+fp/hard\libc_nano.a
END GROUP
START GROUP
LOAD C:/ST/STM32CubeIDE_1.15.0/STM32CubeIDE/plugins/com.st.stm32cube.ide.mcu.externaltools.gnu-tools-for-stm32.12.3.rel1.win32_1.0.100.202403111256/tools/bin/../lib/gcc/arm-none-eabi/12.3.1/thumb/v7e-m+fp/hard\libgcc.a
LOAD C:/ST/STM32CubeIDE_1.15.0/STM32CubeIDE/plugins/com.st.stm32cube.ide.mcu.externaltools.gnu-tools-for-stm32.12.3.rel1.win32_1.0.100.202403111256/tools/bin/../lib/gcc/arm-none-eabi/12.3.1/../../../../arm-none-eabi/lib/thumb/v7e-m+fp/hard\libc_nano.a
LOAD C:/ST/STM32CubeIDE_1.15.0/STM32CubeIDE/plugins/com.st.stm32cube.ide.mcu.externaltools.gnu-tools-for-stm32.12.3.rel1.win32_1.0.100.202403111256/tools/bin/../lib/gcc/arm-none-eabi/12.3.1/../../../../arm-none-eabi/lib/thumb/v7e-m+fp/hard\libnosys.a
END GROUP
START GROUP
LOAD C:/ST/STM32CubeIDE_1.15.0/STM32CubeIDE/plugins/com.st.stm32cube.ide.mcu.externaltools.gnu-tools-for-stm32.12.3.rel1.win32_1.0.100.202403111256/tools/bin/../lib/gcc/arm-none-eabi/12.3.1/thumb/v7e-m+fp/hard\libgcc.a
LOAD C:/ST/STM32CubeIDE_1.15.0/STM32CubeIDE/plugins/com.st.stm32cube.ide.mcu.externaltools.gnu-tools-for-stm32.12.3.rel1.win32_1.0.100.202403111256/tools/bin/../lib/gcc/arm-none-eabi/12.3.1/../../../../arm-none-eabi/lib/thumb/v7e-m+fp/hard\libc_nano.a
LOAD C:/ST/STM32CubeIDE_1.15.0/STM32CubeIDE/plugins/com.st.stm32cube.ide.mcu.externaltools.gnu-tools-for-stm32.12.3.rel1.win32_1.0.100.202403111256/tools/bin/../lib/gcc/arm-none-eabi/12.3.1/../../../../arm-none-eabi/lib/thumb/v7e-m+fp/hard\libnosys.a
END GROUP
LOAD C:/ST/STM32CubeIDE_1.15.0/STM32CubeIDE/plugins/com.st.stm32cube.ide.mcu.externaltools.gnu-tools-for-stm32.12.3.rel1.win32_1.0.100.202403111256/tools/bin/../lib/gcc/arm-none-eabi/12.3.1/thumb/v7e-m+fp/hard/crtend.o
LOAD C:/ST/STM32CubeIDE_1.15.0/STM32CubeIDE/plugins/com.st.stm32cube.ide.mcu.externaltools.gnu-tools-for-stm32.12.3.rel1.win32_1.0.100.202403111256/tools/bin/../lib/gcc/arm-none-eabi/12.3.1/thumb/v7e-m+fp/hard/crtn.o
                0x20020000                        _estack = (ORIGIN (RAM) + LENGTH (RAM))
                0x00000200                        _Min_Heap_Size = 0x200
                0x00000400                        _Min_Stack_Size = 0x400

.isr_vector     0x08000000      0x1c4
                0x08000000                        . = ALIGN (0x4)
 *(.isr_vector)
 .isr_vector    0x08000000      0x1c4 ./Core/Startup/startup_stm32f446retx.o
                0x08000000                g_pfnVectors
                0x080001c4                        . = ALIGN (0x4)

.text           0x080001c4     0x4760
                0x080001c4                        . = ALIGN (0x4)
 *(.text)
 .text          0x080001c4       0x40 C:/ST/STM32CubeIDE_1.15.0/STM32CubeIDE/plugins/com.st.stm32cube.ide.mcu.externaltools.gnu-tools-for-stm32.12.3.rel1.win32_1.0.100.202403111256/tools/bin/../lib/gcc/arm-none-eabi/12.3.1/thumb/v7e-m+fp/hard/crtbegin.o
 .text          0x08000204      0x254 C:/ST/STM32CubeIDE_1.15.0/STM32CubeIDE/plugins/com.st.stm32cube.ide.mcu.externaltools.gnu-tools-for-stm32.12.3.rel1.win32_1.0.100.202403111256/tools/bin/../lib/gcc/arm-none-eabi/12.3.1/thumb/v7e-m+fp/hard\libgcc.a(_arm_muldf3.o)
                0x08000204                __muldf3
                0x08000204                __aeabi_dmul
 .text          0x08000458      0x378 C:/ST/STM32CubeIDE_1.15.0/STM32CubeIDE/plugins/com.st.stm32cube.ide.mcu.externaltools.gnu-tools-for-stm32.12.3.rel1.win32_1.0.100.202403111256/tools/bin/../lib/gcc/arm-none-eabi/12.3.1/thumb/v7e-m+fp/hard\libgcc.a(_arm_addsubdf3.o)
                0x08000458                __aeabi_drsub
                0x08000460                __aeabi_dsub
                0x08000460                __subdf3
                0x08000464                __aeabi_dadd
                0x08000464                __adddf3
                0x080006dc                __floatunsidf
                0x080006dc                __aeabi_ui2d
                0x080006fc                __floatsidf
                0x080006fc                __aeabi_i2d
                0x08000720                __aeabi_f2d
                0x08000720                __extendsfdf2
                0x08000764                __floatundidf
                0x08000764                __aeabi_ul2d
                0x08000774                __floatdidf
                0x08000774                __aeabi_l2d
 .text          0x080007d0       0x40 C:/ST/STM32CubeIDE_1.15.0/STM32CubeIDE/plugins/com.st.stm32cube.ide.mcu.externaltools.gnu-tools-for-stm32.12.3.rel1.win32_1.0.100.202403111256/tools/bin/../lib/gcc/arm-none-eabi/12.3.1/thumb/v7e-m+fp/hard\libgcc.a(_arm_fixunsdfsi.o)
                0x080007d0                __aeabi_d2uiz
                0x080007d0                __fixunsdfsi
 .text          0x08000810       0x30 C:/ST/STM32CubeIDE_1.15.0/STM32CubeIDE/plugins/com.st.stm32cube.ide.mcu.externaltools.gnu-tools-for-stm32.12.3.rel1.win32_1.0.100.202403111256/tools/bin/../lib/gcc/arm-none-eabi/12.3.1/thumb/v7e-m+fp/hard\libgcc.a(_aeabi_uldivmod.o)
                0x08000810                __aeabi_uldivmod
 .text          0x08000840      0x2bc C:/ST/STM32CubeIDE_1.15.0/STM32CubeIDE/plugins/com.st.stm32cube.ide.mcu.externaltools.gnu-tools-for-stm32.12.3.rel1.win32_1.0.100.202403111256/tools/bin/../lib/gcc/arm-none-eabi/12.3.1/thumb/v7e-m+fp/hard\libgcc.a(_udivmoddi4.o)
                0x08000840                __udivmoddi4
 .text          0x08000afc        0x4 C:/ST/STM32CubeIDE_1.15.0/STM32CubeIDE/plugins/com.st.stm32cube.ide.mcu.externaltools.gnu-tools-for-stm32.12.3.rel1.win32_1.0.100.202403111256/tools/bin/../lib/gcc/arm-none-eabi/12.3.1/thumb/v7e-m+fp/hard\libgcc.a(_dvmd_tls.o)
                0x08000afc                __aeabi_idiv0
                0x08000afc                __aeabi_ldiv0
 *(.text*)
 .text.Driver_Delay_ms
                0x08000b00       0x16 ./Core/Src/ILI9486.o
                0x08000b00                Driver_Delay_ms
 *fill*         0x08000b16        0x2 
 .text.LCD_Reset
                0x08000b18       0x48 ./Core/Src/ILI9486.o
 .text.LCD_SetBackLight
                0x08000b60       0x16 ./Core/Src/ILI9486.o
 *fill*         0x08000b76        0x2 
 .text.LCD_WriteReg
                0x08000b78       0x4c ./Core/Src/ILI9486.o
                0x08000b78                LCD_WriteReg
 .text.LCD_WriteData
                0x08000bc4       0x4c ./Core/Src/ILI9486.o
                0x08000bc4                LCD_WriteData
 .text.LCD_Write_AllData
                0x08000c10       0x74 ./Core/Src/ILI9486.o
 .text.LCD_InitReg
                0x08000c84      0x212 ./Core/Src/ILI9486.o
 *fill*         0x08000e96        0x2 
 .text.LCD_SetGramScanWay
                0x08000e98      0x104 ./Core/Src/ILI9486.o
                0x08000e98                LCD_SetGramScanWay
 .text.LCD_Init
                0x08000f9c       0x52 ./Core/Src/ILI9486.o
                0x08000f9c                LCD_Init
 .text.LCD_SetWindow
                0x08000fee       0xa0 ./Core/Src/ILI9486.o
                0x08000fee                LCD_SetWindow
 .text.LCD_SetCursor
                0x0800108e       0x24 ./Core/Src/ILI9486.o
                0x0800108e                LCD_SetCursor
 .text.LCD_SetColor
                0x080010b2       0x2c ./Core/Src/ILI9486.o
                0x080010b2                LCD_SetColor
 *fill*         0x080010de        0x2 
 .text.LCD_SetPointlColor
                0x080010e0       0x4c ./Core/Src/ILI9486.o
                0x080010e0                LCD_SetPointlColor
 .text.LCD_SetArealColor
                0x0800112c       0x5a ./Core/Src/ILI9486.o
                0x0800112c                LCD_SetArealColor
 *fill*         0x08001186        0x2 
 .text.LCD_Clear
                0x08001188       0x2c ./Core/Src/ILI9486.o
                0x08001188                LCD_Clear
 .text.GUI_Swop
                0x080011b4       0x28 ./Core/Src/ILI9486.o
                0x080011b4                GUI_Swop
 .text.GUI_Clear
                0x080011dc       0x1a ./Core/Src/ILI9486.o
                0x080011dc                GUI_Clear
 *fill*         0x080011f6        0x2 
 .text.GUI_DrawPoint
                0x080011f8      0x10c ./Core/Src/ILI9486.o
                0x080011f8                GUI_DrawPoint
 .text.GUI_DrawLine
                0x08001304      0x180 ./Core/Src/ILI9486.o
                0x08001304                GUI_DrawLine
 .text.GUI_DrawRectangle
                0x08001484      0x108 ./Core/Src/ILI9486.o
                0x08001484                GUI_DrawRectangle
 .text.GUI_DrawCircle
                0x0800158c      0x314 ./Core/Src/ILI9486.o
                0x0800158c                GUI_DrawCircle
 .text.GUI_DisChar
                0x080018a0      0x15c ./Core/Src/ILI9486.o
                0x080018a0                GUI_DisChar
 .text.GUI_DisString_EN
                0x080019fc       0xa4 ./Core/Src/ILI9486.o
                0x080019fc                GUI_DisString_EN
 .text.GUI_DisNum
                0x08001aa0      0x19c ./Core/Src/ILI9486.o
                0x08001aa0                GUI_DisNum
 .text.GUI_Show
                0x08001c3c      0x4c0 ./Core/Src/ILI9486.o
                0x08001c3c                GUI_Show
 .text.main     0x080020fc       0x40 ./Core/Src/main.o
                0x080020fc                main
 .text.SystemClock_Config
                0x0800213c       0xec ./Core/Src/main.o
                0x0800213c                SystemClock_Config
 .text.MX_RTC_Init
                0x08002228       0xb4 ./Core/Src/main.o
 .text.MX_SPI1_Init
                0x080022dc       0x6c ./Core/Src/main.o
 .text.MX_GPIO_Init
                0x08002348       0xd0 ./Core/Src/main.o
 .text.Error_Handler
                0x08002418        0xc ./Core/Src/main.o
                0x08002418                Error_Handler
 .text.HAL_MspInit
                0x08002424       0x50 ./Core/Src/stm32f4xx_hal_msp.o
                0x08002424                HAL_MspInit
 .text.HAL_RTC_MspInit
                0x08002474       0x54 ./Core/Src/stm32f4xx_hal_msp.o
                0x08002474                HAL_RTC_MspInit
 .text.HAL_SPI_MspInit
                0x080024c8       0x90 ./Core/Src/stm32f4xx_hal_msp.o
                0x080024c8                HAL_SPI_MspInit
 .text.NMI_Handler
                0x08002558        0x8 ./Core/Src/stm32f4xx_it.o
                0x08002558                NMI_Handler
 .text.HardFault_Handler
                0x08002560        0x8 ./Core/Src/stm32f4xx_it.o
                0x08002560                HardFault_Handler
 .text.MemManage_Handler
                0x08002568        0x8 ./Core/Src/stm32f4xx_it.o
                0x08002568                MemManage_Handler
 .text.BusFault_Handler
                0x08002570        0x8 ./Core/Src/stm32f4xx_it.o
                0x08002570                BusFault_Handler
 .text.UsageFault_Handler
                0x08002578        0x8 ./Core/Src/stm32f4xx_it.o
                0x08002578                UsageFault_Handler
 .text.SVC_Handler
                0x08002580        0xe ./Core/Src/stm32f4xx_it.o
                0x08002580                SVC_Handler
 .text.DebugMon_Handler
                0x0800258e        0xe ./Core/Src/stm32f4xx_it.o
                0x0800258e                DebugMon_Handler
 .text.PendSV_Handler
                0x0800259c        0xe ./Core/Src/stm32f4xx_it.o
                0x0800259c                PendSV_Handler
 .text.SysTick_Handler
                0x080025aa        0xc ./Core/Src/stm32f4xx_it.o
                0x080025aa                SysTick_Handler
 *fill*         0x080025b6        0x2 
 .text.SystemInit
                0x080025b8       0x24 ./Core/Src/system_stm32f4xx.o
                0x080025b8                SystemInit
 .text.Reset_Handler
                0x080025dc       0x50 ./Core/Startup/startup_stm32f446retx.o
                0x080025dc                Reset_Handler
 .text.Default_Handler
                0x0800262c        0x2 ./Core/Startup/startup_stm32f446retx.o
                0x0800262c                RTC_Alarm_IRQHandler
                0x0800262c                EXTI2_IRQHandler
                0x0800262c                TIM8_CC_IRQHandler
                0x0800262c                FMPI2C1_EV_IRQHandler
                0x0800262c                SPI4_IRQHandler
                0x0800262c                TIM1_CC_IRQHandler
                0x0800262c                DMA2_Stream5_IRQHandler
                0x0800262c                DMA1_Stream5_IRQHandler
                0x0800262c                PVD_IRQHandler
                0x0800262c                SDIO_IRQHandler
                0x0800262c                TAMP_STAMP_IRQHandler
                0x0800262c                CAN2_RX1_IRQHandler
                0x0800262c                EXTI3_IRQHandler
                0x0800262c                TIM8_TRG_COM_TIM14_IRQHandler
                0x0800262c                TIM1_UP_TIM10_IRQHandler
                0x0800262c                TIM8_UP_TIM13_IRQHandler
                0x0800262c                I2C3_ER_IRQHandler
                0x0800262c                EXTI0_IRQHandler
                0x0800262c                I2C2_EV_IRQHandler
                0x0800262c                DMA1_Stream2_IRQHandler
                0x0800262c                CAN1_RX0_IRQHandler
                0x0800262c                FPU_IRQHandler
                0x0800262c                OTG_HS_WKUP_IRQHandler
                0x0800262c                CAN2_SCE_IRQHandler
                0x0800262c                DMA2_Stream2_IRQHandler
                0x0800262c                SPI1_IRQHandler
                0x0800262c                TIM6_DAC_IRQHandler
                0x0800262c                TIM1_BRK_TIM9_IRQHandler
                0x0800262c                DCMI_IRQHandler
                0x0800262c                CAN2_RX0_IRQHandler
                0x0800262c                DMA2_Stream3_IRQHandler
                0x0800262c                SAI2_IRQHandler
                0x0800262c                USART6_IRQHandler
                0x0800262c                USART3_IRQHandler
                0x0800262c                CAN1_RX1_IRQHandler
                0x0800262c                UART5_IRQHandler
                0x0800262c                DMA2_Stream0_IRQHandler
                0x0800262c                TIM4_IRQHandler
                0x0800262c                QUADSPI_IRQHandler
                0x0800262c                I2C1_EV_IRQHandler
                0x0800262c                DMA1_Stream6_IRQHandler
                0x0800262c                DMA1_Stream1_IRQHandler
                0x0800262c                UART4_IRQHandler
                0x0800262c                TIM3_IRQHandler
                0x0800262c                RCC_IRQHandler
                0x0800262c                TIM8_BRK_TIM12_IRQHandler
                0x0800262c                Default_Handler
                0x0800262c                CEC_IRQHandler
                0x0800262c                EXTI15_10_IRQHandler
                0x0800262c                ADC_IRQHandler
                0x0800262c                DMA1_Stream7_IRQHandler
                0x0800262c                TIM7_IRQHandler
                0x0800262c                CAN2_TX_IRQHandler
                0x0800262c                TIM5_IRQHandler
                0x0800262c                DMA2_Stream7_IRQHandler
                0x0800262c                I2C3_EV_IRQHandler
                0x0800262c                EXTI9_5_IRQHandler
                0x0800262c                RTC_WKUP_IRQHandler
                0x0800262c                SPDIF_RX_IRQHandler
                0x0800262c                SPI2_IRQHandler
                0x0800262c                OTG_HS_EP1_IN_IRQHandler
                0x0800262c                DMA1_Stream0_IRQHandler
                0x0800262c                CAN1_TX_IRQHandler
                0x0800262c                FMPI2C1_ER_IRQHandler
                0x0800262c                EXTI4_IRQHandler
                0x0800262c                OTG_HS_EP1_OUT_IRQHandler
                0x0800262c                WWDG_IRQHandler
                0x0800262c                TIM2_IRQHandler
                0x0800262c                OTG_FS_WKUP_IRQHandler
                0x0800262c                TIM1_TRG_COM_TIM11_IRQHandler
                0x0800262c                OTG_HS_IRQHandler
                0x0800262c                EXTI1_IRQHandler
                0x0800262c                USART2_IRQHandler
                0x0800262c                I2C2_ER_IRQHandler
                0x0800262c                DMA2_Stream1_IRQHandler
                0x0800262c                CAN1_SCE_IRQHandler
                0x0800262c                FLASH_IRQHandler
                0x0800262c                DMA2_Stream4_IRQHandler
                0x0800262c                USART1_IRQHandler
                0x0800262c                OTG_FS_IRQHandler
                0x0800262c                SPI3_IRQHandler
                0x0800262c                DMA1_Stream4_IRQHandler
                0x0800262c                I2C1_ER_IRQHandler
                0x0800262c                FMC_IRQHandler
                0x0800262c                DMA2_Stream6_IRQHandler
                0x0800262c                SAI1_IRQHandler
                0x0800262c                DMA1_Stream3_IRQHandler
 *fill*         0x0800262e        0x2 
 .text.HAL_Init
                0x08002630       0x44 ./Drivers/STM32F4xx_HAL_Driver/Src/stm32f4xx_hal.o
                0x08002630                HAL_Init
 .text.HAL_InitTick
                0x08002674       0x60 ./Drivers/STM32F4xx_HAL_Driver/Src/stm32f4xx_hal.o
                0x08002674                HAL_InitTick
 .text.HAL_IncTick
                0x080026d4       0x28 ./Drivers/STM32F4xx_HAL_Driver/Src/stm32f4xx_hal.o
                0x080026d4                HAL_IncTick
 .text.HAL_GetTick
                0x080026fc       0x18 ./Drivers/STM32F4xx_HAL_Driver/Src/stm32f4xx_hal.o
                0x080026fc                HAL_GetTick
 .text.HAL_Delay
                0x08002714       0x48 ./Drivers/STM32F4xx_HAL_Driver/Src/stm32f4xx_hal.o
                0x08002714                HAL_Delay
 .text.__NVIC_SetPriorityGrouping
                0x0800275c       0x48 ./Drivers/STM32F4xx_HAL_Driver/Src/stm32f4xx_hal_cortex.o
 .text.__NVIC_GetPriorityGrouping
                0x080027a4       0x1c ./Drivers/STM32F4xx_HAL_Driver/Src/stm32f4xx_hal_cortex.o
 .text.__NVIC_SetPriority
                0x080027c0       0x54 ./Drivers/STM32F4xx_HAL_Driver/Src/stm32f4xx_hal_cortex.o
 .text.NVIC_EncodePriority
                0x08002814       0x66 ./Drivers/STM32F4xx_HAL_Driver/Src/stm32f4xx_hal_cortex.o
 *fill*         0x0800287a        0x2 
 .text.SysTick_Config
                0x0800287c       0x44 ./Drivers/STM32F4xx_HAL_Driver/Src/stm32f4xx_hal_cortex.o
 .text.HAL_NVIC_SetPriorityGrouping
                0x080028c0       0x16 ./Drivers/STM32F4xx_HAL_Driver/Src/stm32f4xx_hal_cortex.o
                0x080028c0                HAL_NVIC_SetPriorityGrouping
 .text.HAL_NVIC_SetPriority
                0x080028d6       0x38 ./Drivers/STM32F4xx_HAL_Driver/Src/stm32f4xx_hal_cortex.o
                0x080028d6                HAL_NVIC_SetPriority
 .text.HAL_SYSTICK_Config
                0x0800290e       0x18 ./Drivers/STM32F4xx_HAL_Driver/Src/stm32f4xx_hal_cortex.o
                0x0800290e                HAL_SYSTICK_Config
 *fill*         0x08002926        0x2 
 .text.HAL_GPIO_Init
                0x08002928      0x328 ./Drivers/STM32F4xx_HAL_Driver/Src/stm32f4xx_hal_gpio.o
                0x08002928                HAL_GPIO_Init
 .text.HAL_GPIO_WritePin
                0x08002c50       0x32 ./Drivers/STM32F4xx_HAL_Driver/Src/stm32f4xx_hal_gpio.o
                0x08002c50                HAL_GPIO_WritePin
 *fill*         0x08002c82        0x2 
 .text.HAL_PWREx_EnableOverDrive
                0x08002c84       0xa0 ./Drivers/STM32F4xx_HAL_Driver/Src/stm32f4xx_hal_pwr_ex.o
                0x08002c84                HAL_PWREx_EnableOverDrive
 .text.HAL_RCC_ClockConfig
                0x08002d24      0x1cc ./Drivers/STM32F4xx_HAL_Driver/Src/stm32f4xx_hal_rcc.o
                0x08002d24                HAL_RCC_ClockConfig
 .text.HAL_RCCEx_PeriphCLKConfig
                0x08002ef0      0x654 ./Drivers/STM32F4xx_HAL_Driver/Src/stm32f4xx_hal_rcc_ex.o
                0x08002ef0                HAL_RCCEx_PeriphCLKConfig
 .text.HAL_RCC_GetSysClockFreq
                0x08003544      0x460 ./Drivers/STM32F4xx_HAL_Driver/Src/stm32f4xx_hal_rcc_ex.o
                0x08003544                HAL_RCC_GetSysClockFreq
 .text.HAL_RCC_OscConfig
                0x080039a4      0x53c ./Drivers/STM32F4xx_HAL_Driver/Src/stm32f4xx_hal_rcc_ex.o
                0x080039a4                HAL_RCC_OscConfig
 .text.HAL_RTC_Init
                0x08003ee0      0x106 ./Drivers/STM32F4xx_HAL_Driver/Src/stm32f4xx_hal_rtc.o
                0x08003ee0                HAL_RTC_Init
 .text.HAL_RTC_SetTime
                0x08003fe6      0x134 ./Drivers/STM32F4xx_HAL_Driver/Src/stm32f4xx_hal_rtc.o
                0x08003fe6                HAL_RTC_SetTime
 .text.HAL_RTC_SetDate
                0x0800411a      0x108 ./Drivers/STM32F4xx_HAL_Driver/Src/stm32f4xx_hal_rtc.o
                0x0800411a                HAL_RTC_SetDate
 *fill*         0x08004222        0x2 
 .text.HAL_RTC_WaitForSynchro
                0x08004224       0x4c ./Drivers/STM32F4xx_HAL_Driver/Src/stm32f4xx_hal_rtc.o
                0x08004224                HAL_RTC_WaitForSynchro
 .text.RTC_EnterInitMode
                0x08004270       0x6e ./Drivers/STM32F4xx_HAL_Driver/Src/stm32f4xx_hal_rtc.o
                0x08004270                RTC_EnterInitMode
 .text.RTC_ExitInitMode
                0x080042de       0x4a ./Drivers/STM32F4xx_HAL_Driver/Src/stm32f4xx_hal_rtc.o
                0x080042de                RTC_ExitInitMode
 .text.RTC_ByteToBcd2
                0x08004328       0x3c ./Drivers/STM32F4xx_HAL_Driver/Src/stm32f4xx_hal_rtc.o
                0x08004328                RTC_ByteToBcd2
 .text.HAL_SPI_Init
                0x08004364      0x112 ./Drivers/STM32F4xx_HAL_Driver/Src/stm32f4xx_hal_spi.o
                0x08004364                HAL_SPI_Init
 .text.HAL_SPI_Transmit
                0x08004476      0x286 ./Drivers/STM32F4xx_HAL_Driver/Src/stm32f4xx_hal_spi.o
                0x08004476                HAL_SPI_Transmit
 .text.SPI_WaitFlagStateUntilTimeout
                0x080046fc      0x110 ./Drivers/STM32F4xx_HAL_Driver/Src/stm32f4xx_hal_spi.o
 .text.SPI_EndRxTxTransaction
                0x0800480c       0xa8 ./Drivers/STM32F4xx_HAL_Driver/Src/stm32f4xx_hal_spi.o
 .text.memset   0x080048b4       0x10 C:/ST/STM32CubeIDE_1.15.0/STM32CubeIDE/plugins/com.st.stm32cube.ide.mcu.externaltools.gnu-tools-for-stm32.12.3.rel1.win32_1.0.100.202403111256/tools/bin/../lib/gcc/arm-none-eabi/12.3.1/../../../../arm-none-eabi/lib/thumb/v7e-m+fp/hard\libc_nano.a(libc_a-memset.o)
                0x080048b4                memset
 .text.__libc_init_array
                0x080048c4       0x48 C:/ST/STM32CubeIDE_1.15.0/STM32CubeIDE/plugins/com.st.stm32cube.ide.mcu.externaltools.gnu-tools-for-stm32.12.3.rel1.win32_1.0.100.202403111256/tools/bin/../lib/gcc/arm-none-eabi/12.3.1/../../../../arm-none-eabi/lib/thumb/v7e-m+fp/hard\libc_nano.a(libc_a-init.o)
                0x080048c4                __libc_init_array
 *(.glue_7)
 .glue_7        0x0800490c        0x0 linker stubs
 *(.glue_7t)
 .glue_7t       0x0800490c        0x0 linker stubs
 *(.eh_frame)
 .eh_frame      0x0800490c        0x0 C:/ST/STM32CubeIDE_1.15.0/STM32CubeIDE/plugins/com.st.stm32cube.ide.mcu.externaltools.gnu-tools-for-stm32.12.3.rel1.win32_1.0.100.202403111256/tools/bin/../lib/gcc/arm-none-eabi/12.3.1/thumb/v7e-m+fp/hard/crtbegin.o
 *(.init)
 .init          0x0800490c        0x4 C:/ST/STM32CubeIDE_1.15.0/STM32CubeIDE/plugins/com.st.stm32cube.ide.mcu.externaltools.gnu-tools-for-stm32.12.3.rel1.win32_1.0.100.202403111256/tools/bin/../lib/gcc/arm-none-eabi/12.3.1/thumb/v7e-m+fp/hard/crti.o
                0x0800490c                _init
 .init          0x08004910        0x8 C:/ST/STM32CubeIDE_1.15.0/STM32CubeIDE/plugins/com.st.stm32cube.ide.mcu.externaltools.gnu-tools-for-stm32.12.3.rel1.win32_1.0.100.202403111256/tools/bin/../lib/gcc/arm-none-eabi/12.3.1/thumb/v7e-m+fp/hard/crtn.o
 *(.fini)
 .fini          0x08004918        0x4 C:/ST/STM32CubeIDE_1.15.0/STM32CubeIDE/plugins/com.st.stm32cube.ide.mcu.externaltools.gnu-tools-for-stm32.12.3.rel1.win32_1.0.100.202403111256/tools/bin/../lib/gcc/arm-none-eabi/12.3.1/thumb/v7e-m+fp/hard/crti.o
                0x08004918                _fini
 .fini          0x0800491c        0x8 C:/ST/STM32CubeIDE_1.15.0/STM32CubeIDE/plugins/com.st.stm32cube.ide.mcu.externaltools.gnu-tools-for-stm32.12.3.rel1.win32_1.0.100.202403111256/tools/bin/../lib/gcc/arm-none-eabi/12.3.1/thumb/v7e-m+fp/hard/crtn.o
                0x08004924                        . = ALIGN (0x4)
                0x08004924                        _etext = .

.vfp11_veneer   0x08004924        0x0
 .vfp11_veneer  0x08004924        0x0 linker stubs

.v4_bx          0x08004924        0x0
 .v4_bx         0x08004924        0x0 linker stubs

.iplt           0x08004924        0x0
 .iplt          0x08004924        0x0 C:/ST/STM32CubeIDE_1.15.0/STM32CubeIDE/plugins/com.st.stm32cube.ide.mcu.externaltools.gnu-tools-for-stm32.12.3.rel1.win32_1.0.100.202403111256/tools/bin/../lib/gcc/arm-none-eabi/12.3.1/thumb/v7e-m+fp/hard/crtbegin.o

.rodata         0x08004924     0x35cc
                0x08004924                        . = ALIGN (0x4)
 *(.rodata)
 .rodata        0x08004924       0x49 ./Core/Src/ILI9486.o
 *(.rodata*)
 *fill*         0x0800496d        0x3 
 .rodata.Font16_Table
                0x08004970      0xbe0 ./Core/Src/ILI9486.o
                0x08004970                Font16_Table
 .rodata.Font20_Table
                0x08005550      0xed8 ./Core/Src/ILI9486.o
                0x08005550                Font20_Table
 .rodata.Font24_Table
                0x08006428     0x1ab8 ./Core/Src/ILI9486.o
                0x08006428                Font24_Table
 .rodata.AHBPrescTable
                0x08007ee0       0x10 ./Core/Src/system_stm32f4xx.o
                0x08007ee0                AHBPrescTable
                0x08007ef0                        . = ALIGN (0x4)

.ARM.extab      0x08007ef0        0x0
                0x08007ef0                        . = ALIGN (0x4)
 *(.ARM.extab* .gnu.linkonce.armextab.*)
                0x08007ef0                        . = ALIGN (0x4)

.ARM            0x08007ef0        0x8
                0x08007ef0                        . = ALIGN (0x4)
                0x08007ef0                        __exidx_start = .
 *(.ARM.exidx*)
 .ARM.exidx     0x08007ef0        0x8 C:/ST/STM32CubeIDE_1.15.0/STM32CubeIDE/plugins/com.st.stm32cube.ide.mcu.externaltools.gnu-tools-for-stm32.12.3.rel1.win32_1.0.100.202403111256/tools/bin/../lib/gcc/arm-none-eabi/12.3.1/thumb/v7e-m+fp/hard\libgcc.a(_udivmoddi4.o)
                0x08007ef8                        __exidx_end = .
                0x08007ef8                        . = ALIGN (0x4)

.rel.dyn        0x08007ef8        0x0
 .rel.iplt      0x08007ef8        0x0 C:/ST/STM32CubeIDE_1.15.0/STM32CubeIDE/plugins/com.st.stm32cube.ide.mcu.externaltools.gnu-tools-for-stm32.12.3.rel1.win32_1.0.100.202403111256/tools/bin/../lib/gcc/arm-none-eabi/12.3.1/thumb/v7e-m+fp/hard/crtbegin.o

.preinit_array  0x08007ef8        0x0
                0x08007ef8                        . = ALIGN (0x4)
                0x08007ef8                        PROVIDE (__preinit_array_start = .)
 *(.preinit_array*)
                0x08007ef8                        PROVIDE (__preinit_array_end = .)
                0x08007ef8                        . = ALIGN (0x4)

.init_array     0x08007ef8        0x4
                0x08007ef8                        . = ALIGN (0x4)
                0x08007ef8                        PROVIDE (__init_array_start = .)
 *(SORT_BY_NAME(.init_array.*))
 *(.init_array*)
 .init_array    0x08007ef8        0x4 C:/ST/STM32CubeIDE_1.15.0/STM32CubeIDE/plugins/com.st.stm32cube.ide.mcu.externaltools.gnu-tools-for-stm32.12.3.rel1.win32_1.0.100.202403111256/tools/bin/../lib/gcc/arm-none-eabi/12.3.1/thumb/v7e-m+fp/hard/crtbegin.o
                0x08007efc                        PROVIDE (__init_array_end = .)
                0x08007efc                        . = ALIGN (0x4)

.fini_array     0x08007efc        0x4
                0x08007efc                        . = ALIGN (0x4)
                [!provide]                        PROVIDE (__fini_array_start = .)
 *(SORT_BY_NAME(.fini_array.*))
 *(.fini_array*)
 .fini_array    0x08007efc        0x4 C:/ST/STM32CubeIDE_1.15.0/STM32CubeIDE/plugins/com.st.stm32cube.ide.mcu.externaltools.gnu-tools-for-stm32.12.3.rel1.win32_1.0.100.202403111256/tools/bin/../lib/gcc/arm-none-eabi/12.3.1/thumb/v7e-m+fp/hard/crtbegin.o
                [!provide]                        PROVIDE (__fini_array_end = .)
                0x08007f00                        . = ALIGN (0x4)
                0x08007f00                        _sidata = LOADADDR (.data)

.data           0x20000000       0x24 load address 0x08007f00
                0x20000000                        . = ALIGN (0x4)
                0x20000000                        _sdata = .
 *(.data)
 *(.data*)
 .data.Font16   0x20000000        0x8 ./Core/Src/ILI9486.o
                0x20000000                Font16
 .data.Font20   0x20000008        0x8 ./Core/Src/ILI9486.o
                0x20000008                Font20
 .data.Font24   0x20000010        0x8 ./Core/Src/ILI9486.o
                0x20000010                Font24
 .data.SystemCoreClock
                0x20000018        0x4 ./Core/Src/system_stm32f4xx.o
                0x20000018                SystemCoreClock
 .data.uwTickPrio
                0x2000001c        0x4 ./Drivers/STM32F4xx_HAL_Driver/Src/stm32f4xx_hal.o
                0x2000001c                uwTickPrio
 .data.uwTickFreq
                0x20000020        0x1 ./Drivers/STM32F4xx_HAL_Driver/Src/stm32f4xx_hal.o
                0x20000020                uwTickFreq
 *(.RamFunc)
 *(.RamFunc*)
                0x20000024                        . = ALIGN (0x4)
 *fill*         0x20000021        0x3 
                0x20000024                        _edata = .

.igot.plt       0x20000024        0x0 load address 0x08007f24
 .igot.plt      0x20000024        0x0 C:/ST/STM32CubeIDE_1.15.0/STM32CubeIDE/plugins/com.st.stm32cube.ide.mcu.externaltools.gnu-tools-for-stm32.12.3.rel1.win32_1.0.100.202403111256/tools/bin/../lib/gcc/arm-none-eabi/12.3.1/thumb/v7e-m+fp/hard/crtbegin.o
                0x20000024                        . = ALIGN (0x4)

.bss            0x20000024       0xa4 load address 0x08007f24
                0x20000024                        _sbss = .
                0x20000024                        __bss_start__ = _sbss
 *(.bss)
 .bss           0x20000024       0x1c C:/ST/STM32CubeIDE_1.15.0/STM32CubeIDE/plugins/com.st.stm32cube.ide.mcu.externaltools.gnu-tools-for-stm32.12.3.rel1.win32_1.0.100.202403111256/tools/bin/../lib/gcc/arm-none-eabi/12.3.1/thumb/v7e-m+fp/hard/crtbegin.o
 *(.bss*)
 .bss.sLCD_DIS  0x20000040        0xa ./Core/Src/ILI9486.o
                0x20000040                sLCD_DIS
 *fill*         0x2000004a        0x2 
 .bss.hrtc      0x2000004c       0x20 ./Core/Src/main.o
                0x2000004c                hrtc
 .bss.hspi1     0x2000006c       0x58 ./Core/Src/main.o
                0x2000006c                hspi1
 .bss.uwTick    0x200000c4        0x4 ./Drivers/STM32F4xx_HAL_Driver/Src/stm32f4xx_hal.o
                0x200000c4                uwTick
 *(COMMON)
                0x200000c8                        . = ALIGN (0x4)
                0x200000c8                        _ebss = .
                0x200000c8                        __bss_end__ = _ebss

._user_heap_stack
                0x200000c8      0x600 load address 0x08007f24
                0x200000c8                        . = ALIGN (0x8)
                [!provide]                        PROVIDE (end = .)
                0x200000c8                        PROVIDE (_end = .)
                0x200002c8                        . = (. + _Min_Heap_Size)
 *fill*         0x200000c8      0x200 
                0x200006c8                        . = (. + _Min_Stack_Size)
 *fill*         0x200002c8      0x400 
                0x200006c8                        . = ALIGN (0x8)

/DISCARD/
 libc.a(*)
 libm.a(*)
 libgcc.a(*)

.ARM.attributes
                0x00000000       0x30
 *(.ARM.attributes)
 .ARM.attributes
                0x00000000       0x22 C:/ST/STM32CubeIDE_1.15.0/STM32CubeIDE/plugins/com.st.stm32cube.ide.mcu.externaltools.gnu-tools-for-stm32.12.3.rel1.win32_1.0.100.202403111256/tools/bin/../lib/gcc/arm-none-eabi/12.3.1/thumb/v7e-m+fp/hard/crti.o
 .ARM.attributes
                0x00000022       0x34 C:/ST/STM32CubeIDE_1.15.0/STM32CubeIDE/plugins/com.st.stm32cube.ide.mcu.externaltools.gnu-tools-for-stm32.12.3.rel1.win32_1.0.100.202403111256/tools/bin/../lib/gcc/arm-none-eabi/12.3.1/thumb/v7e-m+fp/hard/crtbegin.o
 .ARM.attributes
                0x00000056       0x34 ./Core/Src/ILI9486.o
 .ARM.attributes
                0x0000008a       0x34 ./Core/Src/main.o
 .ARM.attributes
                0x000000be       0x34 ./Core/Src/stm32f4xx_hal_msp.o
 .ARM.attributes
                0x000000f2       0x34 ./Core/Src/stm32f4xx_it.o
 .ARM.attributes
                0x00000126       0x34 ./Core/Src/system_stm32f4xx.o
 .ARM.attributes
                0x0000015a       0x21 ./Core/Startup/startup_stm32f446retx.o
 .ARM.attributes
                0x0000017b       0x34 ./Drivers/STM32F4xx_HAL_Driver/Src/stm32f4xx_hal.o
 .ARM.attributes
                0x000001af       0x34 ./Drivers/STM32F4xx_HAL_Driver/Src/stm32f4xx_hal_cortex.o
 .ARM.attributes
                0x000001e3       0x34 ./Drivers/STM32F4xx_HAL_Driver/Src/stm32f4xx_hal_gpio.o
 .ARM.attributes
                0x00000217       0x34 ./Drivers/STM32F4xx_HAL_Driver/Src/stm32f4xx_hal_pwr_ex.o
 .ARM.attributes
                0x0000024b       0x34 ./Drivers/STM32F4xx_HAL_Driver/Src/stm32f4xx_hal_rcc.o
 .ARM.attributes
                0x0000027f       0x34 ./Drivers/STM32F4xx_HAL_Driver/Src/stm32f4xx_hal_rcc_ex.o
 .ARM.attributes
                0x000002b3       0x34 ./Drivers/STM32F4xx_HAL_Driver/Src/stm32f4xx_hal_rtc.o
 .ARM.attributes
                0x000002e7       0x34 ./Drivers/STM32F4xx_HAL_Driver/Src/stm32f4xx_hal_spi.o
 .ARM.attributes
                0x0000031b       0x34 C:/ST/STM32CubeIDE_1.15.0/STM32CubeIDE/plugins/com.st.stm32cube.ide.mcu.externaltools.gnu-tools-for-stm32.12.3.rel1.win32_1.0.100.202403111256/tools/bin/../lib/gcc/arm-none-eabi/12.3.1/../../../../arm-none-eabi/lib/thumb/v7e-m+fp/hard\libc_nano.a(libc_a-memset.o)
 .ARM.attributes
                0x0000034f       0x34 C:/ST/STM32CubeIDE_1.15.0/STM32CubeIDE/plugins/com.st.stm32cube.ide.mcu.externaltools.gnu-tools-for-stm32.12.3.rel1.win32_1.0.100.202403111256/tools/bin/../lib/gcc/arm-none-eabi/12.3.1/../../../../arm-none-eabi/lib/thumb/v7e-m+fp/hard\libc_nano.a(libc_a-init.o)
 .ARM.attributes
                0x00000383       0x22 C:/ST/STM32CubeIDE_1.15.0/STM32CubeIDE/plugins/com.st.stm32cube.ide.mcu.externaltools.gnu-tools-for-stm32.12.3.rel1.win32_1.0.100.202403111256/tools/bin/../lib/gcc/arm-none-eabi/12.3.1/thumb/v7e-m+fp/hard\libgcc.a(_arm_muldf3.o)
 .ARM.attributes
                0x000003a5       0x22 C:/ST/STM32CubeIDE_1.15.0/STM32CubeIDE/plugins/com.st.stm32cube.ide.mcu.externaltools.gnu-tools-for-stm32.12.3.rel1.win32_1.0.100.202403111256/tools/bin/../lib/gcc/arm-none-eabi/12.3.1/thumb/v7e-m+fp/hard\libgcc.a(_arm_addsubdf3.o)
 .ARM.attributes
                0x000003c7       0x22 C:/ST/STM32CubeIDE_1.15.0/STM32CubeIDE/plugins/com.st.stm32cube.ide.mcu.externaltools.gnu-tools-for-stm32.12.3.rel1.win32_1.0.100.202403111256/tools/bin/../lib/gcc/arm-none-eabi/12.3.1/thumb/v7e-m+fp/hard\libgcc.a(_arm_fixunsdfsi.o)
 .ARM.attributes
                0x000003e9       0x22 C:/ST/STM32CubeIDE_1.15.0/STM32CubeIDE/plugins/com.st.stm32cube.ide.mcu.externaltools.gnu-tools-for-stm32.12.3.rel1.win32_1.0.100.202403111256/tools/bin/../lib/gcc/arm-none-eabi/12.3.1/thumb/v7e-m+fp/hard\libgcc.a(_aeabi_uldivmod.o)
 .ARM.attributes
                0x0000040b       0x34 C:/ST/STM32CubeIDE_1.15.0/STM32CubeIDE/plugins/com.st.stm32cube.ide.mcu.externaltools.gnu-tools-for-stm32.12.3.rel1.win32_1.0.100.202403111256/tools/bin/../lib/gcc/arm-none-eabi/12.3.1/thumb/v7e-m+fp/hard\libgcc.a(_udivmoddi4.o)
 .ARM.attributes
                0x0000043f       0x22 C:/ST/STM32CubeIDE_1.15.0/STM32CubeIDE/plugins/com.st.stm32cube.ide.mcu.externaltools.gnu-tools-for-stm32.12.3.rel1.win32_1.0.100.202403111256/tools/bin/../lib/gcc/arm-none-eabi/12.3.1/thumb/v7e-m+fp/hard\libgcc.a(_dvmd_tls.o)
 .ARM.attributes
                0x00000461       0x22 C:/ST/STM32CubeIDE_1.15.0/STM32CubeIDE/plugins/com.st.stm32cube.ide.mcu.externaltools.gnu-tools-for-stm32.12.3.rel1.win32_1.0.100.202403111256/tools/bin/../lib/gcc/arm-none-eabi/12.3.1/thumb/v7e-m+fp/hard/crtn.o
OUTPUT(ILI9486 Waveshare SPI STM32F446.elf elf32-littlearm)
LOAD linker stubs
LOAD C:/ST/STM32CubeIDE_1.15.0/STM32CubeIDE/plugins/com.st.stm32cube.ide.mcu.externaltools.gnu-tools-for-stm32.12.3.rel1.win32_1.0.100.202403111256/tools/bin/../lib/gcc/arm-none-eabi/12.3.1/../../../../arm-none-eabi/lib/thumb/v7e-m+fp/hard\libc.a
LOAD C:/ST/STM32CubeIDE_1.15.0/STM32CubeIDE/plugins/com.st.stm32cube.ide.mcu.externaltools.gnu-tools-for-stm32.12.3.rel1.win32_1.0.100.202403111256/tools/bin/../lib/gcc/arm-none-eabi/12.3.1/../../../../arm-none-eabi/lib/thumb/v7e-m+fp/hard\libm.a
LOAD C:/ST/STM32CubeIDE_1.15.0/STM32CubeIDE/plugins/com.st.stm32cube.ide.mcu.externaltools.gnu-tools-for-stm32.12.3.rel1.win32_1.0.100.202403111256/tools/bin/../lib/gcc/arm-none-eabi/12.3.1/thumb/v7e-m+fp/hard\libgcc.a

.debug_info     0x00000000     0x9647
 .debug_info    0x00000000     0x168b ./Core/Src/ILI9486.o
 .debug_info    0x0000168b     0x1113 ./Core/Src/main.o
 .debug_info    0x0000279e      0xecb ./Core/Src/stm32f4xx_hal_msp.o
 .debug_info    0x00003669      0x112 ./Core/Src/stm32f4xx_it.o
 .debug_info    0x0000377b      0x54a ./Core/Src/system_stm32f4xx.o
 .debug_info    0x00003cc5       0x30 ./Core/Startup/startup_stm32f446retx.o
 .debug_info    0x00003cf5      0x99a ./Drivers/STM32F4xx_HAL_Driver/Src/stm32f4xx_hal.o
 .debug_info    0x0000468f      0xd75 ./Drivers/STM32F4xx_HAL_Driver/Src/stm32f4xx_hal_cortex.o
 .debug_info    0x00005404      0x70b ./Drivers/STM32F4xx_HAL_Driver/Src/stm32f4xx_hal_gpio.o
 .debug_info    0x00005b0f      0x6da ./Drivers/STM32F4xx_HAL_Driver/Src/stm32f4xx_hal_pwr_ex.o
 .debug_info    0x000061e9      0x8ed ./Drivers/STM32F4xx_HAL_Driver/Src/stm32f4xx_hal_rcc.o
 .debug_info    0x00006ad6      0x956 ./Drivers/STM32F4xx_HAL_Driver/Src/stm32f4xx_hal_rcc_ex.o
 .debug_info    0x0000742c      0xc20 ./Drivers/STM32F4xx_HAL_Driver/Src/stm32f4xx_hal_rtc.o
 .debug_info    0x0000804c     0x15fb ./Drivers/STM32F4xx_HAL_Driver/Src/stm32f4xx_hal_spi.o

.debug_abbrev   0x00000000     0x1b6c
 .debug_abbrev  0x00000000      0x32a ./Core/Src/ILI9486.o
 .debug_abbrev  0x0000032a      0x280 ./Core/Src/main.o
 .debug_abbrev  0x000005aa      0x200 ./Core/Src/stm32f4xx_hal_msp.o
 .debug_abbrev  0x000007aa       0x73 ./Core/Src/stm32f4xx_it.o
 .debug_abbrev  0x0000081d      0x11a ./Core/Src/system_stm32f4xx.o
 .debug_abbrev  0x00000937       0x24 ./Core/Startup/startup_stm32f446retx.o
 .debug_abbrev  0x0000095b      0x214 ./Drivers/STM32F4xx_HAL_Driver/Src/stm32f4xx_hal.o
 .debug_abbrev  0x00000b6f      0x328 ./Drivers/STM32F4xx_HAL_Driver/Src/stm32f4xx_hal_cortex.o
 .debug_abbrev  0x00000e97      0x1d4 ./Drivers/STM32F4xx_HAL_Driver/Src/stm32f4xx_hal_gpio.o
 .debug_abbrev  0x0000106b      0x1cf ./Drivers/STM32F4xx_HAL_Driver/Src/stm32f4xx_hal_pwr_ex.o
 .debug_abbrev  0x0000123a      0x2b6 ./Drivers/STM32F4xx_HAL_Driver/Src/stm32f4xx_hal_rcc.o
 .debug_abbrev  0x000014f0      0x20a ./Drivers/STM32F4xx_HAL_Driver/Src/stm32f4xx_hal_rcc_ex.o
 .debug_abbrev  0x000016fa      0x1ee ./Drivers/STM32F4xx_HAL_Driver/Src/stm32f4xx_hal_rtc.o
 .debug_abbrev  0x000018e8      0x284 ./Drivers/STM32F4xx_HAL_Driver/Src/stm32f4xx_hal_spi.o

.debug_aranges  0x00000000      0x8c0
 .debug_aranges
                0x00000000      0x108 ./Core/Src/ILI9486.o
 .debug_aranges
                0x00000108       0x48 ./Core/Src/main.o
 .debug_aranges
                0x00000150       0x40 ./Core/Src/stm32f4xx_hal_msp.o
 .debug_aranges
                0x00000190       0x60 ./Core/Src/stm32f4xx_it.o
 .debug_aranges
                0x000001f0       0x28 ./Core/Src/system_stm32f4xx.o
 .debug_aranges
                0x00000218       0x28 ./Core/Startup/startup_stm32f446retx.o
 .debug_aranges
                0x00000240       0xf0 ./Drivers/STM32F4xx_HAL_Driver/Src/stm32f4xx_hal.o
 .debug_aranges
                0x00000330      0x120 ./Drivers/STM32F4xx_HAL_Driver/Src/stm32f4xx_hal_cortex.o
 .debug_aranges
                0x00000450       0x58 ./Drivers/STM32F4xx_HAL_Driver/Src/stm32f4xx_hal_gpio.o
 .debug_aranges
                0x000004a8       0x60 ./Drivers/STM32F4xx_HAL_Driver/Src/stm32f4xx_hal_pwr_ex.o
 .debug_aranges
                0x00000508       0x88 ./Drivers/STM32F4xx_HAL_Driver/Src/stm32f4xx_hal_rcc.o
 .debug_aranges
                0x00000590       0x78 ./Drivers/STM32F4xx_HAL_Driver/Src/stm32f4xx_hal_rcc_ex.o
 .debug_aranges
                0x00000608       0xe8 ./Drivers/STM32F4xx_HAL_Driver/Src/stm32f4xx_hal_rtc.o
 .debug_aranges
                0x000006f0      0x1d0 ./Drivers/STM32F4xx_HAL_Driver/Src/stm32f4xx_hal_spi.o

.debug_rnglists
                0x00000000      0x696
 .debug_rnglists
                0x00000000       0xd0 ./Core/Src/ILI9486.o
 .debug_rnglists
                0x000000d0       0x34 ./Core/Src/main.o
 .debug_rnglists
                0x00000104       0x2c ./Core/Src/stm32f4xx_hal_msp.o
 .debug_rnglists
                0x00000130       0x43 ./Core/Src/stm32f4xx_it.o
 .debug_rnglists
                0x00000173       0x1a ./Core/Src/system_stm32f4xx.o
 .debug_rnglists
                0x0000018d       0x19 ./Core/Startup/startup_stm32f446retx.o
 .debug_rnglists
                0x000001a6       0xaf ./Drivers/STM32F4xx_HAL_Driver/Src/stm32f4xx_hal.o
 .debug_rnglists
                0x00000255       0xd4 ./Drivers/STM32F4xx_HAL_Driver/Src/stm32f4xx_hal_cortex.o
 .debug_rnglists
                0x00000329       0x3f ./Drivers/STM32F4xx_HAL_Driver/Src/stm32f4xx_hal_gpio.o
 .debug_rnglists
                0x00000368       0x47 ./Drivers/STM32F4xx_HAL_Driver/Src/stm32f4xx_hal_pwr_ex.o
 .debug_rnglists
                0x000003af       0x66 ./Drivers/STM32F4xx_HAL_Driver/Src/stm32f4xx_hal_rcc.o
 .debug_rnglists
                0x00000415       0x5e ./Drivers/STM32F4xx_HAL_Driver/Src/stm32f4xx_hal_rcc_ex.o
 .debug_rnglists
                0x00000473       0xb4 ./Drivers/STM32F4xx_HAL_Driver/Src/stm32f4xx_hal_rtc.o
 .debug_rnglists
                0x00000527      0x16f ./Drivers/STM32F4xx_HAL_Driver/Src/stm32f4xx_hal_spi.o

.debug_macro    0x00000000    0x21160
 .debug_macro   0x00000000      0x20f ./Core/Src/ILI9486.o
 .debug_macro   0x0000020f      0xab4 ./Core/Src/ILI9486.o
 .debug_macro   0x00000cc3      0x29b ./Core/Src/ILI9486.o
 .debug_macro   0x00000f5e       0x2e ./Core/Src/ILI9486.o
 .debug_macro   0x00000f8c       0x28 ./Core/Src/ILI9486.o
 .debug_macro   0x00000fb4       0x22 ./Core/Src/ILI9486.o
 .debug_macro   0x00000fd6       0x8e ./Core/Src/ILI9486.o
 .debug_macro   0x00001064       0x51 ./Core/Src/ILI9486.o
 .debug_macro   0x000010b5      0x103 ./Core/Src/ILI9486.o
 .debug_macro   0x000011b8       0x6a ./Core/Src/ILI9486.o
 .debug_macro   0x00001222      0x1df ./Core/Src/ILI9486.o
 .debug_macro   0x00001401       0x1c ./Core/Src/ILI9486.o
 .debug_macro   0x0000141d       0x22 ./Core/Src/ILI9486.o
 .debug_macro   0x0000143f       0xfb ./Core/Src/ILI9486.o
 .debug_macro   0x0000153a     0x1011 ./Core/Src/ILI9486.o
 .debug_macro   0x0000254b      0x11f ./Core/Src/ILI9486.o
 .debug_macro   0x0000266a    0x16749 ./Core/Src/ILI9486.o
 .debug_macro   0x00018db3       0x6d ./Core/Src/ILI9486.o
 .debug_macro   0x00018e20     0x368c ./Core/Src/ILI9486.o
 .debug_macro   0x0001c4ac      0x189 ./Core/Src/ILI9486.o
 .debug_macro   0x0001c635       0x5c ./Core/Src/ILI9486.o
 .debug_macro   0x0001c691      0xca5 ./Core/Src/ILI9486.o
 .debug_macro   0x0001d336      0x9e9 ./Core/Src/ILI9486.o
 .debug_macro   0x0001dd1f      0x115 ./Core/Src/ILI9486.o
 .debug_macro   0x0001de34      0x1a0 ./Core/Src/ILI9486.o
 .debug_macro   0x0001dfd4       0xa5 ./Core/Src/ILI9486.o
 .debug_macro   0x0001e079      0x16d ./Core/Src/ILI9486.o
 .debug_macro   0x0001e1e6      0x287 ./Core/Src/ILI9486.o
 .debug_macro   0x0001e46d       0x5f ./Core/Src/ILI9486.o
 .debug_macro   0x0001e4cc      0x236 ./Core/Src/ILI9486.o
 .debug_macro   0x0001e702      0x132 ./Core/Src/ILI9486.o
 .debug_macro   0x0001e834      0x29c ./Core/Src/ILI9486.o
 .debug_macro   0x0001ead0       0x2e ./Core/Src/ILI9486.o
 .debug_macro   0x0001eafe      0x127 ./Core/Src/ILI9486.o
 .debug_macro   0x0001ec25       0xe8 ./Core/Src/ILI9486.o
 .debug_macro   0x0001ed0d       0x89 ./Core/Src/ILI9486.o
 .debug_macro   0x0001ed96      0x30c ./Core/Src/ILI9486.o
 .debug_macro   0x0001f0a2      0x44b ./Core/Src/ILI9486.o
 .debug_macro   0x0001f4ed       0xeb ./Core/Src/ILI9486.o
 .debug_macro   0x0001f5d8      0x225 ./Core/Src/ILI9486.o
 .debug_macro   0x0001f7fd      0x126 ./Core/Src/ILI9486.o
 .debug_macro   0x0001f923       0x28 ./Core/Src/ILI9486.o
 .debug_macro   0x0001f94b       0x1c ./Core/Src/ILI9486.o
 .debug_macro   0x0001f967      0x116 ./Core/Src/ILI9486.o
 .debug_macro   0x0001fa7d      0x1f8 ./Core/Src/main.o
 .debug_macro   0x0001fc75      0x1e2 ./Core/Src/stm32f4xx_hal_msp.o
 .debug_macro   0x0001fe57      0x1ec ./Core/Src/stm32f4xx_it.o
 .debug_macro   0x00020043      0x1d3 ./Core/Src/system_stm32f4xx.o
 .debug_macro   0x00020216      0x233 ./Drivers/STM32F4xx_HAL_Driver/Src/stm32f4xx_hal.o
 .debug_macro   0x00020449      0x1d3 ./Drivers/STM32F4xx_HAL_Driver/Src/stm32f4xx_hal_cortex.o
 .debug_macro   0x0002061c      0x1d9 ./Drivers/STM32F4xx_HAL_Driver/Src/stm32f4xx_hal_gpio.o
 .debug_macro   0x000207f5      0x1eb ./Drivers/STM32F4xx_HAL_Driver/Src/stm32f4xx_hal_pwr_ex.o
 .debug_macro   0x000209e0      0x1f7 ./Drivers/STM32F4xx_HAL_Driver/Src/stm32f4xx_hal_rcc.o
 .debug_macro   0x00020bd7      0x1d3 ./Drivers/STM32F4xx_HAL_Driver/Src/stm32f4xx_hal_rcc_ex.o
 .debug_macro   0x00020daa      0x1d4 ./Drivers/STM32F4xx_HAL_Driver/Src/stm32f4xx_hal_rtc.o
 .debug_macro   0x00020f7e      0x1e2 ./Drivers/STM32F4xx_HAL_Driver/Src/stm32f4xx_hal_spi.o

.debug_line     0x00000000     0xb127
 .debug_line    0x00000000     0x1357 ./Core/Src/ILI9486.o
 .debug_line    0x00001357      0x8d0 ./Core/Src/main.o
 .debug_line    0x00001c27      0x7e7 ./Core/Src/stm32f4xx_hal_msp.o
 .debug_line    0x0000240e      0x810 ./Core/Src/stm32f4xx_it.o
 .debug_line    0x00002c1e      0x7d2 ./Core/Src/system_stm32f4xx.o
 .debug_line    0x000033f0       0x7a ./Core/Startup/startup_stm32f446retx.o
 .debug_line    0x0000346a      0xa3b ./Drivers/STM32F4xx_HAL_Driver/Src/stm32f4xx_hal.o
 .debug_line    0x00003ea5      0xd03 ./Drivers/STM32F4xx_HAL_Driver/Src/stm32f4xx_hal_cortex.o
 .debug_line    0x00004ba8      0xbb3 ./Drivers/STM32F4xx_HAL_Driver/Src/stm32f4xx_hal_gpio.o
 .debug_line    0x0000575b      0x964 ./Drivers/STM32F4xx_HAL_Driver/Src/stm32f4xx_hal_pwr_ex.o
 .debug_line    0x000060bf      0xdba ./Drivers/STM32F4xx_HAL_Driver/Src/stm32f4xx_hal_rcc.o
 .debug_line    0x00006e79     0x1459 ./Drivers/STM32F4xx_HAL_Driver/Src/stm32f4xx_hal_rcc_ex.o
 .debug_line    0x000082d2     0x111f ./Drivers/STM32F4xx_HAL_Driver/Src/stm32f4xx_hal_rtc.o
 .debug_line    0x000093f1     0x1d36 ./Drivers/STM32F4xx_HAL_Driver/Src/stm32f4xx_hal_spi.o

.debug_str      0x00000000    0xca882
 .debug_str     0x00000000    0xc8216 ./Core/Src/ILI9486.o
                              0xc8561 (size before relaxing)
 .debug_str     0x000c8216      0x59a ./Core/Src/main.o
                              0xc85d0 (size before relaxing)
 .debug_str     0x000c87b0      0x23d ./Core/Src/stm32f4xx_hal_msp.o
                              0xc8051 (size before relaxing)
 .debug_str     0x000c89ed       0xc9 ./Core/Src/stm32f4xx_it.o
                              0xc7687 (size before relaxing)
 .debug_str     0x000c8ab6       0xdb ./Core/Src/system_stm32f4xx.o
                              0xc774d (size before relaxing)
 .debug_str     0x000c8b91       0x44 ./Core/Startup/startup_stm32f446retx.o
                                 0xf9 (size before relaxing)
 .debug_str     0x000c8bd5      0xb07 ./Drivers/STM32F4xx_HAL_Driver/Src/stm32f4xx_hal.o
                              0xc8312 (size before relaxing)
 .debug_str     0x000c96dc      0x352 ./Drivers/STM32F4xx_HAL_Driver/Src/stm32f4xx_hal_cortex.o
                              0xc8037 (size before relaxing)
 .debug_str     0x000c9a2e      0x121 ./Drivers/STM32F4xx_HAL_Driver/Src/stm32f4xx_hal_gpio.o
                              0xc78c8 (size before relaxing)
 .debug_str     0x000c9b4f      0x135 ./Drivers/STM32F4xx_HAL_Driver/Src/stm32f4xx_hal_pwr_ex.o
                              0xc7925 (size before relaxing)
 .debug_str     0x000c9c84      0x233 ./Drivers/STM32F4xx_HAL_Driver/Src/stm32f4xx_hal_rcc.o
                              0xc7b86 (size before relaxing)
 .debug_str     0x000c9eb7      0x195 ./Drivers/STM32F4xx_HAL_Driver/Src/stm32f4xx_hal_rcc_ex.o
                              0xc7bb9 (size before relaxing)
 .debug_str     0x000ca04c      0x2a5 ./Drivers/STM32F4xx_HAL_Driver/Src/stm32f4xx_hal_rtc.o
                              0xc7b97 (size before relaxing)
 .debug_str     0x000ca2f1      0x591 ./Drivers/STM32F4xx_HAL_Driver/Src/stm32f4xx_hal_spi.o
                              0xc7fec (size before relaxing)

.comment        0x00000000       0x43
 .comment       0x00000000       0x43 ./Core/Src/ILI9486.o
                                 0x44 (size before relaxing)
 .comment       0x00000043       0x44 ./Core/Src/main.o
 .comment       0x00000043       0x44 ./Core/Src/stm32f4xx_hal_msp.o
 .comment       0x00000043       0x44 ./Core/Src/stm32f4xx_it.o
 .comment       0x00000043       0x44 ./Core/Src/system_stm32f4xx.o
 .comment       0x00000043       0x44 ./Drivers/STM32F4xx_HAL_Driver/Src/stm32f4xx_hal.o
 .comment       0x00000043       0x44 ./Drivers/STM32F4xx_HAL_Driver/Src/stm32f4xx_hal_cortex.o
 .comment       0x00000043       0x44 ./Drivers/STM32F4xx_HAL_Driver/Src/stm32f4xx_hal_gpio.o
 .comment       0x00000043       0x44 ./Drivers/STM32F4xx_HAL_Driver/Src/stm32f4xx_hal_pwr_ex.o
 .comment       0x00000043       0x44 ./Drivers/STM32F4xx_HAL_Driver/Src/stm32f4xx_hal_rcc.o
 .comment       0x00000043       0x44 ./Drivers/STM32F4xx_HAL_Driver/Src/stm32f4xx_hal_rcc_ex.o
 .comment       0x00000043       0x44 ./Drivers/STM32F4xx_HAL_Driver/Src/stm32f4xx_hal_rtc.o
 .comment       0x00000043       0x44 ./Drivers/STM32F4xx_HAL_Driver/Src/stm32f4xx_hal_spi.o

.debug_frame    0x00000000     0x23e0
 .debug_frame   0x00000000      0x484 ./Core/Src/ILI9486.o
 .debug_frame   0x00000484       0xd0 ./Core/Src/main.o
 .debug_frame   0x00000554       0xc8 ./Core/Src/stm32f4xx_hal_msp.o
 .debug_frame   0x0000061c      0x104 ./Core/Src/stm32f4xx_it.o
 .debug_frame   0x00000720       0x58 ./Core/Src/system_stm32f4xx.o
 .debug_frame   0x00000778      0x374 ./Drivers/STM32F4xx_HAL_Driver/Src/stm32f4xx_hal.o
 .debug_frame   0x00000aec      0x4b8 ./Drivers/STM32F4xx_HAL_Driver/Src/stm32f4xx_hal_cortex.o
 .debug_frame   0x00000fa4      0x14c ./Drivers/STM32F4xx_HAL_Driver/Src/stm32f4xx_hal_gpio.o
 .debug_frame   0x000010f0      0x14c ./Drivers/STM32F4xx_HAL_Driver/Src/stm32f4xx_hal_pwr_ex.o
 .debug_frame   0x0000123c      0x1f4 ./Drivers/STM32F4xx_HAL_Driver/Src/stm32f4xx_hal_rcc.o
 .debug_frame   0x00001430      0x1e8 ./Drivers/STM32F4xx_HAL_Driver/Src/stm32f4xx_hal_rcc_ex.o
 .debug_frame   0x00001618      0x3f4 ./Drivers/STM32F4xx_HAL_Driver/Src/stm32f4xx_hal_rtc.o
 .debug_frame   0x00001a0c      0x828 ./Drivers/STM32F4xx_HAL_Driver/Src/stm32f4xx_hal_spi.o
 .debug_frame   0x00002234       0x20 C:/ST/STM32CubeIDE_1.15.0/STM32CubeIDE/plugins/com.st.stm32cube.ide.mcu.externaltools.gnu-tools-for-stm32.12.3.rel1.win32_1.0.100.202403111256/tools/bin/../lib/gcc/arm-none-eabi/12.3.1/../../../../arm-none-eabi/lib/thumb/v7e-m+fp/hard\libc_nano.a(libc_a-memset.o)
 .debug_frame   0x00002254       0x2c C:/ST/STM32CubeIDE_1.15.0/STM32CubeIDE/plugins/com.st.stm32cube.ide.mcu.externaltools.gnu-tools-for-stm32.12.3.rel1.win32_1.0.100.202403111256/tools/bin/../lib/gcc/arm-none-eabi/12.3.1/../../../../arm-none-eabi/lib/thumb/v7e-m+fp/hard\libc_nano.a(libc_a-init.o)
 .debug_frame   0x00002280       0x30 C:/ST/STM32CubeIDE_1.15.0/STM32CubeIDE/plugins/com.st.stm32cube.ide.mcu.externaltools.gnu-tools-for-stm32.12.3.rel1.win32_1.0.100.202403111256/tools/bin/../lib/gcc/arm-none-eabi/12.3.1/thumb/v7e-m+fp/hard\libgcc.a(_arm_muldf3.o)
 .debug_frame   0x000022b0       0xac C:/ST/STM32CubeIDE_1.15.0/STM32CubeIDE/plugins/com.st.stm32cube.ide.mcu.externaltools.gnu-tools-for-stm32.12.3.rel1.win32_1.0.100.202403111256/tools/bin/../lib/gcc/arm-none-eabi/12.3.1/thumb/v7e-m+fp/hard\libgcc.a(_arm_addsubdf3.o)
 .debug_frame   0x0000235c       0x24 C:/ST/STM32CubeIDE_1.15.0/STM32CubeIDE/plugins/com.st.stm32cube.ide.mcu.externaltools.gnu-tools-for-stm32.12.3.rel1.win32_1.0.100.202403111256/tools/bin/../lib/gcc/arm-none-eabi/12.3.1/thumb/v7e-m+fp/hard\libgcc.a(_arm_fixunsdfsi.o)
 .debug_frame   0x00002380       0x2c C:/ST/STM32CubeIDE_1.15.0/STM32CubeIDE/plugins/com.st.stm32cube.ide.mcu.externaltools.gnu-tools-for-stm32.12.3.rel1.win32_1.0.100.202403111256/tools/bin/../lib/gcc/arm-none-eabi/12.3.1/thumb/v7e-m+fp/hard\libgcc.a(_aeabi_uldivmod.o)
 .debug_frame   0x000023ac       0x34 C:/ST/STM32CubeIDE_1.15.0/STM32CubeIDE/plugins/com.st.stm32cube.ide.mcu.externaltools.gnu-tools-for-stm32.12.3.rel1.win32_1.0.100.202403111256/tools/bin/../lib/gcc/arm-none-eabi/12.3.1/thumb/v7e-m+fp/hard\libgcc.a(_udivmoddi4.o)

.debug_line_str
                0x00000000       0xdd
 .debug_line_str
                0x00000000       0xdd ./Core/Startup/startup_stm32f446retx.o
