Archive member included to satisfy reference by file (symbol)

C:/ST/STM32CubeIDE_1.15.0/STM32CubeIDE/plugins/com.st.stm32cube.ide.mcu.externaltools.gnu-tools-for-stm32.12.3.rel1.win32_1.0.100.202403111256/tools/bin/../lib/gcc/arm-none-eabi/12.3.1/../../../../arm-none-eabi/lib/thumb/v7e-m+dp/hard\libc_nano.a(libc_a-exit.o)
                              C:/ST/STM32CubeIDE_1.15.0/STM32CubeIDE/plugins/com.st.stm32cube.ide.mcu.externaltools.gnu-tools-for-stm32.12.3.rel1.win32_1.0.100.202403111256/tools/bin/../lib/gcc/arm-none-eabi/12.3.1/../../../../arm-none-eabi/lib/thumb/v7e-m+dp/hard/crt0.o (exit)
C:/ST/STM32CubeIDE_1.15.0/STM32CubeIDE/plugins/com.st.stm32cube.ide.mcu.externaltools.gnu-tools-for-stm32.12.3.rel1.win32_1.0.100.202403111256/tools/bin/../lib/gcc/arm-none-eabi/12.3.1/../../../../arm-none-eabi/lib/thumb/v7e-m+dp/hard\libc_nano.a(libc_a-findfp.o)
                              C:/ST/STM32CubeIDE_1.15.0/STM32CubeIDE/plugins/com.st.stm32cube.ide.mcu.externaltools.gnu-tools-for-stm32.12.3.rel1.win32_1.0.100.202403111256/tools/bin/../lib/gcc/arm-none-eabi/12.3.1/../../../../arm-none-eabi/lib/thumb/v7e-m+dp/hard\libc_nano.a(libc_a-exit.o) (__stdio_exit_handler)
C:/ST/STM32CubeIDE_1.15.0/STM32CubeIDE/plugins/com.st.stm32cube.ide.mcu.externaltools.gnu-tools-for-stm32.12.3.rel1.win32_1.0.100.202403111256/tools/bin/../lib/gcc/arm-none-eabi/12.3.1/../../../../arm-none-eabi/lib/thumb/v7e-m+dp/hard\libc_nano.a(libc_a-fwalk.o)
                              C:/ST/STM32CubeIDE_1.15.0/STM32CubeIDE/plugins/com.st.stm32cube.ide.mcu.externaltools.gnu-tools-for-stm32.12.3.rel1.win32_1.0.100.202403111256/tools/bin/../lib/gcc/arm-none-eabi/12.3.1/../../../../arm-none-eabi/lib/thumb/v7e-m+dp/hard\libc_nano.a(libc_a-findfp.o) (_fwalk_sglue)
C:/ST/STM32CubeIDE_1.15.0/STM32CubeIDE/plugins/com.st.stm32cube.ide.mcu.externaltools.gnu-tools-for-stm32.12.3.rel1.win32_1.0.100.202403111256/tools/bin/../lib/gcc/arm-none-eabi/12.3.1/../../../../arm-none-eabi/lib/thumb/v7e-m+dp/hard\libc_nano.a(libc_a-stdio.o)
                              C:/ST/STM32CubeIDE_1.15.0/STM32CubeIDE/plugins/com.st.stm32cube.ide.mcu.externaltools.gnu-tools-for-stm32.12.3.rel1.win32_1.0.100.202403111256/tools/bin/../lib/gcc/arm-none-eabi/12.3.1/../../../../arm-none-eabi/lib/thumb/v7e-m+dp/hard\libc_nano.a(libc_a-findfp.o) (__sread)
C:/ST/STM32CubeIDE_1.15.0/STM32CubeIDE/plugins/com.st.stm32cube.ide.mcu.externaltools.gnu-tools-for-stm32.12.3.rel1.win32_1.0.100.202403111256/tools/bin/../lib/gcc/arm-none-eabi/12.3.1/../../../../arm-none-eabi/lib/thumb/v7e-m+dp/hard\libc_nano.a(libc_a-memset.o)
                              C:/ST/STM32CubeIDE_1.15.0/STM32CubeIDE/plugins/com.st.stm32cube.ide.mcu.externaltools.gnu-tools-for-stm32.12.3.rel1.win32_1.0.100.202403111256/tools/bin/../lib/gcc/arm-none-eabi/12.3.1/../../../../arm-none-eabi/lib/thumb/v7e-m+dp/hard/crt0.o (memset)
C:/ST/STM32CubeIDE_1.15.0/STM32CubeIDE/plugins/com.st.stm32cube.ide.mcu.externaltools.gnu-tools-for-stm32.12.3.rel1.win32_1.0.100.202403111256/tools/bin/../lib/gcc/arm-none-eabi/12.3.1/../../../../arm-none-eabi/lib/thumb/v7e-m+dp/hard\libc_nano.a(libc_a-closer.o)
                              C:/ST/STM32CubeIDE_1.15.0/STM32CubeIDE/plugins/com.st.stm32cube.ide.mcu.externaltools.gnu-tools-for-stm32.12.3.rel1.win32_1.0.100.202403111256/tools/bin/../lib/gcc/arm-none-eabi/12.3.1/../../../../arm-none-eabi/lib/thumb/v7e-m+dp/hard\libc_nano.a(libc_a-stdio.o) (_close_r)
C:/ST/STM32CubeIDE_1.15.0/STM32CubeIDE/plugins/com.st.stm32cube.ide.mcu.externaltools.gnu-tools-for-stm32.12.3.rel1.win32_1.0.100.202403111256/tools/bin/../lib/gcc/arm-none-eabi/12.3.1/../../../../arm-none-eabi/lib/thumb/v7e-m+dp/hard\libc_nano.a(libc_a-reent.o)
                              C:/ST/STM32CubeIDE_1.15.0/STM32CubeIDE/plugins/com.st.stm32cube.ide.mcu.externaltools.gnu-tools-for-stm32.12.3.rel1.win32_1.0.100.202403111256/tools/bin/../lib/gcc/arm-none-eabi/12.3.1/../../../../arm-none-eabi/lib/thumb/v7e-m+dp/hard\libc_nano.a(libc_a-closer.o) (errno)
C:/ST/STM32CubeIDE_1.15.0/STM32CubeIDE/plugins/com.st.stm32cube.ide.mcu.externaltools.gnu-tools-for-stm32.12.3.rel1.win32_1.0.100.202403111256/tools/bin/../lib/gcc/arm-none-eabi/12.3.1/../../../../arm-none-eabi/lib/thumb/v7e-m+dp/hard\libc_nano.a(libc_a-impure.o)
                              C:/ST/STM32CubeIDE_1.15.0/STM32CubeIDE/plugins/com.st.stm32cube.ide.mcu.externaltools.gnu-tools-for-stm32.12.3.rel1.win32_1.0.100.202403111256/tools/bin/../lib/gcc/arm-none-eabi/12.3.1/../../../../arm-none-eabi/lib/thumb/v7e-m+dp/hard\libc_nano.a(libc_a-reent.o) (_impure_ptr)
C:/ST/STM32CubeIDE_1.15.0/STM32CubeIDE/plugins/com.st.stm32cube.ide.mcu.externaltools.gnu-tools-for-stm32.12.3.rel1.win32_1.0.100.202403111256/tools/bin/../lib/gcc/arm-none-eabi/12.3.1/../../../../arm-none-eabi/lib/thumb/v7e-m+dp/hard\libc_nano.a(libc_a-lseekr.o)
[...]
Memory Configuration

Name             Origin             Length             Attributes
ITCMRAM          0x00000000         0x00010000         xrw
FLASH            0x08000000         0x00200000         xr
DTCMRAM1         0x20000000         0x00010000         xrw
DTCMRAM2         0x20010000         0x00010000         xrw
RAM              0x24000000         0x00100000         xrw
RAM_CD           0x30000000         0x00020000         xrw
RAM_SRD          0x38000000         0x00008000         xrw
*default*        0x00000000         0xffffffff

Linker script and memory map

LOAD C:/ST/STM32CubeIDE_1.15.0/STM32CubeIDE/plugins/com.st.stm32cube.ide.mcu.externaltools.gnu-tools-for-stm32.12.3.rel1.win32_1.0.100.202403111256/tools/bin/../lib/gcc/arm-none-eabi/12.3.1/thumb/v7e-m+dp/hard/crti.o
LOAD C:/ST/STM32CubeIDE_1.15.0/STM32CubeIDE/plugins/com.st.stm32cube.ide.mcu.externaltools.gnu-tools-for-stm32.12.3.rel1.win32_1.0.100.202403111256/tools/bin/../lib/gcc/arm-none-eabi/12.3.1/thumb/v7e-m+dp/hard/crtbegin.o
LOAD C:/ST/STM32CubeIDE_1.15.0/STM32CubeIDE/plugins/com.st.stm32cube.ide.mcu.externaltools.gnu-tools-for-stm32.12.3.rel1.win32_1.0.100.202403111256/tools/bin/../lib/gcc/arm-none-eabi/12.3.1/../../../../arm-none-eabi/lib/thumb/v7e-m+dp/hard/crt0.o
LOAD ./Core/Src/ILI9486.o
LOAD ./Core/Src/main.o
LOAD ./Core/Src/stm32h7xx_hal_msp.o
LOAD ./Core/Src/stm32h7xx_it.o
LOAD ./Core/Src/syscalls.o
LOAD ./Core/Src/sysmem.o
LOAD ./Core/Src/system_stm32h7xx.o
LOAD ./Core/Startup/startup_stm32h7a3zitxq.o
LOAD ./Drivers/STM32H7xx_HAL_Driver/Src/stm32h7xx_hal.o
LOAD ./Drivers/STM32H7xx_HAL_Driver/Src/stm32h7xx_hal_cortex.o
LOAD ./Drivers/STM32H7xx_HAL_Driver/Src/stm32h7xx_hal_dma.o
LOAD ./Drivers/STM32H7xx_HAL_Driver/Src/stm32h7xx_hal_dma_ex.o
LOAD ./Drivers/STM32H7xx_HAL_Driver/Src/stm32h7xx_hal_exti.o
LOAD ./Drivers/STM32H7xx_HAL_Driver/Src/stm32h7xx_hal_flash.o
LOAD ./Drivers/STM32H7xx_HAL_Driver/Src/stm32h7xx_hal_flash_ex.o
LOAD ./Drivers/STM32H7xx_HAL_Driver/Src/stm32h7xx_hal_gpio.o
LOAD ./Drivers/STM32H7xx_HAL_Driver/Src/stm32h7xx_hal_hsem.o
LOAD ./Drivers/STM32H7xx_HAL_Driver/Src/stm32h7xx_hal_i2c.o
LOAD ./Drivers/STM32H7xx_HAL_Driver/Src/stm32h7xx_hal_i2c_ex.o
LOAD ./Drivers/STM32H7xx_HAL_Driver/Src/stm32h7xx_hal_mdma.o
LOAD ./Drivers/STM32H7xx_HAL_Driver/Src/stm32h7xx_hal_pwr.o
LOAD ./Drivers/STM32H7xx_HAL_Driver/Src/stm32h7xx_hal_pwr_ex.o
LOAD ./Drivers/STM32H7xx_HAL_Driver/Src/stm32h7xx_hal_rcc.o
LOAD ./Drivers/STM32H7xx_HAL_Driver/Src/stm32h7xx_hal_rcc_ex.o
LOAD ./Drivers/STM32H7xx_HAL_Driver/Src/stm32h7xx_hal_rtc.o
LOAD ./Drivers/STM32H7xx_HAL_Driver/Src/stm32h7xx_hal_rtc_ex.o
LOAD ./Drivers/STM32H7xx_HAL_Driver/Src/stm32h7xx_hal_spi.o
LOAD ./Drivers/STM32H7xx_HAL_Driver/Src/stm32h7xx_hal_spi_ex.o
LOAD ./Drivers/STM32H7xx_HAL_Driver/Src/stm32h7xx_hal_tim.o
LOAD ./Drivers/STM32H7xx_HAL_Driver/Src/stm32h7xx_hal_tim_ex.o
LOAD ./Drivers/STM32H7xx_HAL_Driver/Src/stm32h7xx_hal_uart.o
LOAD ./Drivers/STM32H7xx_HAL_Driver/Src/stm32h7xx_hal_uart_ex.o
START GROUP
LOAD C:/ST/STM32CubeIDE_1.15.0/STM32CubeIDE/plugins/com.st.stm32cube.ide.mcu.externaltools.gnu-tools-for-stm32.12.3.rel1.win32_1.0.100.202403111256/tools/bin/../lib/gcc/arm-none-eabi/12.3.1/../../../../arm-none-eabi/lib/thumb/v7e-m+dp/hard\libc_nano.a
LOAD C:/ST/STM32CubeIDE_1.15.0/STM32CubeIDE/plugins/com.st.stm32cube.ide.mcu.externaltools.gnu-tools-for-stm32.12.3.rel1.win32_1.0.100.202403111256/tools/bin/../lib/gcc/arm-none-eabi/12.3.1/../../../../arm-none-eabi/lib/thumb/v7e-m+dp/hard\libm.a
END GROUP
START GROUP
LOAD C:/ST/STM32CubeIDE_1.15.0/STM32CubeIDE/plugins/com.st.stm32cube.ide.mcu.externaltools.gnu-tools-for-stm32.12.3.rel1.win32_1.0.100.202403111256/tools/bin/../lib/gcc/arm-none-eabi/12.3.1/thumb/v7e-m+dp/hard\libgcc.a
LOAD C:/ST/STM32CubeIDE_1.15.0/STM32CubeIDE/plugins/com.st.stm32cube.ide.mcu.externaltools.gnu-tools-for-stm32.12.3.rel1.win32_1.0.100.202403111256/tools/bin/../lib/gcc/arm-none-eabi/12.3.1/../../../../arm-none-eabi/lib/thumb/v7e-m+dp/hard\libc_nano.a
END GROUP
START GROUP
LOAD C:/ST/STM32CubeIDE_1.15.0/STM32CubeIDE/plugins/com.st.stm32cube.ide.mcu.externaltools.gnu-tools-for-stm32.12.3.rel1.win32_1.0.100.202403111256/tools/bin/../lib/gcc/arm-none-eabi/12.3.1/thumb/v7e-m+dp/hard\libgcc.a
LOAD C:/ST/STM32CubeIDE_1.15.0/STM32CubeIDE/plugins/com.st.stm32cube.ide.mcu.externaltools.gnu-tools-for-stm32.12.3.rel1.win32_1.0.100.202403111256/tools/bin/../lib/gcc/arm-none-eabi/12.3.1/../../../../arm-none-eabi/lib/thumb/v7e-m+dp/hard\libc_nano.a
LOAD C:/ST/STM32CubeIDE_1.15.0/STM32CubeIDE/plugins/com.st.stm32cube.ide.mcu.externaltools.gnu-tools-for-stm32.12.3.rel1.win32_1.0.100.202403111256/tools/bin/../lib/gcc/arm-none-eabi/12.3.1/../../../../arm-none-eabi/lib/thumb/v7e-m+dp/hard\libnosys.a
END GROUP
START GROUP
LOAD C:/ST/STM32CubeIDE_1.15.0/STM32CubeIDE/plugins/com.st.stm32cube.ide.mcu.externaltools.gnu-tools-for-stm32.12.3.rel1.win32_1.0.100.202403111256/tools/bin/../lib/gcc/arm-none-eabi/12.3.1/thumb/v7e-m+dp/hard\libgcc.a
LOAD C:/ST/STM32CubeIDE_1.15.0/STM32CubeIDE/plugins/com.st.stm32cube.ide.mcu.externaltools.gnu-tools-for-stm32.12.3.rel1.win32_1.0.100.202403111256/tools/bin/../lib/gcc/arm-none-eabi/12.3.1/../../../../arm-none-eabi/lib/thumb/v7e-m+dp/hard\libc_nano.a
LOAD C:/ST/STM32CubeIDE_1.15.0/STM32CubeIDE/plugins/com.st.stm32cube.ide.mcu.externaltools.gnu-tools-for-stm32.12.3.rel1.win32_1.0.100.202403111256/tools/bin/../lib/gcc/arm-none-eabi/12.3.1/../../../../arm-none-eabi/lib/thumb/v7e-m+dp/hard\libnosys.a
END GROUP
LOAD C:/ST/STM32CubeIDE_1.15.0/STM32CubeIDE/plugins/com.st.stm32cube.ide.mcu.externaltools.gnu-tools-for-stm32.12.3.rel1.win32_1.0.100.202403111256/tools/bin/../lib/gcc/arm-none-eabi/12.3.1/thumb/v7e-m+dp/hard/crtend.o
LOAD C:/ST/STM32CubeIDE_1.15.0/STM32CubeIDE/plugins/com.st.stm32cube.ide.mcu.externaltools.gnu-tools-for-stm32.12.3.rel1.win32_1.0.100.202403111256/tools/bin/../lib/gcc/arm-none-eabi/12.3.1/thumb/v7e-m+dp/hard/crtn.o
                0x24100000                        _estack = (ORIGIN (RAM) + LENGTH (RAM))
                0x00000200                        _Min_Heap_Size = 0x200
                0x00000400                        _Min_Stack_Size = 0x400

.isr_vector     0x08000000      0x2ac
                0x08000000                        . = ALIGN (0x4)
 *(.isr_vector)
 .isr_vector    0x08000000      0x2ac ./Core/Startup/startup_stm32h7a3zitxq.o
                0x08000000                g_pfnVectors
                0x080002ac                        . = ALIGN (0x4)

.text           0x080002ac     0x7650
                0x080002ac                        . = ALIGN (0x4)
 *(.text)
 .text          0x080002ac       0x40 C:/ST/STM32CubeIDE_1.15.0/STM32CubeIDE/plugins/com.st.stm32cube.ide.mcu.externaltools.gnu-tools-for-stm32.12.3.rel1.win32_1.0.100.202403111256/tools/bin/../lib/gcc/arm-none-eabi/12.3.1/thumb/v7e-m+dp/hard/crtbegin.o
 .text          0x080002ec       0x30 C:/ST/STM32CubeIDE_1.15.0/STM32CubeIDE/plugins/com.st.stm32cube.ide.mcu.externaltools.gnu-tools-for-stm32.12.3.rel1.win32_1.0.100.202403111256/tools/bin/../lib/gcc/arm-none-eabi/12.3.1/thumb/v7e-m+dp/hard\libgcc.a(_aeabi_uldivmod.o)
                0x080002ec                __aeabi_uldivmod
 .text          0x0800031c      0x2bc C:/ST/STM32CubeIDE_1.15.0/STM32CubeIDE/plugins/com.st.stm32cube.ide.mcu.externaltools.gnu-tools-for-stm32.12.3.rel1.win32_1.0.100.202403111256/tools/bin/../lib/gcc/arm-none-eabi/12.3.1/thumb/v7e-m+dp/hard\libgcc.a(_udivmoddi4.o)
                0x0800031c                __udivmoddi4
 .text          0x080005d8        0x4 C:/ST/STM32CubeIDE_1.15.0/STM32CubeIDE/plugins/com.st.stm32cube.ide.mcu.externaltools.gnu-tools-for-stm32.12.3.rel1.win32_1.0.100.202403111256/tools/bin/../lib/gcc/arm-none-eabi/12.3.1/thumb/v7e-m+dp/hard\libgcc.a(_dvmd_tls.o)
                0x080005d8                __aeabi_idiv0
                0x080005d8                __aeabi_ldiv0
 *(.text*)
 .text.Driver_Delay_ms
                0x080005dc       0x16 ./Core/Src/ILI9486.o
                0x080005dc                Driver_Delay_ms
 *fill*         0x080005f2        0x2 
 .text.LCD_Reset
                0x080005f4       0x48 ./Core/Src/ILI9486.o
 .text.LCD_SetBackLight
                0x0800063c       0x16 ./Core/Src/ILI9486.o
 *fill*         0x08000652        0x2 
 .text.LCD_WriteReg
                0x08000654       0x50 ./Core/Src/ILI9486.o
                0x08000654                LCD_WriteReg
 .text.LCD_WriteData
                0x080006a4       0x50 ./Core/Src/ILI9486.o
                0x080006a4                LCD_WriteData
 .text.LCD_Write_AllData
                0x080006f4       0x78 ./Core/Src/ILI9486.o
 .text.LCD_InitReg
                0x0800076c      0x212 ./Core/Src/ILI9486.o
 *fill*         0x0800097e        0x2 
 .text.LCD_SetGramScanWay
                0x08000980      0x104 ./Core/Src/ILI9486.o
                0x08000980                LCD_SetGramScanWay
 .text.LCD_Init
                0x08000a84       0x52 ./Core/Src/ILI9486.o
                0x08000a84                LCD_Init
 .text.LCD_SetWindow
                0x08000ad6       0xa0 ./Core/Src/ILI9486.o
                0x08000ad6                LCD_SetWindow
 .text.LCD_SetCursor
                0x08000b76       0x24 ./Core/Src/ILI9486.o
                0x08000b76                LCD_SetCursor
 .text.LCD_SetColor
                0x08000b9a       0x2c ./Core/Src/ILI9486.o
                0x08000b9a                LCD_SetColor
 *fill*         0x08000bc6        0x2 
 .text.LCD_SetPointlColor
                0x08000bc8       0x4c ./Core/Src/ILI9486.o
                0x08000bc8                LCD_SetPointlColor
 .text.LCD_SetArealColor
                0x08000c14       0x5a ./Core/Src/ILI9486.o
                0x08000c14                LCD_SetArealColor
 *fill*         0x08000c6e        0x2 
 .text.LCD_Clear
                0x08000c70       0x2c ./Core/Src/ILI9486.o
                0x08000c70                LCD_Clear
 .text.GUI_Swop
                0x08000c9c       0x28 ./Core/Src/ILI9486.o
                0x08000c9c                GUI_Swop
 .text.GUI_Clear
                0x08000cc4       0x1a ./Core/Src/ILI9486.o
                0x08000cc4                GUI_Clear
 *fill*         0x08000cde        0x2 
 .text.GUI_DrawPoint
                0x08000ce0      0x10c ./Core/Src/ILI9486.o
                0x08000ce0                GUI_DrawPoint
 .text.GUI_DrawLine
                0x08000dec      0x180 ./Core/Src/ILI9486.o
                0x08000dec                GUI_DrawLine
 .text.GUI_DrawRectangle
                0x08000f6c      0x108 ./Core/Src/ILI9486.o
                0x08000f6c                GUI_DrawRectangle
 .text.GUI_DrawCircle
                0x08001074      0x314 ./Core/Src/ILI9486.o
                0x08001074                GUI_DrawCircle
 .text.GUI_DisChar
                0x08001388      0x15c ./Core/Src/ILI9486.o
                0x08001388                GUI_DisChar
 .text.GUI_DisString_EN
                0x080014e4       0xa4 ./Core/Src/ILI9486.o
                0x080014e4                GUI_DisString_EN
 .text.GUI_DisNum
                0x08001588      0x19c ./Core/Src/ILI9486.o
                0x08001588                GUI_DisNum
 .text.GUI_Show
                0x08001724      0x4a0 ./Core/Src/ILI9486.o
                0x08001724                GUI_Show
 .text.main     0x08001bc4       0x48 ./Core/Src/main.o
                0x08001bc4                main
 .text.SystemClock_Config
                0x08001c0c       0xf0 ./Core/Src/main.o
                0x08001c0c                SystemClock_Config
 .text.MX_RTC_Init
                0x08001cfc       0xbc ./Core/Src/main.o
 .text.MX_SPI1_Init
                0x08001db8       0xac ./Core/Src/main.o
 .text.MX_USART3_UART_Init
                0x08001e64       0x98 ./Core/Src/main.o
 .text.MX_USB_OTG_HS_USB_Init
                0x08001efc        0xe ./Core/Src/main.o
 *fill*         0x08001f0a        0x2 
 .text.MX_GPIO_Init
                0x08001f0c      0x25c ./Core/Src/main.o
 .text.Error_Handler
                0x08002168        0xc ./Core/Src/main.o
                0x08002168                Error_Handler
 .text.HAL_MspInit
                0x08002174       0x34 ./Core/Src/stm32h7xx_hal_msp.o
                0x08002174                HAL_MspInit
 .text.HAL_RTC_MspInit
                0x080021a8       0x64 ./Core/Src/stm32h7xx_hal_msp.o
                0x080021a8                HAL_RTC_MspInit
 .text.HAL_SPI_MspInit
                0x0800220c       0xd0 ./Core/Src/stm32h7xx_hal_msp.o
                0x0800220c                HAL_SPI_MspInit
 .text.HAL_UART_MspInit
                0x080022dc       0xd4 ./Core/Src/stm32h7xx_hal_msp.o
                0x080022dc                HAL_UART_MspInit
 .text.NMI_Handler
                0x080023b0        0x8 ./Core/Src/stm32h7xx_it.o
                0x080023b0                NMI_Handler
 .text.HardFault_Handler
                0x080023b8        0x8 ./Core/Src/stm32h7xx_it.o
                0x080023b8                HardFault_Handler
 .text.MemManage_Handler
                0x080023c0        0x8 ./Core/Src/stm32h7xx_it.o
                0x080023c0                MemManage_Handler
 .text.BusFault_Handler
                0x080023c8        0x8 ./Core/Src/stm32h7xx_it.o
                0x080023c8                BusFault_Handler
 .text.UsageFault_Handler
                0x080023d0        0x8 ./Core/Src/stm32h7xx_it.o
                0x080023d0                UsageFault_Handler
 .text.SVC_Handler
                0x080023d8        0xe ./Core/Src/stm32h7xx_it.o
                0x080023d8                SVC_Handler
 .text.DebugMon_Handler
                0x080023e6        0xe ./Core/Src/stm32h7xx_it.o
                0x080023e6                DebugMon_Handler
 .text.PendSV_Handler
                0x080023f4        0xe ./Core/Src/stm32h7xx_it.o
                0x080023f4                PendSV_Handler
 .text.SysTick_Handler
                0x08002402        0xc ./Core/Src/stm32h7xx_it.o
                0x08002402                SysTick_Handler
 *fill*         0x0800240e        0x2 
 .text.SystemInit
                0x08002410       0xf0 ./Core/Src/system_stm32h7xx.o
                0x08002410                SystemInit
 .text.Reset_Handler
                0x08002500       0x50 ./Core/Startup/startup_stm32h7a3zitxq.o
                0x08002500                Reset_Handler
 .text.Default_Handler
                0x08002550        0x2 ./Core/Startup/startup_stm32h7a3zitxq.o
                0x08002550                RTC_Alarm_IRQHandler
                0x08002550                EXTI2_IRQHandler
                0x08002550                TIM8_CC_IRQHandler
                0x08002550                UART8_IRQHandler
                0x08002550                BDMA2_Channel1_IRQHandler
                0x08002550                SPI4_IRQHandler
                0x08002550                BDMA2_Channel0_IRQHandler
                0x08002550                TIM1_CC_IRQHandler
                0x08002550                DMA2_Stream5_IRQHandler
                0x08002550                JPEG_IRQHandler
                0x08002550                DMA1_Stream5_IRQHandler
                0x08002550                EXTI3_IRQHandler
                0x08002550                LPTIM4_IRQHandler
                0x08002550                TIM8_TRG_COM_TIM14_IRQHandler
                0x08002550                LPTIM2_IRQHandler
                0x08002550                DFSDM1_FLT1_IRQHandler
                0x08002550                DMAMUX2_OVR_IRQHandler
                0x08002550                GFXMMU_IRQHandler
                0x08002550                TIM8_UP_TIM13_IRQHandler
                0x08002550                I2C3_ER_IRQHandler
                0x08002550                DFSDM1_FLT2_IRQHandler
                0x08002550                USART10_IRQHandler
                0x08002550                MDMA_IRQHandler
                0x08002550                LPTIM3_IRQHandler
                0x08002550                BDMA2_Channel3_IRQHandler
                0x08002550                HSEM1_IRQHandler
                0x08002550                EXTI0_IRQHandler
                0x08002550                I2C2_EV_IRQHandler
                0x08002550                DAC2_IRQHandler
                0x08002550                DMA1_Stream2_IRQHandler
                0x08002550                FPU_IRQHandler
                0x08002550                OTG_HS_WKUP_IRQHandler
                0x08002550                FDCAN1_IT1_IRQHandler
                0x08002550                LTDC_ER_IRQHandler
                0x08002550                DMA2_Stream2_IRQHandler
                0x08002550                SPI1_IRQHandler
                0x08002550                OCTOSPI1_IRQHandler
                0x08002550                TIM6_DAC_IRQHandler
                0x08002550                BDMA2_Channel6_IRQHandler
                0x08002550                DMA2_Stream3_IRQHandler
                0x08002550                OCTOSPI2_IRQHandler
                0x08002550                SAI2_IRQHandler
                0x08002550                BDMA1_IRQHandler
                0x08002550                DFSDM1_FLT3_IRQHandler
                0x08002550                USART6_IRQHandler
                0x08002550                TIM17_IRQHandler
                0x08002550                USART3_IRQHandler
                0x08002550                LPTIM5_IRQHandler
                0x08002550                UART5_IRQHandler
                0x08002550                DMA2_Stream0_IRQHandler
                0x08002550                TIM4_IRQHandler
                0x08002550                I2C1_EV_IRQHandler
                0x08002550                DMA1_Stream6_IRQHandler
                0x08002550                DMAMUX1_OVR_IRQHandler
                0x08002550                DMA1_Stream1_IRQHandler
                0x08002550                TIM16_IRQHandler
                0x08002550                UART4_IRQHandler
                0x08002550                TIM3_IRQHandler
                0x08002550                RCC_IRQHandler
                0x08002550                UART9_IRQHandler
                0x08002550                TIM8_BRK_TIM12_IRQHandler
                0x08002550                TIM1_TRG_COM_IRQHandler
                0x08002550                Default_Handler
                0x08002550                ECC_IRQHandler
                0x08002550                BDMA2_Channel2_IRQHandler
                0x08002550                CEC_IRQHandler
                0x08002550                EXTI15_10_IRQHandler
                0x08002550                DFSDM1_FLT4_IRQHandler
                0x08002550                ADC_IRQHandler
                0x08002550                DMA1_Stream7_IRQHandler
                0x08002550                SPI5_IRQHandler
                0x08002550                TIM7_IRQHandler
                0x08002550                SDMMC1_IRQHandler
                0x08002550                TIM5_IRQHandler
                0x08002550                DMA2_Stream7_IRQHandler
                0x08002550                TIM15_IRQHandler
                0x08002550                I2C3_EV_IRQHandler
                0x08002550                DFSDM2_IRQHandler
                0x08002550                EXTI9_5_IRQHandler
                0x08002550                RTC_WKUP_IRQHandler
                0x08002550                LTDC_IRQHandler
                0x08002550                SPDIF_RX_IRQHandler
                0x08002550                PVD_PVM_IRQHandler
                0x08002550                SPI2_IRQHandler
                0x08002550                OTG_HS_EP1_IN_IRQHandler
                0x08002550                DFSDM1_FLT5_IRQHandler
                0x08002550                DMA1_Stream0_IRQHandler
                0x08002550                CRS_IRQHandler
                0x08002550                EXTI4_IRQHandler
                0x08002550                DFSDM1_FLT6_IRQHandler
                0x08002550                RNG_IRQHandler
                0x08002550                FDCAN2_IT1_IRQHandler
                0x08002550                COMP_IRQHandler
                0x08002550                TIM1_UP_IRQHandler
                0x08002550                OTG_HS_EP1_OUT_IRQHandler
                0x08002550                WWDG_IRQHandler
                0x08002550                SPI6_IRQHandler
                0x08002550                MDIOS_IRQHandler
                0x08002550                I2C4_EV_IRQHandler
                0x08002550                FDCAN2_IT0_IRQHandler
                0x08002550                LPUART1_IRQHandler
                0x08002550                FDCAN1_IT0_IRQHandler
                0x08002550                TIM2_IRQHandler
                0x08002550                BDMA2_Channel5_IRQHandler
                0x08002550                OTG_HS_IRQHandler
                0x08002550                DMA2D_IRQHandler
                0x08002550                TIM1_BRK_IRQHandler
                0x08002550                EXTI1_IRQHandler
                0x08002550                SDMMC2_IRQHandler
                0x08002550                DTS_IRQHandler
                0x08002550                UART7_IRQHandler
                0x08002550                MDIOS_WKUP_IRQHandler
                0x08002550                USART2_IRQHandler
                0x08002550                DFSDM1_FLT0_IRQHandler
                0x08002550                I2C2_ER_IRQHandler
                0x08002550                DMA2_Stream1_IRQHandler
                0x08002550                DFSDM1_FLT7_IRQHandler
                0x08002550                FLASH_IRQHandler
                0x08002550                DMA2_Stream4_IRQHandler
                0x08002550                USART1_IRQHandler
                0x08002550                SPI3_IRQHandler
                0x08002550                WAKEUP_PIN_IRQHandler
                0x08002550                DMA1_Stream4_IRQHandler
                0x08002550                I2C1_ER_IRQHandler
                0x08002550                FMC_IRQHandler
                0x08002550                BDMA2_Channel7_IRQHandler
                0x08002550                FDCAN_CAL_IRQHandler
                0x08002550                SWPMI1_IRQHandler
                0x08002550                LPTIM1_IRQHandler
                0x08002550                DCMI_PSSI_IRQHandler
                0x08002550                I2C4_ER_IRQHandler
                0x08002550                DMA2_Stream6_IRQHandler
                0x08002550                SAI1_IRQHandler
                0x08002550                DMA1_Stream3_IRQHandler
                0x08002550                RTC_TAMP_STAMP_CSS_LSE_IRQHandler
                0x08002550                BDMA2_Channel4_IRQHandler
 *fill*         0x08002552        0x2 
 .text.HAL_Init
                0x08002554       0x78 ./Drivers/STM32H7xx_HAL_Driver/Src/stm32h7xx_hal.o
                0x08002554                HAL_Init
 .text.HAL_InitTick
                0x080025cc       0x6c ./Drivers/STM32H7xx_HAL_Driver/Src/stm32h7xx_hal.o
                0x080025cc                HAL_InitTick
 .text.HAL_IncTick
                0x08002638       0x28 ./Drivers/STM32H7xx_HAL_Driver/Src/stm32h7xx_hal.o
                0x08002638                HAL_IncTick
 .text.HAL_GetTick
                0x08002660       0x18 ./Drivers/STM32H7xx_HAL_Driver/Src/stm32h7xx_hal.o
                0x08002660                HAL_GetTick
 .text.HAL_Delay
                0x08002678       0x48 ./Drivers/STM32H7xx_HAL_Driver/Src/stm32h7xx_hal.o
                0x08002678                HAL_Delay
 .text.__NVIC_SetPriorityGrouping
                0x080026c0       0x48 ./Drivers/STM32H7xx_HAL_Driver/Src/stm32h7xx_hal_cortex.o
 .text.__NVIC_GetPriorityGrouping
                0x08002708       0x1c ./Drivers/STM32H7xx_HAL_Driver/Src/stm32h7xx_hal_cortex.o
 .text.__NVIC_SetPriority
                0x08002724       0x54 ./Drivers/STM32H7xx_HAL_Driver/Src/stm32h7xx_hal_cortex.o
 .text.NVIC_EncodePriority
                0x08002778       0x66 ./Drivers/STM32H7xx_HAL_Driver/Src/stm32h7xx_hal_cortex.o
 *fill*         0x080027de        0x2 
 .text.SysTick_Config
                0x080027e0       0x44 ./Drivers/STM32H7xx_HAL_Driver/Src/stm32h7xx_hal_cortex.o
 .text.HAL_NVIC_SetPriorityGrouping
                0x08002824       0x16 ./Drivers/STM32H7xx_HAL_Driver/Src/stm32h7xx_hal_cortex.o
                0x08002824                HAL_NVIC_SetPriorityGrouping
 .text.HAL_NVIC_SetPriority
                0x0800283a       0x34 ./Drivers/STM32H7xx_HAL_Driver/Src/stm32h7xx_hal_cortex.o
                0x0800283a                HAL_NVIC_SetPriority
 .text.HAL_SYSTICK_Config
                0x0800286e       0x18 ./Drivers/STM32H7xx_HAL_Driver/Src/stm32h7xx_hal_cortex.o
                0x0800286e                HAL_SYSTICK_Config
 *fill*         0x08002886        0x2 
 .text.HAL_GPIO_Init
                0x08002888      0x360 ./Drivers/STM32H7xx_HAL_Driver/Src/stm32h7xx_hal_gpio.o
                0x08002888                HAL_GPIO_Init
 .text.HAL_GPIO_WritePin
                0x08002be8       0x32 ./Drivers/STM32H7xx_HAL_Driver/Src/stm32h7xx_hal_gpio.o
                0x08002be8                HAL_GPIO_WritePin
 *fill*         0x08002c1a        0x2 
 .text.HAL_PWREx_ConfigSupply
                0x08002c1c       0xb4 ./Drivers/STM32H7xx_HAL_Driver/Src/stm32h7xx_hal_pwr_ex.o
                0x08002c1c                HAL_PWREx_ConfigSupply
 .text.HAL_RCC_OscConfig
                0x08002cd0      0x864 ./Drivers/STM32H7xx_HAL_Driver/Src/stm32h7xx_hal_rcc.o
                0x08002cd0                HAL_RCC_OscConfig
 .text.HAL_RCC_ClockConfig
                0x08003534      0x36c ./Drivers/STM32H7xx_HAL_Driver/Src/stm32h7xx_hal_rcc.o
                0x08003534                HAL_RCC_ClockConfig
 .text.HAL_RCC_GetSysClockFreq
                0x080038a0      0x2f4 ./Drivers/STM32H7xx_HAL_Driver/Src/stm32h7xx_hal_rcc.o
                0x080038a0                HAL_RCC_GetSysClockFreq
 .text.HAL_RCC_GetHCLKFreq
                0x08003b94       0x60 ./Drivers/STM32H7xx_HAL_Driver/Src/stm32h7xx_hal_rcc.o
                0x08003b94                HAL_RCC_GetHCLKFreq
 .text.HAL_RCC_GetPCLK1Freq
                0x08003bf4       0x2c ./Drivers/STM32H7xx_HAL_Driver/Src/stm32h7xx_hal_rcc.o
                0x08003bf4                HAL_RCC_GetPCLK1Freq
 .text.HAL_RCC_GetPCLK2Freq
                0x08003c20       0x2c ./Drivers/STM32H7xx_HAL_Driver/Src/stm32h7xx_hal_rcc.o
                0x08003c20                HAL_RCC_GetPCLK2Freq
 .text.HAL_RCCEx_PeriphCLKConfig
                0x08003c4c     0x137c ./Drivers/STM32H7xx_HAL_Driver/Src/stm32h7xx_hal_rcc_ex.o
                0x08003c4c                HAL_RCCEx_PeriphCLKConfig
 .text.HAL_RCCEx_GetD3PCLK1Freq
                0x08004fc8       0x2c ./Drivers/STM32H7xx_HAL_Driver/Src/stm32h7xx_hal_rcc_ex.o
                0x08004fc8                HAL_RCCEx_GetD3PCLK1Freq
 .text.HAL_RCCEx_GetPLL2ClockFreq
                0x08004ff4      0x2a8 ./Drivers/STM32H7xx_HAL_Driver/Src/stm32h7xx_hal_rcc_ex.o
                0x08004ff4                HAL_RCCEx_GetPLL2ClockFreq
 .text.HAL_RCCEx_GetPLL3ClockFreq
                0x0800529c      0x2a8 ./Drivers/STM32H7xx_HAL_Driver/Src/stm32h7xx_hal_rcc_ex.o
                0x0800529c                HAL_RCCEx_GetPLL3ClockFreq
 .text.RCCEx_PLL2_Config
                0x08005544      0x164 ./Drivers/STM32H7xx_HAL_Driver/Src/stm32h7xx_hal_rcc_ex.o
 .text.RCCEx_PLL3_Config
                0x080056a8      0x164 ./Drivers/STM32H7xx_HAL_Driver/Src/stm32h7xx_hal_rcc_ex.o
 .text.HAL_RTC_Init
                0x0800580c      0x10c ./Drivers/STM32H7xx_HAL_Driver/Src/stm32h7xx_hal_rtc.o
                0x0800580c                HAL_RTC_Init
 .text.HAL_RTC_SetTime
                0x08005918      0x13c ./Drivers/STM32H7xx_HAL_Driver/Src/stm32h7xx_hal_rtc.o
                0x08005918                HAL_RTC_SetTime
 .text.HAL_RTC_SetDate
                0x08005a54      0x110 ./Drivers/STM32H7xx_HAL_Driver/Src/stm32h7xx_hal_rtc.o
                0x08005a54                HAL_RTC_SetDate
 .text.HAL_RTC_WaitForSynchro
                0x08005b64       0x48 ./Drivers/STM32H7xx_HAL_Driver/Src/stm32h7xx_hal_rtc.o
                0x08005b64                HAL_RTC_WaitForSynchro
 .text.RTC_EnterInitMode
                0x08005bac       0x6c ./Drivers/STM32H7xx_HAL_Driver/Src/stm32h7xx_hal_rtc.o
                0x08005bac                RTC_EnterInitMode
 .text.RTC_ExitInitMode
                0x08005c18       0x7c ./Drivers/STM32H7xx_HAL_Driver/Src/stm32h7xx_hal_rtc.o
                0x08005c18                RTC_ExitInitMode
 .text.RTC_ByteToBcd2
                0x08005c94       0x40 ./Drivers/STM32H7xx_HAL_Driver/Src/stm32h7xx_hal_rtc.o
                0x08005c94                RTC_ByteToBcd2
 .text.HAL_SPI_Init
                0x08005cd4      0x248 ./Drivers/STM32H7xx_HAL_Driver/Src/stm32h7xx_hal_spi.o
                0x08005cd4                HAL_SPI_Init
 .text.HAL_SPI_Transmit
                0x08005f1c      0x3dc ./Drivers/STM32H7xx_HAL_Driver/Src/stm32h7xx_hal_spi.o
                0x08005f1c                HAL_SPI_Transmit
 .text.SPI_CloseTransfer
                0x080062f8      0x140 ./Drivers/STM32H7xx_HAL_Driver/Src/stm32h7xx_hal_spi.o
 .text.SPI_WaitOnFlagUntilTimeout
                0x08006438       0x5c ./Drivers/STM32H7xx_HAL_Driver/Src/stm32h7xx_hal_spi.o
 .text.SPI_GetPacketSize
                0x08006494       0x36 ./Drivers/STM32H7xx_HAL_Driver/Src/stm32h7xx_hal_spi.o
 .text.HAL_UART_Init
                0x080064ca       0xa0 ./Drivers/STM32H7xx_HAL_Driver/Src/stm32h7xx_hal_uart.o
                0x080064ca                HAL_UART_Init
 *fill*         0x0800656a        0x2 
 .text.UART_SetConfig
                0x0800656c      0xcd8 ./Drivers/STM32H7xx_HAL_Driver/Src/stm32h7xx_hal_uart.o
                0x0800656c                UART_SetConfig
 .text.UART_AdvFeatureConfig
                0x08007244      0x144 ./Drivers/STM32H7xx_HAL_Driver/Src/stm32h7xx_hal_uart.o
                0x08007244                UART_AdvFeatureConfig
 .text.UART_CheckIdleState
                0x08007388      0x154 ./Drivers/STM32H7xx_HAL_Driver/Src/stm32h7xx_hal_uart.o
                0x08007388                UART_CheckIdleState
 .text.UART_WaitOnFlagUntilTimeout
                0x080074dc       0xda ./Drivers/STM32H7xx_HAL_Driver/Src/stm32h7xx_hal_uart.o
                0x080074dc                UART_WaitOnFlagUntilTimeout
 *fill*         0x080075b6        0x2 
 .text.UART_EndRxTransfer
                0x080075b8       0xcc ./Drivers/STM32H7xx_HAL_Driver/Src/stm32h7xx_hal_uart.o
 .text.HAL_UARTEx_DisableFifoMode
                0x08007684       0x72 ./Drivers/STM32H7xx_HAL_Driver/Src/stm32h7xx_hal_uart_ex.o
                0x08007684                HAL_UARTEx_DisableFifoMode
 .text.HAL_UARTEx_SetTxFifoThreshold
                0x080076f6       0x7c ./Drivers/STM32H7xx_HAL_Driver/Src/stm32h7xx_hal_uart_ex.o
                0x080076f6                HAL_UARTEx_SetTxFifoThreshold
 .text.HAL_UARTEx_SetRxFifoThreshold
                0x08007772       0x7c ./Drivers/STM32H7xx_HAL_Driver/Src/stm32h7xx_hal_uart_ex.o
                0x08007772                HAL_UARTEx_SetRxFifoThreshold
 *fill*         0x080077ee        0x2 
 .text.UARTEx_SetNbDataToProcess
                0x080077f0       0x9c ./Drivers/STM32H7xx_HAL_Driver/Src/stm32h7xx_hal_uart_ex.o
 .text.memset   0x0800788c       0x10 C:/ST/STM32CubeIDE_1.15.0/STM32CubeIDE/plugins/com.st.stm32cube.ide.mcu.externaltools.gnu-tools-for-stm32.12.3.rel1.win32_1.0.100.202403111256/tools/bin/../lib/gcc/arm-none-eabi/12.3.1/../../../../arm-none-eabi/lib/thumb/v7e-m+dp/hard\libc_nano.a(libc_a-memset.o)
                0x0800788c                memset
 .text.__libc_init_array
                0x0800789c       0x48 C:/ST/STM32CubeIDE_1.15.0/STM32CubeIDE/plugins/com.st.stm32cube.ide.mcu.externaltools.gnu-tools-for-stm32.12.3.rel1.win32_1.0.100.202403111256/tools/bin/../lib/gcc/arm-none-eabi/12.3.1/../../../../arm-none-eabi/lib/thumb/v7e-m+dp/hard\libc_nano.a(libc_a-init.o)
                0x0800789c                __libc_init_array
 *(.glue_7)
 .glue_7        0x080078e4        0x0 linker stubs
 *(.glue_7t)
 .glue_7t       0x080078e4        0x0 linker stubs
 *(.eh_frame)
 .eh_frame      0x080078e4        0x0 C:/ST/STM32CubeIDE_1.15.0/STM32CubeIDE/plugins/com.st.stm32cube.ide.mcu.externaltools.gnu-tools-for-stm32.12.3.rel1.win32_1.0.100.202403111256/tools/bin/../lib/gcc/arm-none-eabi/12.3.1/thumb/v7e-m+dp/hard/crtbegin.o
 *(.init)
 .init          0x080078e4        0x4 C:/ST/STM32CubeIDE_1.15.0/STM32CubeIDE/plugins/com.st.stm32cube.ide.mcu.externaltools.gnu-tools-for-stm32.12.3.rel1.win32_1.0.100.202403111256/tools/bin/../lib/gcc/arm-none-eabi/12.3.1/thumb/v7e-m+dp/hard/crti.o
                0x080078e4                _init
 .init          0x080078e8        0x8 C:/ST/STM32CubeIDE_1.15.0/STM32CubeIDE/plugins/com.st.stm32cube.ide.mcu.externaltools.gnu-tools-for-stm32.12.3.rel1.win32_1.0.100.202403111256/tools/bin/../lib/gcc/arm-none-eabi/12.3.1/thumb/v7e-m+dp/hard/crtn.o
 *(.fini)
 .fini          0x080078f0        0x4 C:/ST/STM32CubeIDE_1.15.0/STM32CubeIDE/plugins/com.st.stm32cube.ide.mcu.externaltools.gnu-tools-for-stm32.12.3.rel1.win32_1.0.100.202403111256/tools/bin/../lib/gcc/arm-none-eabi/12.3.1/thumb/v7e-m+dp/hard/crti.o
                0x080078f0                _fini
 .fini          0x080078f4        0x8 C:/ST/STM32CubeIDE_1.15.0/STM32CubeIDE/plugins/com.st.stm32cube.ide.mcu.externaltools.gnu-tools-for-stm32.12.3.rel1.win32_1.0.100.202403111256/tools/bin/../lib/gcc/arm-none-eabi/12.3.1/thumb/v7e-m+dp/hard/crtn.o
                0x080078fc                        . = ALIGN (0x4)
                0x080078fc                        _etext = .

.vfp11_veneer   0x080078fc        0x0
 .vfp11_veneer  0x080078fc        0x0 linker stubs

.v4_bx          0x080078fc        0x0
 .v4_bx         0x080078fc        0x0 linker stubs

.iplt           0x080078fc        0x0
 .iplt          0x080078fc        0x0 C:/ST/STM32CubeIDE_1.15.0/STM32CubeIDE/plugins/com.st.stm32cube.ide.mcu.externaltools.gnu-tools-for-stm32.12.3.rel1.win32_1.0.100.202403111256/tools/bin/../lib/gcc/arm-none-eabi/12.3.1/thumb/v7e-m+dp/hard/crtbegin.o

.rodata         0x080078fc     0x35f4
                0x080078fc                        . = ALIGN (0x4)
 *(.rodata)
 .rodata        0x080078fc       0x49 ./Core/Src/ILI9486.o
 *(.rodata*)
 *fill*         0x08007945        0x3 
 .rodata.Font16_Table
                0x08007948      0xbe0 ./Core/Src/ILI9486.o
                0x08007948                Font16_Table
 .rodata.Font20_Table
                0x08008528      0xed8 ./Core/Src/ILI9486.o
                0x08008528                Font20_Table
 .rodata.Font24_Table
                0x08009400     0x1ab8 ./Core/Src/ILI9486.o
                0x08009400                Font24_Table
 .rodata.D1CorePrescTable
                0x0800aeb8       0x10 ./Core/Src/system_stm32h7xx.o
                0x0800aeb8                D1CorePrescTable
 .rodata.UARTPrescTable
                0x0800aec8       0x18 ./Drivers/STM32H7xx_HAL_Driver/Src/stm32h7xx_hal_uart.o
                0x0800aec8                UARTPrescTable
 .rodata.numerator.1
                0x0800aee0        0x8 ./Drivers/STM32H7xx_HAL_Driver/Src/stm32h7xx_hal_uart_ex.o
 .rodata.denominator.0
                0x0800aee8        0x8 ./Drivers/STM32H7xx_HAL_Driver/Src/stm32h7xx_hal_uart_ex.o
                0x0800aef0                        . = ALIGN (0x4)

.ARM.extab
 *(.ARM.extab* .gnu.linkonce.armextab.*)

.ARM            0x0800aef0        0x8
                0x0800aef0                        __exidx_start = .
 *(.ARM.exidx*)
 .ARM.exidx     0x0800aef0        0x8 C:/ST/STM32CubeIDE_1.15.0/STM32CubeIDE/plugins/com.st.stm32cube.ide.mcu.externaltools.gnu-tools-for-stm32.12.3.rel1.win32_1.0.100.202403111256/tools/bin/../lib/gcc/arm-none-eabi/12.3.1/thumb/v7e-m+dp/hard\libgcc.a(_udivmoddi4.o)
                0x0800aef8                        __exidx_end = .

.preinit_array  0x0800aef8        0x0
                0x0800aef8                        PROVIDE (__preinit_array_start = .)
 *(.preinit_array*)
                0x0800aef8                        PROVIDE (__preinit_array_end = .)

.init_array     0x0800aef8        0x4
                0x0800aef8                        PROVIDE (__init_array_start = .)
 *(SORT_BY_NAME(.init_array.*))
 *(.init_array*)
 .init_array    0x0800aef8        0x4 C:/ST/STM32CubeIDE_1.15.0/STM32CubeIDE/plugins/com.st.stm32cube.ide.mcu.externaltools.gnu-tools-for-stm32.12.3.rel1.win32_1.0.100.202403111256/tools/bin/../lib/gcc/arm-none-eabi/12.3.1/thumb/v7e-m+dp/hard/crtbegin.o
                0x0800aefc                        PROVIDE (__init_array_end = .)

.fini_array     0x0800aefc        0x4
                [!provide]                        PROVIDE (__fini_array_start = .)
 *(SORT_BY_NAME(.fini_array.*))
 *(.fini_array*)
 .fini_array    0x0800aefc        0x4 C:/ST/STM32CubeIDE_1.15.0/STM32CubeIDE/plugins/com.st.stm32cube.ide.mcu.externaltools.gnu-tools-for-stm32.12.3.rel1.win32_1.0.100.202403111256/tools/bin/../lib/gcc/arm-none-eabi/12.3.1/thumb/v7e-m+dp/hard/crtbegin.o
                [!provide]                        PROVIDE (__fini_array_end = .)
                0x0800af00                        _sidata = LOADADDR (.data)

.rel.dyn        0x0800af00        0x0
 .rel.iplt      0x0800af00        0x0 C:/ST/STM32CubeIDE_1.15.0/STM32CubeIDE/plugins/com.st.stm32cube.ide.mcu.externaltools.gnu-tools-for-stm32.12.3.rel1.win32_1.0.100.202403111256/tools/bin/../lib/gcc/arm-none-eabi/12.3.1/thumb/v7e-m+dp/hard/crtbegin.o

.data           0x24000000       0x28 load address 0x0800af00
                0x24000000                        . = ALIGN (0x4)
                0x24000000                        _sdata = .
 *(.data)
 *(.data*)
 .data.Font16   0x24000000        0x8 ./Core/Src/ILI9486.o
                0x24000000                Font16
 .data.Font20   0x24000008        0x8 ./Core/Src/ILI9486.o
                0x24000008                Font20
 .data.Font24   0x24000010        0x8 ./Core/Src/ILI9486.o
                0x24000010                Font24
 .data.SystemCoreClock
                0x24000018        0x4 ./Core/Src/system_stm32h7xx.o
                0x24000018                SystemCoreClock
 .data.SystemD2Clock
                0x2400001c        0x4 ./Core/Src/system_stm32h7xx.o
                0x2400001c                SystemD2Clock
 .data.uwTickPrio
                0x24000020        0x4 ./Drivers/STM32H7xx_HAL_Driver/Src/stm32h7xx_hal.o
                0x24000020                uwTickPrio
 .data.uwTickFreq
                0x24000024        0x1 ./Drivers/STM32H7xx_HAL_Driver/Src/stm32h7xx_hal.o
                0x24000024                uwTickFreq
 *(.RamFunc)
 *(.RamFunc*)
                0x24000028                        . = ALIGN (0x4)
 *fill*         0x24000025        0x3 
                0x24000028                        _edata = .

.igot.plt       0x24000028        0x0 load address 0x0800af28
 .igot.plt      0x24000028        0x0 C:/ST/STM32CubeIDE_1.15.0/STM32CubeIDE/plugins/com.st.stm32cube.ide.mcu.externaltools.gnu-tools-for-stm32.12.3.rel1.win32_1.0.100.202403111256/tools/bin/../lib/gcc/arm-none-eabi/12.3.1/thumb/v7e-m+dp/hard/crtbegin.o
                0x24000028                        . = ALIGN (0x4)

.bss            0x24000028      0x170 load address 0x0800af28
                0x24000028                        _sbss = .
                0x24000028                        __bss_start__ = _sbss
 *(.bss)
 .bss           0x24000028       0x1c C:/ST/STM32CubeIDE_1.15.0/STM32CubeIDE/plugins/com.st.stm32cube.ide.mcu.externaltools.gnu-tools-for-stm32.12.3.rel1.win32_1.0.100.202403111256/tools/bin/../lib/gcc/arm-none-eabi/12.3.1/thumb/v7e-m+dp/hard/crtbegin.o
 *(.bss*)
 .bss.sLCD_DIS  0x24000044        0xa ./Core/Src/ILI9486.o
                0x24000044                sLCD_DIS
 *fill*         0x2400004e        0x2 
 .bss.hrtc      0x24000050       0x28 ./Core/Src/main.o
                0x24000050                hrtc
 .bss.hspi1     0x24000078       0x88 ./Core/Src/main.o
                0x24000078                hspi1
 .bss.huart3    0x24000100       0x94 ./Core/Src/main.o
                0x24000100                huart3
 .bss.uwTick    0x24000194        0x4 ./Drivers/STM32H7xx_HAL_Driver/Src/stm32h7xx_hal.o
                0x24000194                uwTick
 *(COMMON)
                0x24000198                        . = ALIGN (0x4)
                0x24000198                        _ebss = .
                0x24000198                        __bss_end__ = _ebss

._user_heap_stack
                0x24000198      0x600 load address 0x0800af28
                0x24000198                        . = ALIGN (0x8)
                [!provide]                        PROVIDE (end = .)
                0x24000198                        PROVIDE (_end = .)
                0x24000398                        . = (. + _Min_Heap_Size)
 *fill*         0x24000198      0x200 
                0x24000798                        . = (. + _Min_Stack_Size)
 *fill*         0x24000398      0x400 
                0x24000798                        . = ALIGN (0x8)

/DISCARD/
 libc.a(*)
 libm.a(*)
 libgcc.a(*)

.ARM.attributes
                0x00000000       0x2e
 *(.ARM.attributes)
 .ARM.attributes
                0x00000000       0x20 C:/ST/STM32CubeIDE_1.15.0/STM32CubeIDE/plugins/com.st.stm32cube.ide.mcu.externaltools.gnu-tools-for-stm32.12.3.rel1.win32_1.0.100.202403111256/tools/bin/../lib/gcc/arm-none-eabi/12.3.1/thumb/v7e-m+dp/hard/crti.o
 .ARM.attributes
                0x00000020       0x32 C:/ST/STM32CubeIDE_1.15.0/STM32CubeIDE/plugins/com.st.stm32cube.ide.mcu.externaltools.gnu-tools-for-stm32.12.3.rel1.win32_1.0.100.202403111256/tools/bin/../lib/gcc/arm-none-eabi/12.3.1/thumb/v7e-m+dp/hard/crtbegin.o
 .ARM.attributes
                0x00000052       0x32 ./Core/Src/ILI9486.o
 .ARM.attributes
                0x00000084       0x32 ./Core/Src/main.o
 .ARM.attributes
                0x000000b6       0x32 ./Core/Src/stm32h7xx_hal_msp.o
 .ARM.attributes
                0x000000e8       0x32 ./Core/Src/stm32h7xx_it.o
 .ARM.attributes
                0x0000011a       0x32 ./Core/Src/system_stm32h7xx.o
 .ARM.attributes
                0x0000014c       0x21 ./Core/Startup/startup_stm32h7a3zitxq.o
 .ARM.attributes
                0x0000016d       0x32 ./Drivers/STM32H7xx_HAL_Driver/Src/stm32h7xx_hal.o
 .ARM.attributes
                0x0000019f       0x32 ./Drivers/STM32H7xx_HAL_Driver/Src/stm32h7xx_hal_cortex.o
 .ARM.attributes
                0x000001d1       0x32 ./Drivers/STM32H7xx_HAL_Driver/Src/stm32h7xx_hal_gpio.o
 .ARM.attributes
                0x00000203       0x32 ./Drivers/STM32H7xx_HAL_Driver/Src/stm32h7xx_hal_pwr_ex.o
 .ARM.attributes
                0x00000235       0x32 ./Drivers/STM32H7xx_HAL_Driver/Src/stm32h7xx_hal_rcc.o
 .ARM.attributes
                0x00000267       0x32 ./Drivers/STM32H7xx_HAL_Driver/Src/stm32h7xx_hal_rcc_ex.o
 .ARM.attributes
                0x00000299       0x32 ./Drivers/STM32H7xx_HAL_Driver/Src/stm32h7xx_hal_rtc.o
 .ARM.attributes
                0x000002cb       0x32 ./Drivers/STM32H7xx_HAL_Driver/Src/stm32h7xx_hal_spi.o
 .ARM.attributes
                0x000002fd       0x32 ./Drivers/STM32H7xx_HAL_Driver/Src/stm32h7xx_hal_uart.o
 .ARM.attributes
                0x0000032f       0x32 ./Drivers/STM32H7xx_HAL_Driver/Src/stm32h7xx_hal_uart_ex.o
 .ARM.attributes
                0x00000361       0x32 C:/ST/STM32CubeIDE_1.15.0/STM32CubeIDE/plugins/com.st.stm32cube.ide.mcu.externaltools.gnu-tools-for-stm32.12.3.rel1.win32_1.0.100.202403111256/tools/bin/../lib/gcc/arm-none-eabi/12.3.1/../../../../arm-none-eabi/lib/thumb/v7e-m+dp/hard\libc_nano.a(libc_a-memset.o)
 .ARM.attributes
                0x00000393       0x32 C:/ST/STM32CubeIDE_1.15.0/STM32CubeIDE/plugins/com.st.stm32cube.ide.mcu.externaltools.gnu-tools-for-stm32.12.3.rel1.win32_1.0.100.202403111256/tools/bin/../lib/gcc/arm-none-eabi/12.3.1/../../../../arm-none-eabi/lib/thumb/v7e-m+dp/hard\libc_nano.a(libc_a-init.o)
 .ARM.attributes
                0x000003c5       0x20 C:/ST/STM32CubeIDE_1.15.0/STM32CubeIDE/plugins/com.st.stm32cube.ide.mcu.externaltools.gnu-tools-for-stm32.12.3.rel1.win32_1.0.100.202403111256/tools/bin/../lib/gcc/arm-none-eabi/12.3.1/thumb/v7e-m+dp/hard\libgcc.a(_aeabi_uldivmod.o)
 .ARM.attributes
                0x000003e5       0x32 C:/ST/STM32CubeIDE_1.15.0/STM32CubeIDE/plugins/com.st.stm32cube.ide.mcu.externaltools.gnu-tools-for-stm32.12.3.rel1.win32_1.0.100.202403111256/tools/bin/../lib/gcc/arm-none-eabi/12.3.1/thumb/v7e-m+dp/hard\libgcc.a(_udivmoddi4.o)
 .ARM.attributes
                0x00000417       0x20 C:/ST/STM32CubeIDE_1.15.0/STM32CubeIDE/plugins/com.st.stm32cube.ide.mcu.externaltools.gnu-tools-for-stm32.12.3.rel1.win32_1.0.100.202403111256/tools/bin/../lib/gcc/arm-none-eabi/12.3.1/thumb/v7e-m+dp/hard\libgcc.a(_dvmd_tls.o)
 .ARM.attributes
                0x00000437       0x20 C:/ST/STM32CubeIDE_1.15.0/STM32CubeIDE/plugins/com.st.stm32cube.ide.mcu.externaltools.gnu-tools-for-stm32.12.3.rel1.win32_1.0.100.202403111256/tools/bin/../lib/gcc/arm-none-eabi/12.3.1/thumb/v7e-m+dp/hard/crtn.o
OUTPUT(ili9486-stm32h7a3zit6qu.elf elf32-littlearm)
LOAD linker stubs
LOAD C:/ST/STM32CubeIDE_1.15.0/STM32CubeIDE/plugins/com.st.stm32cube.ide.mcu.externaltools.gnu-tools-for-stm32.12.3.rel1.win32_1.0.100.202403111256/tools/bin/../lib/gcc/arm-none-eabi/12.3.1/../../../../arm-none-eabi/lib/thumb/v7e-m+dp/hard\libc.a
LOAD C:/ST/STM32CubeIDE_1.15.0/STM32CubeIDE/plugins/com.st.stm32cube.ide.mcu.externaltools.gnu-tools-for-stm32.12.3.rel1.win32_1.0.100.202403111256/tools/bin/../lib/gcc/arm-none-eabi/12.3.1/../../../../arm-none-eabi/lib/thumb/v7e-m+dp/hard\libm.a
LOAD C:/ST/STM32CubeIDE_1.15.0/STM32CubeIDE/plugins/com.st.stm32cube.ide.mcu.externaltools.gnu-tools-for-stm32.12.3.rel1.win32_1.0.100.202403111256/tools/bin/../lib/gcc/arm-none-eabi/12.3.1/thumb/v7e-m+dp/hard\libgcc.a

.debug_info     0x00000000    0x135ce
 .debug_info    0x00000000     0x1862 ./Core/Src/ILI9486.o
 .debug_info    0x00001862     0x1a02 ./Core/Src/main.o
 .debug_info    0x00003264     0x1763 ./Core/Src/stm32h7xx_hal_msp.o
 .debug_info    0x000049c7      0x128 ./Core/Src/stm32h7xx_it.o
 .debug_info    0x00004aef      0xc73 ./Core/Src/system_stm32h7xx.o
 .debug_info    0x00005762       0x30 ./Core/Startup/startup_stm32h7a3zitxq.o
 .debug_info    0x00005792     0x13f1 ./Drivers/STM32H7xx_HAL_Driver/Src/stm32h7xx_hal.o
 .debug_info    0x00006b83     0x108e ./Drivers/STM32H7xx_HAL_Driver/Src/stm32h7xx_hal_cortex.o
 .debug_info    0x00007c11      0xb2b ./Drivers/STM32H7xx_HAL_Driver/Src/stm32h7xx_hal_gpio.o
 .debug_info    0x0000873c      0xef7 ./Drivers/STM32H7xx_HAL_Driver/Src/stm32h7xx_hal_pwr_ex.o
 .debug_info    0x00009633      0xea1 ./Drivers/STM32H7xx_HAL_Driver/Src/stm32h7xx_hal_rcc.o
 .debug_info    0x0000a4d4     0x11fd ./Drivers/STM32H7xx_HAL_Driver/Src/stm32h7xx_hal_rcc_ex.o
 .debug_info    0x0000b6d1      0xfcc ./Drivers/STM32H7xx_HAL_Driver/Src/stm32h7xx_hal_rtc.o
 .debug_info    0x0000c69d     0x1440 ./Drivers/STM32H7xx_HAL_Driver/Src/stm32h7xx_hal_spi.o
 .debug_info    0x0000dadd     0x4b32 ./Drivers/STM32H7xx_HAL_Driver/Src/stm32h7xx_hal_uart.o
 .debug_info    0x0001260f      0xfbf ./Drivers/STM32H7xx_HAL_Driver/Src/stm32h7xx_hal_uart_ex.o

.debug_abbrev   0x00000000     0x24ff
 .debug_abbrev  0x00000000      0x327 ./Core/Src/ILI9486.o
 .debug_abbrev  0x00000327      0x30e ./Core/Src/main.o
 .debug_abbrev  0x00000635      0x25e ./Core/Src/stm32h7xx_hal_msp.o
 .debug_abbrev  0x00000893       0x73 ./Core/Src/stm32h7xx_it.o
 .debug_abbrev  0x00000906      0x14a ./Core/Src/system_stm32h7xx.o
 .debug_abbrev  0x00000a50       0x24 ./Core/Startup/startup_stm32h7a3zitxq.o
 .debug_abbrev  0x00000a74      0x291 ./Drivers/STM32H7xx_HAL_Driver/Src/stm32h7xx_hal.o
 .debug_abbrev  0x00000d05      0x339 ./Drivers/STM32H7xx_HAL_Driver/Src/stm32h7xx_hal_cortex.o
 .debug_abbrev  0x0000103e      0x1fa ./Drivers/STM32H7xx_HAL_Driver/Src/stm32h7xx_hal_gpio.o
 .debug_abbrev  0x00001238      0x297 ./Drivers/STM32H7xx_HAL_Driver/Src/stm32h7xx_hal_pwr_ex.o
 .debug_abbrev  0x000014cf      0x2c5 ./Drivers/STM32H7xx_HAL_Driver/Src/stm32h7xx_hal_rcc.o
 .debug_abbrev  0x00001794      0x27a ./Drivers/STM32H7xx_HAL_Driver/Src/stm32h7xx_hal_rcc_ex.o
 .debug_abbrev  0x00001a0e      0x220 ./Drivers/STM32H7xx_HAL_Driver/Src/stm32h7xx_hal_rtc.o
 .debug_abbrev  0x00001c2e      0x2b1 ./Drivers/STM32H7xx_HAL_Driver/Src/stm32h7xx_hal_spi.o
 .debug_abbrev  0x00001edf      0x34e ./Drivers/STM32H7xx_HAL_Driver/Src/stm32h7xx_hal_uart.o
 .debug_abbrev  0x0000222d      0x2d2 ./Drivers/STM32H7xx_HAL_Driver/Src/stm32h7xx_hal_uart_ex.o

.debug_aranges  0x00000000      0xde0
 .debug_aranges
                0x00000000      0x108 ./Core/Src/ILI9486.o
 .debug_aranges
                0x00000108       0x58 ./Core/Src/main.o
 .debug_aranges
                0x00000160       0x50 ./Core/Src/stm32h7xx_hal_msp.o
 .debug_aranges
                0x000001b0       0x60 ./Core/Src/stm32h7xx_it.o
 .debug_aranges
                0x00000210       0x28 ./Core/Src/system_stm32h7xx.o
 .debug_aranges
                0x00000238       0x28 ./Core/Startup/startup_stm32h7a3zitxq.o
 .debug_aranges
                0x00000260      0x1a0 ./Drivers/STM32H7xx_HAL_Driver/Src/stm32h7xx_hal.o
 .debug_aranges
                0x00000400      0x130 ./Drivers/STM32H7xx_HAL_Driver/Src/stm32h7xx_hal_cortex.o
 .debug_aranges
                0x00000530       0x58 ./Drivers/STM32H7xx_HAL_Driver/Src/stm32h7xx_hal_gpio.o
 .debug_aranges
                0x00000588      0x188 ./Drivers/STM32H7xx_HAL_Driver/Src/stm32h7xx_hal_pwr_ex.o
 .debug_aranges
                0x00000710       0x88 ./Drivers/STM32H7xx_HAL_Driver/Src/stm32h7xx_hal_rcc.o
 .debug_aranges
                0x00000798       0xf0 ./Drivers/STM32H7xx_HAL_Driver/Src/stm32h7xx_hal_rcc_ex.o
 .debug_aranges
                0x00000888       0xc0 ./Drivers/STM32H7xx_HAL_Driver/Src/stm32h7xx_hal_rtc.o
 .debug_aranges
                0x00000948      0x1a8 ./Drivers/STM32H7xx_HAL_Driver/Src/stm32h7xx_hal_spi.o
 .debug_aranges
                0x00000af0      0x248 ./Drivers/STM32H7xx_HAL_Driver/Src/stm32h7xx_hal_uart.o
 .debug_aranges
                0x00000d38       0xa8 ./Drivers/STM32H7xx_HAL_Driver/Src/stm32h7xx_hal_uart_ex.o

.debug_rnglists
                0x00000000      0xab7
 .debug_rnglists
                0x00000000       0xd0 ./Core/Src/ILI9486.o
 .debug_rnglists
                0x000000d0       0x42 ./Core/Src/main.o
 .debug_rnglists
                0x00000112       0x39 ./Core/Src/stm32h7xx_hal_msp.o
 .debug_rnglists
                0x0000014b       0x43 ./Core/Src/stm32h7xx_it.o
 .debug_rnglists
                0x0000018e       0x1b ./Core/Src/system_stm32h7xx.o
 .debug_rnglists
                0x000001a9       0x19 ./Core/Startup/startup_stm32h7a3zitxq.o
 .debug_rnglists
                0x000001c2      0x137 ./Drivers/STM32H7xx_HAL_Driver/Src/stm32h7xx_hal.o
 .debug_rnglists
                0x000002f9       0xe0 ./Drivers/STM32H7xx_HAL_Driver/Src/stm32h7xx_hal_cortex.o
 .debug_rnglists
                0x000003d9       0x3f ./Drivers/STM32H7xx_HAL_Driver/Src/stm32h7xx_hal_gpio.o
 .debug_rnglists
                0x00000418      0x127 ./Drivers/STM32H7xx_HAL_Driver/Src/stm32h7xx_hal_pwr_ex.o
 .debug_rnglists
                0x0000053f       0x68 ./Drivers/STM32H7xx_HAL_Driver/Src/stm32h7xx_hal_rcc.o
 .debug_rnglists
                0x000005a7       0xba ./Drivers/STM32H7xx_HAL_Driver/Src/stm32h7xx_hal_rcc_ex.o
 .debug_rnglists
                0x00000661       0x95 ./Drivers/STM32H7xx_HAL_Driver/Src/stm32h7xx_hal_rtc.o
 .debug_rnglists
                0x000006f6      0x148 ./Drivers/STM32H7xx_HAL_Driver/Src/stm32h7xx_hal_spi.o
 .debug_rnglists
                0x0000083e      0x1fa ./Drivers/STM32H7xx_HAL_Driver/Src/stm32h7xx_hal_uart.o
 .debug_rnglists
                0x00000a38       0x7f ./Drivers/STM32H7xx_HAL_Driver/Src/stm32h7xx_hal_uart_ex.o

.debug_macro    0x00000000    0x309e7
 .debug_macro   0x00000000      0x303 ./Core/Src/ILI9486.o
 .debug_macro   0x00000303      0xacc ./Core/Src/ILI9486.o
 .debug_macro   0x00000dcf      0x23e ./Core/Src/ILI9486.o
 .debug_macro   0x0000100d       0x2e ./Core/Src/ILI9486.o
 .debug_macro   0x0000103b       0x42 ./Core/Src/ILI9486.o
 .debug_macro   0x0000107d       0x22 ./Core/Src/ILI9486.o
 .debug_macro   0x0000109f       0x8e ./Core/Src/ILI9486.o
 .debug_macro   0x0000112d       0x51 ./Core/Src/ILI9486.o
 .debug_macro   0x0000117e      0x103 ./Core/Src/ILI9486.o
 .debug_macro   0x00001281       0x6a ./Core/Src/ILI9486.o
 .debug_macro   0x000012eb      0x1df ./Core/Src/ILI9486.o
 .debug_macro   0x000014ca       0x1c ./Core/Src/ILI9486.o
 .debug_macro   0x000014e6       0x22 ./Core/Src/ILI9486.o
 .debug_macro   0x00001508       0xfb ./Core/Src/ILI9486.o
 .debug_macro   0x00001603     0x1305 ./Core/Src/ILI9486.o
 .debug_macro   0x00002908      0x11f ./Core/Src/ILI9486.o
 .debug_macro   0x00002a27       0x27 ./Core/Src/ILI9486.o
 .debug_macro   0x00002a4e    0x1e941 ./Core/Src/ILI9486.o
 .debug_macro   0x0002138f       0x6d ./Core/Src/ILI9486.o
 .debug_macro   0x000213fc     0x3d80 ./Core/Src/ILI9486.o
 .debug_macro   0x0002517c      0x189 ./Core/Src/ILI9486.o
 .debug_macro   0x00025305       0x61 ./Core/Src/ILI9486.o
 .debug_macro   0x00025366       0x29 ./Core/Src/ILI9486.o
 .debug_macro   0x0002538f       0x43 ./Core/Src/ILI9486.o
 .debug_macro   0x000253d2       0x34 ./Core/Src/ILI9486.o
 .debug_macro   0x00025406       0x16 ./Core/Src/ILI9486.o
 .debug_macro   0x0002541c       0x43 ./Core/Src/ILI9486.o
 .debug_macro   0x0002545f       0x34 ./Core/Src/ILI9486.o
 .debug_macro   0x00025493       0x10 ./Core/Src/ILI9486.o
 .debug_macro   0x000254a3       0x58 ./Core/Src/ILI9486.o
 .debug_macro   0x000254fb       0x8e ./Core/Src/ILI9486.o
 .debug_macro   0x00025589       0x1c ./Core/Src/ILI9486.o
 .debug_macro   0x000255a5      0x177 ./Core/Src/ILI9486.o
 .debug_macro   0x0002571c      0x369 ./Core/Src/ILI9486.o
 .debug_macro   0x00025a85      0x19b ./Core/Src/ILI9486.o
 .debug_macro   0x00025c20       0x5d ./Core/Src/ILI9486.o
 .debug_macro   0x00025c7d     0x24ee ./Core/Src/ILI9486.o
 .debug_macro   0x0002816b     0x103a ./Core/Src/ILI9486.o
 .debug_macro   0x000291a5      0x154 ./Core/Src/ILI9486.o
 .debug_macro   0x000292f9      0x114 ./Core/Src/ILI9486.o
 .debug_macro   0x0002940d      0x3d5 ./Core/Src/ILI9486.o
 .debug_macro   0x000297e2       0xac ./Core/Src/ILI9486.o
 .debug_macro   0x0002988e      0x70a ./Core/Src/ILI9486.o
 .debug_macro   0x00029f98      0x20c ./Core/Src/ILI9486.o
 .debug_macro   0x0002a1a4       0x66 ./Core/Src/ILI9486.o
 .debug_macro   0x0002a20a      0x3c9 ./Core/Src/ILI9486.o
 .debug_macro   0x0002a5d3      0x3eb ./Core/Src/ILI9486.o
 .debug_macro   0x0002a9be      0x275 ./Core/Src/ILI9486.o
 .debug_macro   0x0002ac33      0x6c8 ./Core/Src/ILI9486.o
 .debug_macro   0x0002b2fb      0x520 ./Core/Src/ILI9486.o
 .debug_macro   0x0002b81b       0x58 ./Core/Src/ILI9486.o
 .debug_macro   0x0002b873       0x4a ./Core/Src/ILI9486.o
 .debug_macro   0x0002b8bd      0x22c ./Core/Src/ILI9486.o
 .debug_macro   0x0002bae9       0x67 ./Core/Src/ILI9486.o
 .debug_macro   0x0002bb50       0xa5 ./Core/Src/ILI9486.o
 .debug_macro   0x0002bbf5      0x1bd ./Core/Src/ILI9486.o
 .debug_macro   0x0002bdb2      0x2dc ./Core/Src/ILI9486.o
 .debug_macro   0x0002c08e       0x35 ./Core/Src/ILI9486.o
 .debug_macro   0x0002c0c3      0x367 ./Core/Src/ILI9486.o
 .debug_macro   0x0002c42a      0x6fa ./Core/Src/ILI9486.o
 .debug_macro   0x0002cb24       0xf2 ./Core/Src/ILI9486.o
 .debug_macro   0x0002cc16      0x5e4 ./Core/Src/ILI9486.o
 .debug_macro   0x0002d1fa       0xc1 ./Core/Src/ILI9486.o
 .debug_macro   0x0002d2bb      0x693 ./Core/Src/ILI9486.o
 .debug_macro   0x0002d94e       0xa6 ./Core/Src/ILI9486.o
 .debug_macro   0x0002d9f4      0x5be ./Core/Src/ILI9486.o
 .debug_macro   0x0002dfb2       0xe8 ./Core/Src/ILI9486.o
 .debug_macro   0x0002e09a       0x1c ./Core/Src/ILI9486.o
 .debug_macro   0x0002e0b6      0x116 ./Core/Src/ILI9486.o
 .debug_macro   0x0002e1cc      0x2ec ./Core/Src/main.o
 .debug_macro   0x0002e4b8      0x2d6 ./Core/Src/stm32h7xx_hal_msp.o
 .debug_macro   0x0002e78e      0x2e0 ./Core/Src/stm32h7xx_it.o
 .debug_macro   0x0002ea6e      0x2c7 ./Core/Src/system_stm32h7xx.o
 .debug_macro   0x0002ed35      0x2f1 ./Drivers/STM32H7xx_HAL_Driver/Src/stm32h7xx_hal.o
 .debug_macro   0x0002f026      0x2c7 ./Drivers/STM32H7xx_HAL_Driver/Src/stm32h7xx_hal_cortex.o
 .debug_macro   0x0002f2ed      0x2ce ./Drivers/STM32H7xx_HAL_Driver/Src/stm32h7xx_hal_gpio.o
 .debug_macro   0x0002f5bb      0x300 ./Drivers/STM32H7xx_HAL_Driver/Src/stm32h7xx_hal_pwr_ex.o
 .debug_macro   0x0002f8bb      0x2eb ./Drivers/STM32H7xx_HAL_Driver/Src/stm32h7xx_hal_rcc.o
 .debug_macro   0x0002fba6      0x2e5 ./Drivers/STM32H7xx_HAL_Driver/Src/stm32h7xx_hal_rcc_ex.o
 .debug_macro   0x0002fe8b      0x2c8 ./Drivers/STM32H7xx_HAL_Driver/Src/stm32h7xx_hal_rtc.o
 .debug_macro   0x00030153      0x2cf ./Drivers/STM32H7xx_HAL_Driver/Src/stm32h7xx_hal_spi.o
 .debug_macro   0x00030422      0x2f2 ./Drivers/STM32H7xx_HAL_Driver/Src/stm32h7xx_hal_uart.o
 .debug_macro   0x00030714      0x2d3 ./Drivers/STM32H7xx_HAL_Driver/Src/stm32h7xx_hal_uart_ex.o

.debug_line     0x00000000    0x13257
 .debug_line    0x00000000     0x151f ./Core/Src/ILI9486.o
 .debug_line    0x0000151f      0xb9c ./Core/Src/main.o
 .debug_line    0x000020bb      0xa21 ./Core/Src/stm32h7xx_hal_msp.o
 .debug_line    0x00002adc      0x9d9 ./Core/Src/stm32h7xx_it.o
 .debug_line    0x000034b5      0xac7 ./Core/Src/system_stm32h7xx.o
 .debug_line    0x00003f7c       0x7a ./Core/Startup/startup_stm32h7a3zitxq.o
 .debug_line    0x00003ff6      0xed4 ./Drivers/STM32H7xx_HAL_Driver/Src/stm32h7xx_hal.o
 .debug_line    0x00004eca      0xef6 ./Drivers/STM32H7xx_HAL_Driver/Src/stm32h7xx_hal_cortex.o
 .debug_line    0x00005dc0      0xd9f ./Drivers/STM32H7xx_HAL_Driver/Src/stm32h7xx_hal_gpio.o
 .debug_line    0x00006b5f     0x105e ./Drivers/STM32H7xx_HAL_Driver/Src/stm32h7xx_hal_pwr_ex.o
 .debug_line    0x00007bbd     0x1422 ./Drivers/STM32H7xx_HAL_Driver/Src/stm32h7xx_hal_rcc.o
 .debug_line    0x00008fdf     0x1cbb ./Drivers/STM32H7xx_HAL_Driver/Src/stm32h7xx_hal_rcc_ex.o
 .debug_line    0x0000ac9a     0x12bd ./Drivers/STM32H7xx_HAL_Driver/Src/stm32h7xx_hal_rtc.o
 .debug_line    0x0000bf57     0x23e7 ./Drivers/STM32H7xx_HAL_Driver/Src/stm32h7xx_hal_spi.o
 .debug_line    0x0000e33e     0x3fb4 ./Drivers/STM32H7xx_HAL_Driver/Src/stm32h7xx_hal_uart.o
 .debug_line    0x000122f2      0xf65 ./Drivers/STM32H7xx_HAL_Driver/Src/stm32h7xx_hal_uart_ex.o

.debug_str      0x00000000   0x13eb00
 .debug_str     0x00000000   0x13a1da ./Core/Src/ILI9486.o
                             0x13a72f (size before relaxing)
 .debug_str     0x0013a1da      0x956 ./Core/Src/main.o
                             0x13ab6d (size before relaxing)
 .debug_str     0x0013ab30      0x3bb ./Core/Src/stm32h7xx_hal_msp.o
                             0x13a656 (size before relaxing)
 .debug_str     0x0013aeeb       0xc9 ./Core/Src/stm32h7xx_it.o
                             0x139697 (size before relaxing)
 .debug_str     0x0013afb4      0x309 ./Core/Src/system_stm32h7xx.o
                             0x1397ce (size before relaxing)
 .debug_str     0x0013b2bd       0x45 ./Core/Startup/startup_stm32h7a3zitxq.o
                                 0x94 (size before relaxing)
 .debug_str     0x0013b302      0xece ./Drivers/STM32H7xx_HAL_Driver/Src/stm32h7xx_hal.o
                             0x13a6a2 (size before relaxing)
 .debug_str     0x0013c1d0      0x37c ./Drivers/STM32H7xx_HAL_Driver/Src/stm32h7xx_hal_cortex.o
                             0x13a0ea (size before relaxing)
 .debug_str     0x0013c54c       0xec ./Drivers/STM32H7xx_HAL_Driver/Src/stm32h7xx_hal_gpio.o
                             0x13977f (size before relaxing)
 .debug_str     0x0013c638      0x756 ./Drivers/STM32H7xx_HAL_Driver/Src/stm32h7xx_hal_pwr_ex.o
                             0x139d04 (size before relaxing)
 .debug_str     0x0013cd8e      0x22e ./Drivers/STM32H7xx_HAL_Driver/Src/stm32h7xx_hal_rcc.o
                             0x139ba7 (size before relaxing)
 .debug_str     0x0013cfbc      0x623 ./Drivers/STM32H7xx_HAL_Driver/Src/stm32h7xx_hal_rcc_ex.o
                             0x13a03c (size before relaxing)
 .debug_str     0x0013d5df      0x31c ./Drivers/STM32H7xx_HAL_Driver/Src/stm32h7xx_hal_rtc.o
                             0x13996f (size before relaxing)
 .debug_str     0x0013d8fb      0x57e ./Drivers/STM32H7xx_HAL_Driver/Src/stm32h7xx_hal_spi.o
                             0x139e99 (size before relaxing)
 .debug_str     0x0013de79      0xa1a ./Drivers/STM32H7xx_HAL_Driver/Src/stm32h7xx_hal_uart.o
                             0x13a6d7 (size before relaxing)
 .debug_str     0x0013e893      0x26d ./Drivers/STM32H7xx_HAL_Driver/Src/stm32h7xx_hal_uart_ex.o
                             0x139c76 (size before relaxing)

.comment        0x00000000       0x43
 .comment       0x00000000       0x43 ./Core/Src/ILI9486.o
                                 0x44 (size before relaxing)
 .comment       0x00000043       0x44 ./Core/Src/main.o
 .comment       0x00000043       0x44 ./Core/Src/stm32h7xx_hal_msp.o
 .comment       0x00000043       0x44 ./Core/Src/stm32h7xx_it.o
 .comment       0x00000043       0x44 ./Core/Src/system_stm32h7xx.o
 .comment       0x00000043       0x44 ./Drivers/STM32H7xx_HAL_Driver/Src/stm32h7xx_hal.o
 .comment       0x00000043       0x44 ./Drivers/STM32H7xx_HAL_Driver/Src/stm32h7xx_hal_cortex.o
 .comment       0x00000043       0x44 ./Drivers/STM32H7xx_HAL_Driver/Src/stm32h7xx_hal_gpio.o
 .comment       0x00000043       0x44 ./Drivers/STM32H7xx_HAL_Driver/Src/stm32h7xx_hal_pwr_ex.o
 .comment       0x00000043       0x44 ./Drivers/STM32H7xx_HAL_Driver/Src/stm32h7xx_hal_rcc.o
 .comment       0x00000043       0x44 ./Drivers/STM32H7xx_HAL_Driver/Src/stm32h7xx_hal_rcc_ex.o
 .comment       0x00000043       0x44 ./Drivers/STM32H7xx_HAL_Driver/Src/stm32h7xx_hal_rtc.o
 .comment       0x00000043       0x44 ./Drivers/STM32H7xx_HAL_Driver/Src/stm32h7xx_hal_spi.o
 .comment       0x00000043       0x44 ./Drivers/STM32H7xx_HAL_Driver/Src/stm32h7xx_hal_uart.o
 .comment       0x00000043       0x44 ./Drivers/STM32H7xx_HAL_Driver/Src/stm32h7xx_hal_uart_ex.o

.debug_frame    0x00000000     0x3a20
 .debug_frame   0x00000000      0x480 ./Core/Src/ILI9486.o
 .debug_frame   0x00000480      0x110 ./Core/Src/main.o
 .debug_frame   0x00000590      0x11c ./Core/Src/stm32h7xx_hal_msp.o
 .debug_frame   0x000006ac      0x104 ./Core/Src/stm32h7xx_it.o
 .debug_frame   0x000007b0       0x58 ./Core/Src/system_stm32h7xx.o
 .debug_frame   0x00000808      0x6a8 ./Drivers/STM32H7xx_HAL_Driver/Src/stm32h7xx_hal.o
 .debug_frame   0x00000eb0      0x508 ./Drivers/STM32H7xx_HAL_Driver/Src/stm32h7xx_hal_cortex.o
 .debug_frame   0x000013b8      0x14c ./Drivers/STM32H7xx_HAL_Driver/Src/stm32h7xx_hal_gpio.o
 .debug_frame   0x00001504      0x660 ./Drivers/STM32H7xx_HAL_Driver/Src/stm32h7xx_hal_pwr_ex.o
 .debug_frame   0x00001b64      0x1fc ./Drivers/STM32H7xx_HAL_Driver/Src/stm32h7xx_hal_rcc.o
 .debug_frame   0x00001d60      0x3ec ./Drivers/STM32H7xx_HAL_Driver/Src/stm32h7xx_hal_rcc_ex.o
 .debug_frame   0x0000214c      0x32c ./Drivers/STM32H7xx_HAL_Driver/Src/stm32h7xx_hal_rtc.o
 .debug_frame   0x00002478      0x7a8 ./Drivers/STM32H7xx_HAL_Driver/Src/stm32h7xx_hal_spi.o
 .debug_frame   0x00002c20      0xa94 ./Drivers/STM32H7xx_HAL_Driver/Src/stm32h7xx_hal_uart.o
 .debug_frame   0x000036b4      0x2c0 ./Drivers/STM32H7xx_HAL_Driver/Src/stm32h7xx_hal_uart_ex.o
 .debug_frame   0x00003974       0x20 C:/ST/STM32CubeIDE_1.15.0/STM32CubeIDE/plugins/com.st.stm32cube.ide.mcu.externaltools.gnu-tools-for-stm32.12.3.rel1.win32_1.0.100.202403111256/tools/bin/../lib/gcc/arm-none-eabi/12.3.1/../../../../arm-none-eabi/lib/thumb/v7e-m+dp/hard\libc_nano.a(libc_a-memset.o)
 .debug_frame   0x00003994       0x2c C:/ST/STM32CubeIDE_1.15.0/STM32CubeIDE/plugins/com.st.stm32cube.ide.mcu.externaltools.gnu-tools-for-stm32.12.3.rel1.win32_1.0.100.202403111256/tools/bin/../lib/gcc/arm-none-eabi/12.3.1/../../../../arm-none-eabi/lib/thumb/v7e-m+dp/hard\libc_nano.a(libc_a-init.o)
 .debug_frame   0x000039c0       0x2c C:/ST/STM32CubeIDE_1.15.0/STM32CubeIDE/plugins/com.st.stm32cube.ide.mcu.externaltools.gnu-tools-for-stm32.12.3.rel1.win32_1.0.100.202403111256/tools/bin/../lib/gcc/arm-none-eabi/12.3.1/thumb/v7e-m+dp/hard\libgcc.a(_aeabi_uldivmod.o)
 .debug_frame   0x000039ec       0x34 C:/ST/STM32CubeIDE_1.15.0/STM32CubeIDE/plugins/com.st.stm32cube.ide.mcu.externaltools.gnu-tools-for-stm32.12.3.rel1.win32_1.0.100.202403111256/tools/bin/../lib/gcc/arm-none-eabi/12.3.1/thumb/v7e-m+dp/hard\libgcc.a(_udivmoddi4.o)

.debug_line_str
                0x00000000       0x78
 .debug_line_str
                0x00000000       0x78 ./Core/Startup/startup_stm32h7a3zitxq.o
