Archive member included to satisfy reference by file (symbol)

C:/ST/STM32CubeIDE_1.15.0/STM32CubeIDE/plugins/com.st.stm32cube.ide.mcu.externaltools.gnu-tools-for-stm32.12.3.rel1.win32_1.0.100.202403111256/tools/bin/../lib/gcc/arm-none-eabi/12.3.1/../../../../arm-none-eabi/lib/thumb/v7e-m+dp/hard\libc_nano.a(libc_a-exit.o)
                              C:/ST/STM32CubeIDE_1.15.0/STM32CubeIDE/plugins/com.st.stm32cube.ide.mcu.externaltools.gnu-tools-for-stm32.12.3.rel1.win32_1.0.100.202403111256/tools/bin/../lib/gcc/arm-none-eabi/12.3.1/../../../../arm-none-eabi/lib/thumb/v7e-m+dp/hard/crt0.o (exit)
C:/ST/STM32CubeIDE_1.15.0/STM32CubeIDE/plugins/com.st.stm32cube.ide.mcu.externaltools.gnu-tools-for-stm32.12.3.rel1.win32_1.0.100.202403111256/tools/bin/../lib/gcc/arm-none-eabi/12.3.1/../../../../arm-none-eabi/lib/thumb/v7e-m+dp/hard\libc_nano.a(libc_a-findfp.o)
                              C:/ST/STM32CubeIDE_1.15.0/STM32CubeIDE/plugins/com.st.stm32cube.ide.mcu.externaltools.gnu-tools-for-stm32.12.3.rel1.win32_1.0.100.202403111256/tools/bin/../lib/gcc/arm-none-eabi/12.3.1/../../../../arm-none-eabi/lib/thumb/v7e-m+dp/hard\libc_nano.a(libc_a-exit.o) (__stdio_exit_handler)
C:/ST/STM32CubeIDE_1.15.0/STM32CubeIDE/plugins/com.st.stm32cube.ide.mcu.externaltools.gnu-tools-for-stm32.12.3.rel1.win32_1.0.100.202403111256/tools/bin/../lib/gcc/arm-none-eabi/12.3.1/../../../../arm-none-eabi/lib/thumb/v7e-m+dp/hard\libc_nano.a(libc_a-fwalk.o)
                              C:/ST/STM32CubeIDE_1.15.0/STM32CubeIDE/plugins/com.st.stm32cube.ide.mcu.externaltools.gnu-tools-for-stm32.12.3.rel1.win32_1.0.100.202403111256/tools/bin/../lib/gcc/arm-none-eabi/12.3.1/../../../../arm-none-eabi/lib/thumb/v7e-m+dp/hard\libc_nano.a(libc_a-findfp.o) (_fwalk_sglue)
C:/ST/STM32CubeIDE_1.15.0/STM32CubeIDE/plugins/com.st.stm32cube.ide.mcu.externaltools.gnu-tools-for-stm32.12.3.rel1.win32_1.0.100.202403111256/tools/bin/../lib/gcc/arm-none-eabi/12.3.1/../../../../arm-none-eabi/lib/thumb/v7e-m+dp/hard\libc_nano.a(libc_a-stdio.o)
                              C:/ST/STM32CubeIDE_1.15.0/STM32CubeIDE/plugins/com.st.stm32cube.ide.mcu.externaltools.gnu-tools-for-stm32.12.3.rel1.win32_1.0.100.202403111256/tools/bin/../lib/gcc/arm-none-eabi/12.3.1/../../../../arm-none-eabi/lib/thumb/v7e-m+dp/hard\libc_nano.a(libc_a-findfp.o) (__sread)
C:/ST/STM32CubeIDE_1.15.0/STM32CubeIDE/plugins/com.st.stm32cube.ide.mcu.externaltools.gnu-tools-for-stm32.12.3.rel1.win32_1.0.100.202403111256/tools/bin/../lib/gcc/arm-none-eabi/12.3.1/../../../../arm-none-eabi/lib/thumb/v7e-m+dp/hard\libc_nano.a(libc_a-memset.o)
                              C:/ST/STM32CubeIDE_1.15.0/STM32CubeIDE/plugins/com.st.stm32cube.ide.mcu.externaltools.gnu-tools-for-stm32.12.3.rel1.win32_1.0.100.202403111256/tools/bin/../lib/gcc/arm-none-eabi/12.3.1/../../../../arm-none-eabi/lib/thumb/v7e-m+dp/hard/crt0.o (memset)
C:/ST/STM32CubeIDE_1.15.0/STM32CubeIDE/plugins/com.st.stm32cube.ide.mcu.externaltools.gnu-tools-for-stm32.12.3.rel1.win32_1.0.100.202403111256/tools/bin/../lib/gcc/arm-none-eabi/12.3.1/../../../../arm-none-eabi/lib/thumb/v7e-m+dp/hard\libc_nano.a(libc_a-closer.o)
                              C:/ST/STM32CubeIDE_1.15.0/STM32CubeIDE/plugins/com.st.stm32cube.ide.mcu.externaltools.gnu-tools-for-stm32.12.3.rel1.win32_1.0.100.202403111256/tools/bin/../lib/gcc/arm-none-eabi/12.3.1/../../../../arm-none-eabi/lib/thumb/v7e-m+dp/hard\libc_nano.a(libc_a-stdio.o) (_close_r)
C:/ST/STM32CubeIDE_1.15.0/STM32CubeIDE/plugins/com.st.stm32cube.ide.mcu.externaltools.gnu-tools-for-stm32.12.3.rel1.win32_1.0.100.202403111256/tools/bin/../lib/gcc/arm-none-eabi/12.3.1/../../../../arm-none-eabi/lib/thumb/v7e-m+dp/hard\libc_nano.a(libc_a-reent.o)
                              C:/ST/STM32CubeIDE_1.15.0/STM32CubeIDE/plugins/com.st.stm32cube.ide.mcu.externaltools.gnu-tools-for-stm32.12.3.rel1.win32_1.0.100.202403111256/tools/bin/../lib/gcc/arm-none-eabi/12.3.1/../../../../arm-none-eabi/lib/thumb/v7e-m+dp/hard\libc_nano.a(libc_a-closer.o) (errno)
C:/ST/STM32CubeIDE_1.15.0/STM32CubeIDE/plugins/com.st.stm32cube.ide.mcu.externaltools.gnu-tools-for-stm32.12.3.rel1.win32_1.0.100.202403111256/tools/bin/../lib/gcc/arm-none-eabi/12.3.1/../../../../arm-none-eabi/lib/thumb/v7e-m+dp/hard\libc_nano.a(libc_a-impure.o)
                              C:/ST/STM32CubeIDE_1.15.0/STM32CubeIDE/plugins/com.st.stm32cube.ide.mcu.externaltools.gnu-tools-for-stm32.12.3.rel1.win32_1.0.100.202403111256/tools/bin/../lib/gcc/arm-none-eabi/12.3.1/../../../../arm-none-eabi/lib/thumb/v7e-m+dp/hard\libc_nano.a(libc_a-reent.o) (_impure_ptr)
C:/ST/STM32CubeIDE_1.15.0/STM32CubeIDE/plugins/com.st.stm32cube.ide.mcu.externaltools.gnu-tools-for-stm32.12.3.rel1.win32_1.0.100.202403111256/tools/bin/../lib/gcc/arm-none-eabi/12.3.1/../../../../arm-none-eabi/lib/thumb/v7e-m+dp/hard\libc_nano.a(libc_a-lseekr.o)
[...]
Memory Configuration

Name             Origin             Length             Attributes
ITCMRAM          0x00000000         0x00010000         xrw
FLASH            0x08000000         0x00200000         xr
DTCMRAM1         0x20000000         0x00010000         xrw
DTCMRAM2         0x20010000         0x00010000         xrw
RAM              0x24000000         0x00100000         xrw
RAM_CD           0x30000000         0x00020000         xrw
RAM_SRD          0x38000000         0x00008000         xrw
*default*        0x00000000         0xffffffff

Linker script and memory map

LOAD C:/ST/STM32CubeIDE_1.15.0/STM32CubeIDE/plugins/com.st.stm32cube.ide.mcu.externaltools.gnu-tools-for-stm32.12.3.rel1.win32_1.0.100.202403111256/tools/bin/../lib/gcc/arm-none-eabi/12.3.1/thumb/v7e-m+dp/hard/crti.o
LOAD C:/ST/STM32CubeIDE_1.15.0/STM32CubeIDE/plugins/com.st.stm32cube.ide.mcu.externaltools.gnu-tools-for-stm32.12.3.rel1.win32_1.0.100.202403111256/tools/bin/../lib/gcc/arm-none-eabi/12.3.1/thumb/v7e-m+dp/hard/crtbegin.o
LOAD C:/ST/STM32CubeIDE_1.15.0/STM32CubeIDE/plugins/com.st.stm32cube.ide.mcu.externaltools.gnu-tools-for-stm32.12.3.rel1.win32_1.0.100.202403111256/tools/bin/../lib/gcc/arm-none-eabi/12.3.1/../../../../arm-none-eabi/lib/thumb/v7e-m+dp/hard/crt0.o
LOAD ./Core/Src/main.o
LOAD ./Core/Src/stm32h7xx_hal_msp.o
LOAD ./Core/Src/stm32h7xx_it.o
LOAD ./Core/Src/syscalls.o
LOAD ./Core/Src/sysmem.o
LOAD ./Core/Src/system_stm32h7xx.o
LOAD ./Core/Startup/startup_stm32h7a3zitxq.o
LOAD ./Drivers/STM32H7xx_HAL_Driver/Src/stm32h7xx_hal.o
LOAD ./Drivers/STM32H7xx_HAL_Driver/Src/stm32h7xx_hal_cortex.o
LOAD ./Drivers/STM32H7xx_HAL_Driver/Src/stm32h7xx_hal_dma.o
LOAD ./Drivers/STM32H7xx_HAL_Driver/Src/stm32h7xx_hal_dma_ex.o
LOAD ./Drivers/STM32H7xx_HAL_Driver/Src/stm32h7xx_hal_exti.o
LOAD ./Drivers/STM32H7xx_HAL_Driver/Src/stm32h7xx_hal_flash.o
LOAD ./Drivers/STM32H7xx_HAL_Driver/Src/stm32h7xx_hal_flash_ex.o
LOAD ./Drivers/STM32H7xx_HAL_Driver/Src/stm32h7xx_hal_gpio.o
LOAD ./Drivers/STM32H7xx_HAL_Driver/Src/stm32h7xx_hal_hsem.o
LOAD ./Drivers/STM32H7xx_HAL_Driver/Src/stm32h7xx_hal_i2c.o
LOAD ./Drivers/STM32H7xx_HAL_Driver/Src/stm32h7xx_hal_i2c_ex.o
LOAD ./Drivers/STM32H7xx_HAL_Driver/Src/stm32h7xx_hal_mdma.o
LOAD ./Drivers/STM32H7xx_HAL_Driver/Src/stm32h7xx_hal_pwr.o
LOAD ./Drivers/STM32H7xx_HAL_Driver/Src/stm32h7xx_hal_pwr_ex.o
LOAD ./Drivers/STM32H7xx_HAL_Driver/Src/stm32h7xx_hal_rcc.o
LOAD ./Drivers/STM32H7xx_HAL_Driver/Src/stm32h7xx_hal_rcc_ex.o
LOAD ./Drivers/STM32H7xx_HAL_Driver/Src/stm32h7xx_hal_tim.o
LOAD ./Drivers/STM32H7xx_HAL_Driver/Src/stm32h7xx_hal_tim_ex.o
LOAD ./Drivers/STM32H7xx_HAL_Driver/Src/stm32h7xx_hal_uart.o
LOAD ./Drivers/STM32H7xx_HAL_Driver/Src/stm32h7xx_hal_uart_ex.o
START GROUP
LOAD C:/ST/STM32CubeIDE_1.15.0/STM32CubeIDE/plugins/com.st.stm32cube.ide.mcu.externaltools.gnu-tools-for-stm32.12.3.rel1.win32_1.0.100.202403111256/tools/bin/../lib/gcc/arm-none-eabi/12.3.1/../../../../arm-none-eabi/lib/thumb/v7e-m+dp/hard\libc_nano.a
LOAD C:/ST/STM32CubeIDE_1.15.0/STM32CubeIDE/plugins/com.st.stm32cube.ide.mcu.externaltools.gnu-tools-for-stm32.12.3.rel1.win32_1.0.100.202403111256/tools/bin/../lib/gcc/arm-none-eabi/12.3.1/../../../../arm-none-eabi/lib/thumb/v7e-m+dp/hard\libm.a
END GROUP
START GROUP
LOAD C:/ST/STM32CubeIDE_1.15.0/STM32CubeIDE/plugins/com.st.stm32cube.ide.mcu.externaltools.gnu-tools-for-stm32.12.3.rel1.win32_1.0.100.202403111256/tools/bin/../lib/gcc/arm-none-eabi/12.3.1/thumb/v7e-m+dp/hard\libgcc.a
LOAD C:/ST/STM32CubeIDE_1.15.0/STM32CubeIDE/plugins/com.st.stm32cube.ide.mcu.externaltools.gnu-tools-for-stm32.12.3.rel1.win32_1.0.100.202403111256/tools/bin/../lib/gcc/arm-none-eabi/12.3.1/../../../../arm-none-eabi/lib/thumb/v7e-m+dp/hard\libc_nano.a
END GROUP
START GROUP
LOAD C:/ST/STM32CubeIDE_1.15.0/STM32CubeIDE/plugins/com.st.stm32cube.ide.mcu.externaltools.gnu-tools-for-stm32.12.3.rel1.win32_1.0.100.202403111256/tools/bin/../lib/gcc/arm-none-eabi/12.3.1/thumb/v7e-m+dp/hard\libgcc.a
LOAD C:/ST/STM32CubeIDE_1.15.0/STM32CubeIDE/plugins/com.st.stm32cube.ide.mcu.externaltools.gnu-tools-for-stm32.12.3.rel1.win32_1.0.100.202403111256/tools/bin/../lib/gcc/arm-none-eabi/12.3.1/../../../../arm-none-eabi/lib/thumb/v7e-m+dp/hard\libc_nano.a
LOAD C:/ST/STM32CubeIDE_1.15.0/STM32CubeIDE/plugins/com.st.stm32cube.ide.mcu.externaltools.gnu-tools-for-stm32.12.3.rel1.win32_1.0.100.202403111256/tools/bin/../lib/gcc/arm-none-eabi/12.3.1/../../../../arm-none-eabi/lib/thumb/v7e-m+dp/hard\libnosys.a
END GROUP
START GROUP
LOAD C:/ST/STM32CubeIDE_1.15.0/STM32CubeIDE/plugins/com.st.stm32cube.ide.mcu.externaltools.gnu-tools-for-stm32.12.3.rel1.win32_1.0.100.202403111256/tools/bin/../lib/gcc/arm-none-eabi/12.3.1/thumb/v7e-m+dp/hard\libgcc.a
LOAD C:/ST/STM32CubeIDE_1.15.0/STM32CubeIDE/plugins/com.st.stm32cube.ide.mcu.externaltools.gnu-tools-for-stm32.12.3.rel1.win32_1.0.100.202403111256/tools/bin/../lib/gcc/arm-none-eabi/12.3.1/../../../../arm-none-eabi/lib/thumb/v7e-m+dp/hard\libc_nano.a
LOAD C:/ST/STM32CubeIDE_1.15.0/STM32CubeIDE/plugins/com.st.stm32cube.ide.mcu.externaltools.gnu-tools-for-stm32.12.3.rel1.win32_1.0.100.202403111256/tools/bin/../lib/gcc/arm-none-eabi/12.3.1/../../../../arm-none-eabi/lib/thumb/v7e-m+dp/hard\libnosys.a
END GROUP
LOAD C:/ST/STM32CubeIDE_1.15.0/STM32CubeIDE/plugins/com.st.stm32cube.ide.mcu.externaltools.gnu-tools-for-stm32.12.3.rel1.win32_1.0.100.202403111256/tools/bin/../lib/gcc/arm-none-eabi/12.3.1/thumb/v7e-m+dp/hard/crtend.o
LOAD C:/ST/STM32CubeIDE_1.15.0/STM32CubeIDE/plugins/com.st.stm32cube.ide.mcu.externaltools.gnu-tools-for-stm32.12.3.rel1.win32_1.0.100.202403111256/tools/bin/../lib/gcc/arm-none-eabi/12.3.1/thumb/v7e-m+dp/hard/crtn.o
                0x24100000                        _estack = (ORIGIN (RAM) + LENGTH (RAM))
                0x00000200                        _Min_Heap_Size = 0x200
                0x00000400                        _Min_Stack_Size = 0x400

.isr_vector     0x08000000      0x2ac
                0x08000000                        . = ALIGN (0x4)
 *(.isr_vector)
 .isr_vector    0x08000000      0x2ac ./Core/Startup/startup_stm32h7a3zitxq.o
                0x08000000                g_pfnVectors
                0x080002ac                        . = ALIGN (0x4)

.text           0x080002ac     0x50b8
                0x080002ac                        . = ALIGN (0x4)
 *(.text)
 .text          0x080002ac       0x40 C:/ST/STM32CubeIDE_1.15.0/STM32CubeIDE/plugins/com.st.stm32cube.ide.mcu.externaltools.gnu-tools-for-stm32.12.3.rel1.win32_1.0.100.202403111256/tools/bin/../lib/gcc/arm-none-eabi/12.3.1/thumb/v7e-m+dp/hard/crtbegin.o
 .text          0x080002ec       0x30 C:/ST/STM32CubeIDE_1.15.0/STM32CubeIDE/plugins/com.st.stm32cube.ide.mcu.externaltools.gnu-tools-for-stm32.12.3.rel1.win32_1.0.100.202403111256/tools/bin/../lib/gcc/arm-none-eabi/12.3.1/thumb/v7e-m+dp/hard\libgcc.a(_aeabi_uldivmod.o)
                0x080002ec                __aeabi_uldivmod
 .text          0x0800031c      0x2bc C:/ST/STM32CubeIDE_1.15.0/STM32CubeIDE/plugins/com.st.stm32cube.ide.mcu.externaltools.gnu-tools-for-stm32.12.3.rel1.win32_1.0.100.202403111256/tools/bin/../lib/gcc/arm-none-eabi/12.3.1/thumb/v7e-m+dp/hard\libgcc.a(_udivmoddi4.o)
                0x0800031c                __udivmoddi4
 .text          0x080005d8        0x4 C:/ST/STM32CubeIDE_1.15.0/STM32CubeIDE/plugins/com.st.stm32cube.ide.mcu.externaltools.gnu-tools-for-stm32.12.3.rel1.win32_1.0.100.202403111256/tools/bin/../lib/gcc/arm-none-eabi/12.3.1/thumb/v7e-m+dp/hard\libgcc.a(_dvmd_tls.o)
                0x080005d8                __aeabi_idiv0
                0x080005d8                __aeabi_ldiv0
 *(.text*)
 .text.main     0x080005dc       0x44 ./Core/Src/main.o
                0x080005dc                main
 .text.SystemClock_Config
                0x08000620       0xc8 ./Core/Src/main.o
                0x08000620                SystemClock_Config
 .text.MX_USART3_UART_Init
                0x080006e8       0x98 ./Core/Src/main.o
 .text.MX_USB_OTG_HS_USB_Init
                0x08000780        0xe ./Core/Src/main.o
 *fill*         0x0800078e        0x2 
 .text.MX_GPIO_Init
                0x08000790      0x234 ./Core/Src/main.o
 .text.Error_Handler
                0x080009c4        0xc ./Core/Src/main.o
                0x080009c4                Error_Handler
 .text.HAL_MspInit
                0x080009d0       0x34 ./Core/Src/stm32h7xx_hal_msp.o
                0x080009d0                HAL_MspInit
 .text.HAL_UART_MspInit
                0x08000a04       0xd4 ./Core/Src/stm32h7xx_hal_msp.o
                0x08000a04                HAL_UART_MspInit
 .text.NMI_Handler
                0x08000ad8        0x8 ./Core/Src/stm32h7xx_it.o
                0x08000ad8                NMI_Handler
 .text.HardFault_Handler
                0x08000ae0        0x8 ./Core/Src/stm32h7xx_it.o
                0x08000ae0                HardFault_Handler
 .text.MemManage_Handler
                0x08000ae8        0x8 ./Core/Src/stm32h7xx_it.o
                0x08000ae8                MemManage_Handler
 .text.BusFault_Handler
                0x08000af0        0x8 ./Core/Src/stm32h7xx_it.o
                0x08000af0                BusFault_Handler
 .text.UsageFault_Handler
                0x08000af8        0x8 ./Core/Src/stm32h7xx_it.o
                0x08000af8                UsageFault_Handler
 .text.SVC_Handler
                0x08000b00        0xe ./Core/Src/stm32h7xx_it.o
                0x08000b00                SVC_Handler
 .text.DebugMon_Handler
                0x08000b0e        0xe ./Core/Src/stm32h7xx_it.o
                0x08000b0e                DebugMon_Handler
 .text.PendSV_Handler
                0x08000b1c        0xe ./Core/Src/stm32h7xx_it.o
                0x08000b1c                PendSV_Handler
 .text.SysTick_Handler
                0x08000b2a        0xc ./Core/Src/stm32h7xx_it.o
                0x08000b2a                SysTick_Handler
 *fill*         0x08000b36        0x2 
 .text.SystemInit
                0x08000b38       0xf0 ./Core/Src/system_stm32h7xx.o
                0x08000b38                SystemInit
 .text.Reset_Handler
                0x08000c28       0x50 ./Core/Startup/startup_stm32h7a3zitxq.o
                0x08000c28                Reset_Handler
 .text.Default_Handler
                0x08000c78        0x2 ./Core/Startup/startup_stm32h7a3zitxq.o
                0x08000c78                RTC_Alarm_IRQHandler
                0x08000c78                EXTI2_IRQHandler
                0x08000c78                TIM8_CC_IRQHandler
                0x08000c78                UART8_IRQHandler
                0x08000c78                BDMA2_Channel1_IRQHandler
                0x08000c78                SPI4_IRQHandler
                0x08000c78                BDMA2_Channel0_IRQHandler
                0x08000c78                TIM1_CC_IRQHandler
                0x08000c78                DMA2_Stream5_IRQHandler
                0x08000c78                JPEG_IRQHandler
                0x08000c78                DMA1_Stream5_IRQHandler
                0x08000c78                EXTI3_IRQHandler
                0x08000c78                LPTIM4_IRQHandler
                0x08000c78                TIM8_TRG_COM_TIM14_IRQHandler
                0x08000c78                LPTIM2_IRQHandler
                0x08000c78                DFSDM1_FLT1_IRQHandler
                0x08000c78                DMAMUX2_OVR_IRQHandler
                0x08000c78                GFXMMU_IRQHandler
                0x08000c78                TIM8_UP_TIM13_IRQHandler
                0x08000c78                I2C3_ER_IRQHandler
                0x08000c78                DFSDM1_FLT2_IRQHandler
                0x08000c78                USART10_IRQHandler
                0x08000c78                MDMA_IRQHandler
                0x08000c78                LPTIM3_IRQHandler
                0x08000c78                BDMA2_Channel3_IRQHandler
                0x08000c78                HSEM1_IRQHandler
                0x08000c78                EXTI0_IRQHandler
                0x08000c78                I2C2_EV_IRQHandler
                0x08000c78                DAC2_IRQHandler
                0x08000c78                DMA1_Stream2_IRQHandler
                0x08000c78                FPU_IRQHandler
                0x08000c78                OTG_HS_WKUP_IRQHandler
                0x08000c78                FDCAN1_IT1_IRQHandler
                0x08000c78                LTDC_ER_IRQHandler
                0x08000c78                DMA2_Stream2_IRQHandler
                0x08000c78                SPI1_IRQHandler
                0x08000c78                OCTOSPI1_IRQHandler
                0x08000c78                TIM6_DAC_IRQHandler
                0x08000c78                BDMA2_Channel6_IRQHandler
                0x08000c78                DMA2_Stream3_IRQHandler
                0x08000c78                OCTOSPI2_IRQHandler
                0x08000c78                SAI2_IRQHandler
                0x08000c78                BDMA1_IRQHandler
                0x08000c78                DFSDM1_FLT3_IRQHandler
                0x08000c78                USART6_IRQHandler
                0x08000c78                TIM17_IRQHandler
                0x08000c78                USART3_IRQHandler
                0x08000c78                LPTIM5_IRQHandler
                0x08000c78                UART5_IRQHandler
                0x08000c78                DMA2_Stream0_IRQHandler
                0x08000c78                TIM4_IRQHandler
                0x08000c78                I2C1_EV_IRQHandler
                0x08000c78                DMA1_Stream6_IRQHandler
                0x08000c78                DMAMUX1_OVR_IRQHandler
                0x08000c78                DMA1_Stream1_IRQHandler
                0x08000c78                TIM16_IRQHandler
                0x08000c78                UART4_IRQHandler
                0x08000c78                TIM3_IRQHandler
                0x08000c78                RCC_IRQHandler
                0x08000c78                UART9_IRQHandler
                0x08000c78                TIM8_BRK_TIM12_IRQHandler
                0x08000c78                TIM1_TRG_COM_IRQHandler
                0x08000c78                Default_Handler
                0x08000c78                ECC_IRQHandler
                0x08000c78                BDMA2_Channel2_IRQHandler
                0x08000c78                CEC_IRQHandler
                0x08000c78                EXTI15_10_IRQHandler
                0x08000c78                DFSDM1_FLT4_IRQHandler
                0x08000c78                ADC_IRQHandler
                0x08000c78                DMA1_Stream7_IRQHandler
                0x08000c78                SPI5_IRQHandler
                0x08000c78                TIM7_IRQHandler
                0x08000c78                SDMMC1_IRQHandler
                0x08000c78                TIM5_IRQHandler
                0x08000c78                DMA2_Stream7_IRQHandler
                0x08000c78                TIM15_IRQHandler
                0x08000c78                I2C3_EV_IRQHandler
                0x08000c78                DFSDM2_IRQHandler
                0x08000c78                EXTI9_5_IRQHandler
                0x08000c78                RTC_WKUP_IRQHandler
                0x08000c78                LTDC_IRQHandler
                0x08000c78                SPDIF_RX_IRQHandler
                0x08000c78                PVD_PVM_IRQHandler
                0x08000c78                SPI2_IRQHandler
                0x08000c78                OTG_HS_EP1_IN_IRQHandler
                0x08000c78                DFSDM1_FLT5_IRQHandler
                0x08000c78                DMA1_Stream0_IRQHandler
                0x08000c78                CRS_IRQHandler
                0x08000c78                EXTI4_IRQHandler
                0x08000c78                DFSDM1_FLT6_IRQHandler
                0x08000c78                RNG_IRQHandler
                0x08000c78                FDCAN2_IT1_IRQHandler
                0x08000c78                COMP_IRQHandler
                0x08000c78                TIM1_UP_IRQHandler
                0x08000c78                OTG_HS_EP1_OUT_IRQHandler
                0x08000c78                WWDG_IRQHandler
                0x08000c78                SPI6_IRQHandler
                0x08000c78                MDIOS_IRQHandler
                0x08000c78                I2C4_EV_IRQHandler
                0x08000c78                FDCAN2_IT0_IRQHandler
                0x08000c78                LPUART1_IRQHandler
                0x08000c78                FDCAN1_IT0_IRQHandler
                0x08000c78                TIM2_IRQHandler
                0x08000c78                BDMA2_Channel5_IRQHandler
                0x08000c78                OTG_HS_IRQHandler
                0x08000c78                DMA2D_IRQHandler
                0x08000c78                TIM1_BRK_IRQHandler
                0x08000c78                EXTI1_IRQHandler
                0x08000c78                SDMMC2_IRQHandler
                0x08000c78                DTS_IRQHandler
                0x08000c78                UART7_IRQHandler
                0x08000c78                MDIOS_WKUP_IRQHandler
                0x08000c78                USART2_IRQHandler
                0x08000c78                DFSDM1_FLT0_IRQHandler
                0x08000c78                I2C2_ER_IRQHandler
                0x08000c78                DMA2_Stream1_IRQHandler
                0x08000c78                DFSDM1_FLT7_IRQHandler
                0x08000c78                FLASH_IRQHandler
                0x08000c78                DMA2_Stream4_IRQHandler
                0x08000c78                USART1_IRQHandler
                0x08000c78                SPI3_IRQHandler
                0x08000c78                WAKEUP_PIN_IRQHandler
                0x08000c78                DMA1_Stream4_IRQHandler
                0x08000c78                I2C1_ER_IRQHandler
                0x08000c78                FMC_IRQHandler
                0x08000c78                BDMA2_Channel7_IRQHandler
                0x08000c78                FDCAN_CAL_IRQHandler
                0x08000c78                SWPMI1_IRQHandler
                0x08000c78                LPTIM1_IRQHandler
                0x08000c78                DCMI_PSSI_IRQHandler
                0x08000c78                I2C4_ER_IRQHandler
                0x08000c78                DMA2_Stream6_IRQHandler
                0x08000c78                SAI1_IRQHandler
                0x08000c78                DMA1_Stream3_IRQHandler
                0x08000c78                RTC_TAMP_STAMP_CSS_LSE_IRQHandler
                0x08000c78                BDMA2_Channel4_IRQHandler
 *fill*         0x08000c7a        0x2 
 .text.HAL_Init
                0x08000c7c       0x78 ./Drivers/STM32H7xx_HAL_Driver/Src/stm32h7xx_hal.o
                0x08000c7c                HAL_Init
 .text.HAL_InitTick
                0x08000cf4       0x6c ./Drivers/STM32H7xx_HAL_Driver/Src/stm32h7xx_hal.o
                0x08000cf4                HAL_InitTick
 .text.HAL_IncTick
                0x08000d60       0x28 ./Drivers/STM32H7xx_HAL_Driver/Src/stm32h7xx_hal.o
                0x08000d60                HAL_IncTick
 .text.HAL_GetTick
                0x08000d88       0x18 ./Drivers/STM32H7xx_HAL_Driver/Src/stm32h7xx_hal.o
                0x08000d88                HAL_GetTick
 .text.HAL_Delay
                0x08000da0       0x48 ./Drivers/STM32H7xx_HAL_Driver/Src/stm32h7xx_hal.o
                0x08000da0                HAL_Delay
 .text.__NVIC_SetPriorityGrouping
                0x08000de8       0x48 ./Drivers/STM32H7xx_HAL_Driver/Src/stm32h7xx_hal_cortex.o
 .text.__NVIC_GetPriorityGrouping
                0x08000e30       0x1c ./Drivers/STM32H7xx_HAL_Driver/Src/stm32h7xx_hal_cortex.o
 .text.__NVIC_SetPriority
                0x08000e4c       0x54 ./Drivers/STM32H7xx_HAL_Driver/Src/stm32h7xx_hal_cortex.o
 .text.NVIC_EncodePriority
                0x08000ea0       0x66 ./Drivers/STM32H7xx_HAL_Driver/Src/stm32h7xx_hal_cortex.o
 *fill*         0x08000f06        0x2 
 .text.SysTick_Config
                0x08000f08       0x44 ./Drivers/STM32H7xx_HAL_Driver/Src/stm32h7xx_hal_cortex.o
 .text.HAL_NVIC_SetPriorityGrouping
                0x08000f4c       0x16 ./Drivers/STM32H7xx_HAL_Driver/Src/stm32h7xx_hal_cortex.o
                0x08000f4c                HAL_NVIC_SetPriorityGrouping
 .text.HAL_NVIC_SetPriority
                0x08000f62       0x34 ./Drivers/STM32H7xx_HAL_Driver/Src/stm32h7xx_hal_cortex.o
                0x08000f62                HAL_NVIC_SetPriority
 .text.HAL_SYSTICK_Config
                0x08000f96       0x18 ./Drivers/STM32H7xx_HAL_Driver/Src/stm32h7xx_hal_cortex.o
                0x08000f96                HAL_SYSTICK_Config
 *fill*         0x08000fae        0x2 
 .text.HAL_GPIO_Init
                0x08000fb0      0x360 ./Drivers/STM32H7xx_HAL_Driver/Src/stm32h7xx_hal_gpio.o
                0x08000fb0                HAL_GPIO_Init
 .text.HAL_GPIO_WritePin
                0x08001310       0x32 ./Drivers/STM32H7xx_HAL_Driver/Src/stm32h7xx_hal_gpio.o
                0x08001310                HAL_GPIO_WritePin
 *fill*         0x08001342        0x2 
 .text.HAL_PWREx_ConfigSupply
                0x08001344       0xb4 ./Drivers/STM32H7xx_HAL_Driver/Src/stm32h7xx_hal_pwr_ex.o
                0x08001344                HAL_PWREx_ConfigSupply
 .text.HAL_RCC_OscConfig
                0x080013f8      0x864 ./Drivers/STM32H7xx_HAL_Driver/Src/stm32h7xx_hal_rcc.o
                0x080013f8                HAL_RCC_OscConfig
 .text.HAL_RCC_ClockConfig
                0x08001c5c      0x36c ./Drivers/STM32H7xx_HAL_Driver/Src/stm32h7xx_hal_rcc.o
                0x08001c5c                HAL_RCC_ClockConfig
 .text.HAL_RCC_GetSysClockFreq
                0x08001fc8      0x2f4 ./Drivers/STM32H7xx_HAL_Driver/Src/stm32h7xx_hal_rcc.o
                0x08001fc8                HAL_RCC_GetSysClockFreq
 .text.HAL_RCC_GetHCLKFreq
                0x080022bc       0x60 ./Drivers/STM32H7xx_HAL_Driver/Src/stm32h7xx_hal_rcc.o
                0x080022bc                HAL_RCC_GetHCLKFreq
 .text.HAL_RCC_GetPCLK1Freq
                0x0800231c       0x2c ./Drivers/STM32H7xx_HAL_Driver/Src/stm32h7xx_hal_rcc.o
                0x0800231c                HAL_RCC_GetPCLK1Freq
 .text.HAL_RCC_GetPCLK2Freq
                0x08002348       0x2c ./Drivers/STM32H7xx_HAL_Driver/Src/stm32h7xx_hal_rcc.o
                0x08002348                HAL_RCC_GetPCLK2Freq
 .text.HAL_RCCEx_PeriphCLKConfig
                0x08002374     0x137c ./Drivers/STM32H7xx_HAL_Driver/Src/stm32h7xx_hal_rcc_ex.o
                0x08002374                HAL_RCCEx_PeriphCLKConfig
 .text.HAL_RCCEx_GetD3PCLK1Freq
                0x080036f0       0x2c ./Drivers/STM32H7xx_HAL_Driver/Src/stm32h7xx_hal_rcc_ex.o
                0x080036f0                HAL_RCCEx_GetD3PCLK1Freq
 .text.HAL_RCCEx_GetPLL2ClockFreq
                0x0800371c      0x2a8 ./Drivers/STM32H7xx_HAL_Driver/Src/stm32h7xx_hal_rcc_ex.o
                0x0800371c                HAL_RCCEx_GetPLL2ClockFreq
 .text.HAL_RCCEx_GetPLL3ClockFreq
                0x080039c4      0x2a8 ./Drivers/STM32H7xx_HAL_Driver/Src/stm32h7xx_hal_rcc_ex.o
                0x080039c4                HAL_RCCEx_GetPLL3ClockFreq
 .text.RCCEx_PLL2_Config
                0x08003c6c      0x164 ./Drivers/STM32H7xx_HAL_Driver/Src/stm32h7xx_hal_rcc_ex.o
 .text.RCCEx_PLL3_Config
                0x08003dd0      0x164 ./Drivers/STM32H7xx_HAL_Driver/Src/stm32h7xx_hal_rcc_ex.o
 .text.HAL_UART_Init
                0x08003f34       0xa0 ./Drivers/STM32H7xx_HAL_Driver/Src/stm32h7xx_hal_uart.o
                0x08003f34                HAL_UART_Init
 .text.UART_SetConfig
                0x08003fd4      0xcd8 ./Drivers/STM32H7xx_HAL_Driver/Src/stm32h7xx_hal_uart.o
                0x08003fd4                UART_SetConfig
 .text.UART_AdvFeatureConfig
                0x08004cac      0x144 ./Drivers/STM32H7xx_HAL_Driver/Src/stm32h7xx_hal_uart.o
                0x08004cac                UART_AdvFeatureConfig
 .text.UART_CheckIdleState
                0x08004df0      0x154 ./Drivers/STM32H7xx_HAL_Driver/Src/stm32h7xx_hal_uart.o
                0x08004df0                UART_CheckIdleState
 .text.UART_WaitOnFlagUntilTimeout
                0x08004f44       0xda ./Drivers/STM32H7xx_HAL_Driver/Src/stm32h7xx_hal_uart.o
                0x08004f44                UART_WaitOnFlagUntilTimeout
 *fill*         0x0800501e        0x2 
 .text.UART_EndRxTransfer
                0x08005020       0xcc ./Drivers/STM32H7xx_HAL_Driver/Src/stm32h7xx_hal_uart.o
 .text.HAL_UARTEx_DisableFifoMode
                0x080050ec       0x72 ./Drivers/STM32H7xx_HAL_Driver/Src/stm32h7xx_hal_uart_ex.o
                0x080050ec                HAL_UARTEx_DisableFifoMode
 .text.HAL_UARTEx_SetTxFifoThreshold
                0x0800515e       0x7c ./Drivers/STM32H7xx_HAL_Driver/Src/stm32h7xx_hal_uart_ex.o
                0x0800515e                HAL_UARTEx_SetTxFifoThreshold
 .text.HAL_UARTEx_SetRxFifoThreshold
                0x080051da       0x7c ./Drivers/STM32H7xx_HAL_Driver/Src/stm32h7xx_hal_uart_ex.o
                0x080051da                HAL_UARTEx_SetRxFifoThreshold
 *fill*         0x08005256        0x2 
 .text.UARTEx_SetNbDataToProcess
                0x08005258       0x9c ./Drivers/STM32H7xx_HAL_Driver/Src/stm32h7xx_hal_uart_ex.o
 .text.memset   0x080052f4       0x10 C:/ST/STM32CubeIDE_1.15.0/STM32CubeIDE/plugins/com.st.stm32cube.ide.mcu.externaltools.gnu-tools-for-stm32.12.3.rel1.win32_1.0.100.202403111256/tools/bin/../lib/gcc/arm-none-eabi/12.3.1/../../../../arm-none-eabi/lib/thumb/v7e-m+dp/hard\libc_nano.a(libc_a-memset.o)
                0x080052f4                memset
 .text.__libc_init_array
                0x08005304       0x48 C:/ST/STM32CubeIDE_1.15.0/STM32CubeIDE/plugins/com.st.stm32cube.ide.mcu.externaltools.gnu-tools-for-stm32.12.3.rel1.win32_1.0.100.202403111256/tools/bin/../lib/gcc/arm-none-eabi/12.3.1/../../../../arm-none-eabi/lib/thumb/v7e-m+dp/hard\libc_nano.a(libc_a-init.o)
                0x08005304                __libc_init_array
 *(.glue_7)
 .glue_7        0x0800534c        0x0 linker stubs
 *(.glue_7t)
 .glue_7t       0x0800534c        0x0 linker stubs
 *(.eh_frame)
 .eh_frame      0x0800534c        0x0 C:/ST/STM32CubeIDE_1.15.0/STM32CubeIDE/plugins/com.st.stm32cube.ide.mcu.externaltools.gnu-tools-for-stm32.12.3.rel1.win32_1.0.100.202403111256/tools/bin/../lib/gcc/arm-none-eabi/12.3.1/thumb/v7e-m+dp/hard/crtbegin.o
 *(.init)
 .init          0x0800534c        0x4 C:/ST/STM32CubeIDE_1.15.0/STM32CubeIDE/plugins/com.st.stm32cube.ide.mcu.externaltools.gnu-tools-for-stm32.12.3.rel1.win32_1.0.100.202403111256/tools/bin/../lib/gcc/arm-none-eabi/12.3.1/thumb/v7e-m+dp/hard/crti.o
                0x0800534c                _init
 .init          0x08005350        0x8 C:/ST/STM32CubeIDE_1.15.0/STM32CubeIDE/plugins/com.st.stm32cube.ide.mcu.externaltools.gnu-tools-for-stm32.12.3.rel1.win32_1.0.100.202403111256/tools/bin/../lib/gcc/arm-none-eabi/12.3.1/thumb/v7e-m+dp/hard/crtn.o
 *(.fini)
 .fini          0x08005358        0x4 C:/ST/STM32CubeIDE_1.15.0/STM32CubeIDE/plugins/com.st.stm32cube.ide.mcu.externaltools.gnu-tools-for-stm32.12.3.rel1.win32_1.0.100.202403111256/tools/bin/../lib/gcc/arm-none-eabi/12.3.1/thumb/v7e-m+dp/hard/crti.o
                0x08005358                _fini
 .fini          0x0800535c        0x8 C:/ST/STM32CubeIDE_1.15.0/STM32CubeIDE/plugins/com.st.stm32cube.ide.mcu.externaltools.gnu-tools-for-stm32.12.3.rel1.win32_1.0.100.202403111256/tools/bin/../lib/gcc/arm-none-eabi/12.3.1/thumb/v7e-m+dp/hard/crtn.o
                0x08005364                        . = ALIGN (0x4)
                0x08005364                        _etext = .

.vfp11_veneer   0x08005364        0x0
 .vfp11_veneer  0x08005364        0x0 linker stubs

.v4_bx          0x08005364        0x0
 .v4_bx         0x08005364        0x0 linker stubs

.iplt           0x08005364        0x0
 .iplt          0x08005364        0x0 C:/ST/STM32CubeIDE_1.15.0/STM32CubeIDE/plugins/com.st.stm32cube.ide.mcu.externaltools.gnu-tools-for-stm32.12.3.rel1.win32_1.0.100.202403111256/tools/bin/../lib/gcc/arm-none-eabi/12.3.1/thumb/v7e-m+dp/hard/crtbegin.o

.rodata         0x08005364       0x38
                0x08005364                        . = ALIGN (0x4)
 *(.rodata)
 *(.rodata*)
 .rodata.D1CorePrescTable
                0x08005364       0x10 ./Core/Src/system_stm32h7xx.o
                0x08005364                D1CorePrescTable
 .rodata.UARTPrescTable
                0x08005374       0x18 ./Drivers/STM32H7xx_HAL_Driver/Src/stm32h7xx_hal_uart.o
                0x08005374                UARTPrescTable
 .rodata.numerator.1
                0x0800538c        0x8 ./Drivers/STM32H7xx_HAL_Driver/Src/stm32h7xx_hal_uart_ex.o
 .rodata.denominator.0
                0x08005394        0x8 ./Drivers/STM32H7xx_HAL_Driver/Src/stm32h7xx_hal_uart_ex.o
                0x0800539c                        . = ALIGN (0x4)

.ARM.extab
 *(.ARM.extab* .gnu.linkonce.armextab.*)

.ARM            0x0800539c        0x8
                0x0800539c                        __exidx_start = .
 *(.ARM.exidx*)
 .ARM.exidx     0x0800539c        0x8 C:/ST/STM32CubeIDE_1.15.0/STM32CubeIDE/plugins/com.st.stm32cube.ide.mcu.externaltools.gnu-tools-for-stm32.12.3.rel1.win32_1.0.100.202403111256/tools/bin/../lib/gcc/arm-none-eabi/12.3.1/thumb/v7e-m+dp/hard\libgcc.a(_udivmoddi4.o)
                0x080053a4                        __exidx_end = .

.preinit_array  0x080053a4        0x0
                0x080053a4                        PROVIDE (__preinit_array_start = .)
 *(.preinit_array*)
                0x080053a4                        PROVIDE (__preinit_array_end = .)

.init_array     0x080053a4        0x4
                0x080053a4                        PROVIDE (__init_array_start = .)
 *(SORT_BY_NAME(.init_array.*))
 *(.init_array*)
 .init_array    0x080053a4        0x4 C:/ST/STM32CubeIDE_1.15.0/STM32CubeIDE/plugins/com.st.stm32cube.ide.mcu.externaltools.gnu-tools-for-stm32.12.3.rel1.win32_1.0.100.202403111256/tools/bin/../lib/gcc/arm-none-eabi/12.3.1/thumb/v7e-m+dp/hard/crtbegin.o
                0x080053a8                        PROVIDE (__init_array_end = .)

.fini_array     0x080053a8        0x4
                [!provide]                        PROVIDE (__fini_array_start = .)
 *(SORT_BY_NAME(.fini_array.*))
 *(.fini_array*)
 .fini_array    0x080053a8        0x4 C:/ST/STM32CubeIDE_1.15.0/STM32CubeIDE/plugins/com.st.stm32cube.ide.mcu.externaltools.gnu-tools-for-stm32.12.3.rel1.win32_1.0.100.202403111256/tools/bin/../lib/gcc/arm-none-eabi/12.3.1/thumb/v7e-m+dp/hard/crtbegin.o
                [!provide]                        PROVIDE (__fini_array_end = .)
                0x080053ac                        _sidata = LOADADDR (.data)

.rel.dyn        0x080053ac        0x0
 .rel.iplt      0x080053ac        0x0 C:/ST/STM32CubeIDE_1.15.0/STM32CubeIDE/plugins/com.st.stm32cube.ide.mcu.externaltools.gnu-tools-for-stm32.12.3.rel1.win32_1.0.100.202403111256/tools/bin/../lib/gcc/arm-none-eabi/12.3.1/thumb/v7e-m+dp/hard/crtbegin.o

.data           0x24000000       0x10 load address 0x080053ac
                0x24000000                        . = ALIGN (0x4)
                0x24000000                        _sdata = .
 *(.data)
 *(.data*)
 .data.SystemCoreClock
                0x24000000        0x4 ./Core/Src/system_stm32h7xx.o
                0x24000000                SystemCoreClock
 .data.SystemD2Clock
                0x24000004        0x4 ./Core/Src/system_stm32h7xx.o
                0x24000004                SystemD2Clock
 .data.uwTickPrio
                0x24000008        0x4 ./Drivers/STM32H7xx_HAL_Driver/Src/stm32h7xx_hal.o
                0x24000008                uwTickPrio
 .data.uwTickFreq
                0x2400000c        0x1 ./Drivers/STM32H7xx_HAL_Driver/Src/stm32h7xx_hal.o
                0x2400000c                uwTickFreq
 *(.RamFunc)
 *(.RamFunc*)
                0x24000010                        . = ALIGN (0x4)
 *fill*         0x2400000d        0x3 
                0x24000010                        _edata = .

.igot.plt       0x24000010        0x0 load address 0x080053bc
 .igot.plt      0x24000010        0x0 C:/ST/STM32CubeIDE_1.15.0/STM32CubeIDE/plugins/com.st.stm32cube.ide.mcu.externaltools.gnu-tools-for-stm32.12.3.rel1.win32_1.0.100.202403111256/tools/bin/../lib/gcc/arm-none-eabi/12.3.1/thumb/v7e-m+dp/hard/crtbegin.o
                0x24000010                        . = ALIGN (0x4)

.bss            0x24000010       0xb4 load address 0x080053bc
                0x24000010                        _sbss = .
                0x24000010                        __bss_start__ = _sbss
 *(.bss)
 .bss           0x24000010       0x1c C:/ST/STM32CubeIDE_1.15.0/STM32CubeIDE/plugins/com.st.stm32cube.ide.mcu.externaltools.gnu-tools-for-stm32.12.3.rel1.win32_1.0.100.202403111256/tools/bin/../lib/gcc/arm-none-eabi/12.3.1/thumb/v7e-m+dp/hard/crtbegin.o
 *(.bss*)
 .bss.huart3    0x2400002c       0x94 ./Core/Src/main.o
                0x2400002c                huart3
 .bss.uwTick    0x240000c0        0x4 ./Drivers/STM32H7xx_HAL_Driver/Src/stm32h7xx_hal.o
                0x240000c0                uwTick
 *(COMMON)
                0x240000c4                        . = ALIGN (0x4)
                0x240000c4                        _ebss = .
                0x240000c4                        __bss_end__ = _ebss

._user_heap_stack
                0x240000c4      0x604 load address 0x080053bc
                0x240000c8                        . = ALIGN (0x8)
 *fill*         0x240000c4        0x4 
                [!provide]                        PROVIDE (end = .)
                0x240000c8                        PROVIDE (_end = .)
                0x240002c8                        . = (. + _Min_Heap_Size)
 *fill*         0x240000c8      0x200 
                0x240006c8                        . = (. + _Min_Stack_Size)
 *fill*         0x240002c8      0x400 
                0x240006c8                        . = ALIGN (0x8)

/DISCARD/
 libc.a(*)
 libm.a(*)
 libgcc.a(*)

.ARM.attributes
                0x00000000       0x2e
 *(.ARM.attributes)
 .ARM.attributes
                0x00000000       0x20 C:/ST/STM32CubeIDE_1.15.0/STM32CubeIDE/plugins/com.st.stm32cube.ide.mcu.externaltools.gnu-tools-for-stm32.12.3.rel1.win32_1.0.100.202403111256/tools/bin/../lib/gcc/arm-none-eabi/12.3.1/thumb/v7e-m+dp/hard/crti.o
 .ARM.attributes
                0x00000020       0x32 C:/ST/STM32CubeIDE_1.15.0/STM32CubeIDE/plugins/com.st.stm32cube.ide.mcu.externaltools.gnu-tools-for-stm32.12.3.rel1.win32_1.0.100.202403111256/tools/bin/../lib/gcc/arm-none-eabi/12.3.1/thumb/v7e-m+dp/hard/crtbegin.o
 .ARM.attributes
                0x00000052       0x32 ./Core/Src/main.o
 .ARM.attributes
                0x00000084       0x32 ./Core/Src/stm32h7xx_hal_msp.o
 .ARM.attributes
                0x000000b6       0x32 ./Core/Src/stm32h7xx_it.o
 .ARM.attributes
                0x000000e8       0x32 ./Core/Src/system_stm32h7xx.o
 .ARM.attributes
                0x0000011a       0x21 ./Core/Startup/startup_stm32h7a3zitxq.o
 .ARM.attributes
                0x0000013b       0x32 ./Drivers/STM32H7xx_HAL_Driver/Src/stm32h7xx_hal.o
 .ARM.attributes
                0x0000016d       0x32 ./Drivers/STM32H7xx_HAL_Driver/Src/stm32h7xx_hal_cortex.o
 .ARM.attributes
                0x0000019f       0x32 ./Drivers/STM32H7xx_HAL_Driver/Src/stm32h7xx_hal_gpio.o
 .ARM.attributes
                0x000001d1       0x32 ./Drivers/STM32H7xx_HAL_Driver/Src/stm32h7xx_hal_pwr_ex.o
 .ARM.attributes
                0x00000203       0x32 ./Drivers/STM32H7xx_HAL_Driver/Src/stm32h7xx_hal_rcc.o
 .ARM.attributes
                0x00000235       0x32 ./Drivers/STM32H7xx_HAL_Driver/Src/stm32h7xx_hal_rcc_ex.o
 .ARM.attributes
                0x00000267       0x32 ./Drivers/STM32H7xx_HAL_Driver/Src/stm32h7xx_hal_uart.o
 .ARM.attributes
                0x00000299       0x32 ./Drivers/STM32H7xx_HAL_Driver/Src/stm32h7xx_hal_uart_ex.o
 .ARM.attributes
                0x000002cb       0x32 C:/ST/STM32CubeIDE_1.15.0/STM32CubeIDE/plugins/com.st.stm32cube.ide.mcu.externaltools.gnu-tools-for-stm32.12.3.rel1.win32_1.0.100.202403111256/tools/bin/../lib/gcc/arm-none-eabi/12.3.1/../../../../arm-none-eabi/lib/thumb/v7e-m+dp/hard\libc_nano.a(libc_a-memset.o)
 .ARM.attributes
                0x000002fd       0x32 C:/ST/STM32CubeIDE_1.15.0/STM32CubeIDE/plugins/com.st.stm32cube.ide.mcu.externaltools.gnu-tools-for-stm32.12.3.rel1.win32_1.0.100.202403111256/tools/bin/../lib/gcc/arm-none-eabi/12.3.1/../../../../arm-none-eabi/lib/thumb/v7e-m+dp/hard\libc_nano.a(libc_a-init.o)
 .ARM.attributes
                0x0000032f       0x20 C:/ST/STM32CubeIDE_1.15.0/STM32CubeIDE/plugins/com.st.stm32cube.ide.mcu.externaltools.gnu-tools-for-stm32.12.3.rel1.win32_1.0.100.202403111256/tools/bin/../lib/gcc/arm-none-eabi/12.3.1/thumb/v7e-m+dp/hard\libgcc.a(_aeabi_uldivmod.o)
 .ARM.attributes
                0x0000034f       0x32 C:/ST/STM32CubeIDE_1.15.0/STM32CubeIDE/plugins/com.st.stm32cube.ide.mcu.externaltools.gnu-tools-for-stm32.12.3.rel1.win32_1.0.100.202403111256/tools/bin/../lib/gcc/arm-none-eabi/12.3.1/thumb/v7e-m+dp/hard\libgcc.a(_udivmoddi4.o)
 .ARM.attributes
                0x00000381       0x20 C:/ST/STM32CubeIDE_1.15.0/STM32CubeIDE/plugins/com.st.stm32cube.ide.mcu.externaltools.gnu-tools-for-stm32.12.3.rel1.win32_1.0.100.202403111256/tools/bin/../lib/gcc/arm-none-eabi/12.3.1/thumb/v7e-m+dp/hard\libgcc.a(_dvmd_tls.o)
 .ARM.attributes
                0x000003a1       0x20 C:/ST/STM32CubeIDE_1.15.0/STM32CubeIDE/plugins/com.st.stm32cube.ide.mcu.externaltools.gnu-tools-for-stm32.12.3.rel1.win32_1.0.100.202403111256/tools/bin/../lib/gcc/arm-none-eabi/12.3.1/thumb/v7e-m+dp/hard/crtn.o
OUTPUT(blinking_led.elf elf32-littlearm)
LOAD linker stubs
LOAD C:/ST/STM32CubeIDE_1.15.0/STM32CubeIDE/plugins/com.st.stm32cube.ide.mcu.externaltools.gnu-tools-for-stm32.12.3.rel1.win32_1.0.100.202403111256/tools/bin/../lib/gcc/arm-none-eabi/12.3.1/../../../../arm-none-eabi/lib/thumb/v7e-m+dp/hard\libc.a
LOAD C:/ST/STM32CubeIDE_1.15.0/STM32CubeIDE/plugins/com.st.stm32cube.ide.mcu.externaltools.gnu-tools-for-stm32.12.3.rel1.win32_1.0.100.202403111256/tools/bin/../lib/gcc/arm-none-eabi/12.3.1/../../../../arm-none-eabi/lib/thumb/v7e-m+dp/hard\libm.a
LOAD C:/ST/STM32CubeIDE_1.15.0/STM32CubeIDE/plugins/com.st.stm32cube.ide.mcu.externaltools.gnu-tools-for-stm32.12.3.rel1.win32_1.0.100.202403111256/tools/bin/../lib/gcc/arm-none-eabi/12.3.1/thumb/v7e-m+dp/hard\libgcc.a

.debug_info     0x00000000     0xea27
 .debug_info    0x00000000     0x11c9 ./Core/Src/main.o
 .debug_info    0x000011c9     0x1063 ./Core/Src/stm32h7xx_hal_msp.o
 .debug_info    0x0000222c      0x128 ./Core/Src/stm32h7xx_it.o
 .debug_info    0x00002354      0xc73 ./Core/Src/system_stm32h7xx.o
 .debug_info    0x00002fc7       0x30 ./Core/Startup/startup_stm32h7a3zitxq.o
 .debug_info    0x00002ff7     0x13f1 ./Drivers/STM32H7xx_HAL_Driver/Src/stm32h7xx_hal.o
 .debug_info    0x000043e8     0x108e ./Drivers/STM32H7xx_HAL_Driver/Src/stm32h7xx_hal_cortex.o
 .debug_info    0x00005476      0xb2b ./Drivers/STM32H7xx_HAL_Driver/Src/stm32h7xx_hal_gpio.o
 .debug_info    0x00005fa1      0xef7 ./Drivers/STM32H7xx_HAL_Driver/Src/stm32h7xx_hal_pwr_ex.o
 .debug_info    0x00006e98      0xea1 ./Drivers/STM32H7xx_HAL_Driver/Src/stm32h7xx_hal_rcc.o
 .debug_info    0x00007d39     0x11fd ./Drivers/STM32H7xx_HAL_Driver/Src/stm32h7xx_hal_rcc_ex.o
 .debug_info    0x00008f36     0x4b32 ./Drivers/STM32H7xx_HAL_Driver/Src/stm32h7xx_hal_uart.o
 .debug_info    0x0000da68      0xfbf ./Drivers/STM32H7xx_HAL_Driver/Src/stm32h7xx_hal_uart_ex.o

.debug_abbrev   0x00000000     0x1c7a
 .debug_abbrev  0x00000000      0x2c9 ./Core/Src/main.o
 .debug_abbrev  0x000002c9      0x216 ./Core/Src/stm32h7xx_hal_msp.o
 .debug_abbrev  0x000004df       0x73 ./Core/Src/stm32h7xx_it.o
 .debug_abbrev  0x00000552      0x14a ./Core/Src/system_stm32h7xx.o
 .debug_abbrev  0x0000069c       0x24 ./Core/Startup/startup_stm32h7a3zitxq.o
 .debug_abbrev  0x000006c0      0x291 ./Drivers/STM32H7xx_HAL_Driver/Src/stm32h7xx_hal.o
 .debug_abbrev  0x00000951      0x339 ./Drivers/STM32H7xx_HAL_Driver/Src/stm32h7xx_hal_cortex.o
 .debug_abbrev  0x00000c8a      0x1fa ./Drivers/STM32H7xx_HAL_Driver/Src/stm32h7xx_hal_gpio.o
 .debug_abbrev  0x00000e84      0x297 ./Drivers/STM32H7xx_HAL_Driver/Src/stm32h7xx_hal_pwr_ex.o
 .debug_abbrev  0x0000111b      0x2c5 ./Drivers/STM32H7xx_HAL_Driver/Src/stm32h7xx_hal_rcc.o
 .debug_abbrev  0x000013e0      0x27a ./Drivers/STM32H7xx_HAL_Driver/Src/stm32h7xx_hal_rcc_ex.o
 .debug_abbrev  0x0000165a      0x34e ./Drivers/STM32H7xx_HAL_Driver/Src/stm32h7xx_hal_uart.o
 .debug_abbrev  0x000019a8      0x2d2 ./Drivers/STM32H7xx_HAL_Driver/Src/stm32h7xx_hal_uart_ex.o

.debug_aranges  0x00000000      0xa40
 .debug_aranges
                0x00000000       0x48 ./Core/Src/main.o
 .debug_aranges
                0x00000048       0x30 ./Core/Src/stm32h7xx_hal_msp.o
 .debug_aranges
                0x00000078       0x60 ./Core/Src/stm32h7xx_it.o
 .debug_aranges
                0x000000d8       0x28 ./Core/Src/system_stm32h7xx.o
 .debug_aranges
                0x00000100       0x28 ./Core/Startup/startup_stm32h7a3zitxq.o
 .debug_aranges
                0x00000128      0x1a0 ./Drivers/STM32H7xx_HAL_Driver/Src/stm32h7xx_hal.o
 .debug_aranges
                0x000002c8      0x130 ./Drivers/STM32H7xx_HAL_Driver/Src/stm32h7xx_hal_cortex.o
 .debug_aranges
                0x000003f8       0x58 ./Drivers/STM32H7xx_HAL_Driver/Src/stm32h7xx_hal_gpio.o
 .debug_aranges
                0x00000450      0x188 ./Drivers/STM32H7xx_HAL_Driver/Src/stm32h7xx_hal_pwr_ex.o
 .debug_aranges
                0x000005d8       0x88 ./Drivers/STM32H7xx_HAL_Driver/Src/stm32h7xx_hal_rcc.o
 .debug_aranges
                0x00000660       0xf0 ./Drivers/STM32H7xx_HAL_Driver/Src/stm32h7xx_hal_rcc_ex.o
 .debug_aranges
                0x00000750      0x248 ./Drivers/STM32H7xx_HAL_Driver/Src/stm32h7xx_hal_uart.o
 .debug_aranges
                0x00000998       0xa8 ./Drivers/STM32H7xx_HAL_Driver/Src/stm32h7xx_hal_uart_ex.o

.debug_rnglists
                0x00000000      0x7e3
 .debug_rnglists
                0x00000000       0x34 ./Core/Src/main.o
 .debug_rnglists
                0x00000034       0x20 ./Core/Src/stm32h7xx_hal_msp.o
 .debug_rnglists
                0x00000054       0x43 ./Core/Src/stm32h7xx_it.o
 .debug_rnglists
                0x00000097       0x1b ./Core/Src/system_stm32h7xx.o
 .debug_rnglists
                0x000000b2       0x19 ./Core/Startup/startup_stm32h7a3zitxq.o
 .debug_rnglists
                0x000000cb      0x137 ./Drivers/STM32H7xx_HAL_Driver/Src/stm32h7xx_hal.o
 .debug_rnglists
                0x00000202       0xe0 ./Drivers/STM32H7xx_HAL_Driver/Src/stm32h7xx_hal_cortex.o
 .debug_rnglists
                0x000002e2       0x3f ./Drivers/STM32H7xx_HAL_Driver/Src/stm32h7xx_hal_gpio.o
 .debug_rnglists
                0x00000321      0x127 ./Drivers/STM32H7xx_HAL_Driver/Src/stm32h7xx_hal_pwr_ex.o
 .debug_rnglists
                0x00000448       0x68 ./Drivers/STM32H7xx_HAL_Driver/Src/stm32h7xx_hal_rcc.o
 .debug_rnglists
                0x000004b0       0xba ./Drivers/STM32H7xx_HAL_Driver/Src/stm32h7xx_hal_rcc_ex.o
 .debug_rnglists
                0x0000056a      0x1fa ./Drivers/STM32H7xx_HAL_Driver/Src/stm32h7xx_hal_uart.o
 .debug_rnglists
                0x00000764       0x7f ./Drivers/STM32H7xx_HAL_Driver/Src/stm32h7xx_hal_uart_ex.o

.debug_macro    0x00000000    0x2eb79
 .debug_macro   0x00000000      0x2a3 ./Core/Src/main.o
 .debug_macro   0x000002a3      0xacc ./Core/Src/main.o
 .debug_macro   0x00000d6f      0x232 ./Core/Src/main.o
 .debug_macro   0x00000fa1       0x2e ./Core/Src/main.o
 .debug_macro   0x00000fcf       0x42 ./Core/Src/main.o
 .debug_macro   0x00001011       0x22 ./Core/Src/main.o
 .debug_macro   0x00001033       0x8e ./Core/Src/main.o
 .debug_macro   0x000010c1       0x51 ./Core/Src/main.o
 .debug_macro   0x00001112      0x103 ./Core/Src/main.o
 .debug_macro   0x00001215       0x6a ./Core/Src/main.o
 .debug_macro   0x0000127f      0x1df ./Core/Src/main.o
 .debug_macro   0x0000145e       0x1c ./Core/Src/main.o
 .debug_macro   0x0000147a       0x22 ./Core/Src/main.o
 .debug_macro   0x0000149c       0xfb ./Core/Src/main.o
 .debug_macro   0x00001597     0x1305 ./Core/Src/main.o
 .debug_macro   0x0000289c      0x11f ./Core/Src/main.o
 .debug_macro   0x000029bb       0x27 ./Core/Src/main.o
 .debug_macro   0x000029e2    0x1e941 ./Core/Src/main.o
 .debug_macro   0x00021323       0x6d ./Core/Src/main.o
 .debug_macro   0x00021390     0x3d80 ./Core/Src/main.o
 .debug_macro   0x00025110      0x189 ./Core/Src/main.o
 .debug_macro   0x00025299       0x61 ./Core/Src/main.o
 .debug_macro   0x000252fa       0x29 ./Core/Src/main.o
 .debug_macro   0x00025323       0x43 ./Core/Src/main.o
 .debug_macro   0x00025366       0x34 ./Core/Src/main.o
 .debug_macro   0x0002539a       0x16 ./Core/Src/main.o
 .debug_macro   0x000253b0       0x43 ./Core/Src/main.o
 .debug_macro   0x000253f3       0x34 ./Core/Src/main.o
 .debug_macro   0x00025427       0x10 ./Core/Src/main.o
 .debug_macro   0x00025437       0x58 ./Core/Src/main.o
 .debug_macro   0x0002548f       0x8e ./Core/Src/main.o
 .debug_macro   0x0002551d       0x1c ./Core/Src/main.o
 .debug_macro   0x00025539      0x177 ./Core/Src/main.o
 .debug_macro   0x000256b0      0x369 ./Core/Src/main.o
 .debug_macro   0x00025a19      0x19b ./Core/Src/main.o
 .debug_macro   0x00025bb4       0x5d ./Core/Src/main.o
 .debug_macro   0x00025c11     0x24ee ./Core/Src/main.o
 .debug_macro   0x000280ff     0x103a ./Core/Src/main.o
 .debug_macro   0x00029139      0x154 ./Core/Src/main.o
 .debug_macro   0x0002928d      0x114 ./Core/Src/main.o
 .debug_macro   0x000293a1      0x3d5 ./Core/Src/main.o
 .debug_macro   0x00029776       0xac ./Core/Src/main.o
 .debug_macro   0x00029822      0x70a ./Core/Src/main.o
 .debug_macro   0x00029f2c      0x20c ./Core/Src/main.o
 .debug_macro   0x0002a138       0x66 ./Core/Src/main.o
 .debug_macro   0x0002a19e      0x3c9 ./Core/Src/main.o
 .debug_macro   0x0002a567      0x3eb ./Core/Src/main.o
 .debug_macro   0x0002a952      0x275 ./Core/Src/main.o
 .debug_macro   0x0002abc7      0x6c8 ./Core/Src/main.o
 .debug_macro   0x0002b28f      0x520 ./Core/Src/main.o
 .debug_macro   0x0002b7af       0x58 ./Core/Src/main.o
 .debug_macro   0x0002b807       0x4a ./Core/Src/main.o
 .debug_macro   0x0002b851      0x22c ./Core/Src/main.o
 .debug_macro   0x0002ba7d       0x67 ./Core/Src/main.o
 .debug_macro   0x0002bae4       0xa5 ./Core/Src/main.o
 .debug_macro   0x0002bb89      0x1bd ./Core/Src/main.o
 .debug_macro   0x0002bd46      0x2dc ./Core/Src/main.o
 .debug_macro   0x0002c022       0x35 ./Core/Src/main.o
 .debug_macro   0x0002c057      0x693 ./Core/Src/main.o
 .debug_macro   0x0002c6ea       0xa6 ./Core/Src/main.o
 .debug_macro   0x0002c790      0x5be ./Core/Src/main.o
 .debug_macro   0x0002cd4e       0xc4 ./Core/Src/main.o
 .debug_macro   0x0002ce12      0x2a3 ./Core/Src/stm32h7xx_hal_msp.o
 .debug_macro   0x0002d0b5      0x2ad ./Core/Src/stm32h7xx_it.o
 .debug_macro   0x0002d362      0x294 ./Core/Src/system_stm32h7xx.o
 .debug_macro   0x0002d5f6      0x2be ./Drivers/STM32H7xx_HAL_Driver/Src/stm32h7xx_hal.o
 .debug_macro   0x0002d8b4      0x294 ./Drivers/STM32H7xx_HAL_Driver/Src/stm32h7xx_hal_cortex.o
 .debug_macro   0x0002db48      0x29b ./Drivers/STM32H7xx_HAL_Driver/Src/stm32h7xx_hal_gpio.o
 .debug_macro   0x0002dde3      0x2cd ./Drivers/STM32H7xx_HAL_Driver/Src/stm32h7xx_hal_pwr_ex.o
 .debug_macro   0x0002e0b0      0x2b8 ./Drivers/STM32H7xx_HAL_Driver/Src/stm32h7xx_hal_rcc.o
 .debug_macro   0x0002e368      0x2b2 ./Drivers/STM32H7xx_HAL_Driver/Src/stm32h7xx_hal_rcc_ex.o
 .debug_macro   0x0002e61a      0x2bf ./Drivers/STM32H7xx_HAL_Driver/Src/stm32h7xx_hal_uart.o
 .debug_macro   0x0002e8d9      0x2a0 ./Drivers/STM32H7xx_HAL_Driver/Src/stm32h7xx_hal_uart_ex.o

.debug_line     0x00000000     0xe062
 .debug_line    0x00000000      0xa4b ./Core/Src/main.o
 .debug_line    0x00000a4b      0x914 ./Core/Src/stm32h7xx_hal_msp.o
 .debug_line    0x0000135f      0x977 ./Core/Src/stm32h7xx_it.o
 .debug_line    0x00001cd6      0xa65 ./Core/Src/system_stm32h7xx.o
 .debug_line    0x0000273b       0x7a ./Core/Startup/startup_stm32h7a3zitxq.o
 .debug_line    0x000027b5      0xe72 ./Drivers/STM32H7xx_HAL_Driver/Src/stm32h7xx_hal.o
 .debug_line    0x00003627      0xe94 ./Drivers/STM32H7xx_HAL_Driver/Src/stm32h7xx_hal_cortex.o
 .debug_line    0x000044bb      0xd3d ./Drivers/STM32H7xx_HAL_Driver/Src/stm32h7xx_hal_gpio.o
 .debug_line    0x000051f8      0xffc ./Drivers/STM32H7xx_HAL_Driver/Src/stm32h7xx_hal_pwr_ex.o
 .debug_line    0x000061f4     0x13c0 ./Drivers/STM32H7xx_HAL_Driver/Src/stm32h7xx_hal_rcc.o
 .debug_line    0x000075b4     0x1c59 ./Drivers/STM32H7xx_HAL_Driver/Src/stm32h7xx_hal_rcc_ex.o
 .debug_line    0x0000920d     0x3f52 ./Drivers/STM32H7xx_HAL_Driver/Src/stm32h7xx_hal_uart.o
 .debug_line    0x0000d15f      0xf03 ./Drivers/STM32H7xx_HAL_Driver/Src/stm32h7xx_hal_uart_ex.o

.debug_str      0x00000000   0x1326e1
 .debug_str     0x00000000   0x12ef75 ./Core/Src/main.o
                             0x12f463 (size before relaxing)
 .debug_str     0x0012ef75      0x372 ./Core/Src/stm32h7xx_hal_msp.o
                             0x12f501 (size before relaxing)
 .debug_str     0x0012f2e7       0xc9 ./Core/Src/stm32h7xx_it.o
                             0x12e94a (size before relaxing)
 .debug_str     0x0012f3b0      0x30e ./Core/Src/system_stm32h7xx.o
                             0x12eb0a (size before relaxing)
 .debug_str     0x0012f6be       0x45 ./Core/Startup/startup_stm32h7a3zitxq.o
                                 0x80 (size before relaxing)
 .debug_str     0x0012f703      0xece ./Drivers/STM32H7xx_HAL_Driver/Src/stm32h7xx_hal.o
                             0x12f9de (size before relaxing)
 .debug_str     0x001305d1      0x38b ./Drivers/STM32H7xx_HAL_Driver/Src/stm32h7xx_hal_cortex.o
                             0x12f426 (size before relaxing)
 .debug_str     0x0013095c       0xec ./Drivers/STM32H7xx_HAL_Driver/Src/stm32h7xx_hal_gpio.o
                             0x12eabb (size before relaxing)
 .debug_str     0x00130a48      0x756 ./Drivers/STM32H7xx_HAL_Driver/Src/stm32h7xx_hal_pwr_ex.o
                             0x12f040 (size before relaxing)
 .debug_str     0x0013119e      0x22e ./Drivers/STM32H7xx_HAL_Driver/Src/stm32h7xx_hal_rcc.o
                             0x12eee3 (size before relaxing)
 .debug_str     0x001313cc      0x623 ./Drivers/STM32H7xx_HAL_Driver/Src/stm32h7xx_hal_rcc_ex.o
                             0x12f378 (size before relaxing)
 .debug_str     0x001319ef      0xa85 ./Drivers/STM32H7xx_HAL_Driver/Src/stm32h7xx_hal_uart.o
                             0x12fa13 (size before relaxing)
 .debug_str     0x00132474      0x26d ./Drivers/STM32H7xx_HAL_Driver/Src/stm32h7xx_hal_uart_ex.o
                             0x12efb2 (size before relaxing)

.comment        0x00000000       0x43
 .comment       0x00000000       0x43 ./Core/Src/main.o
                                 0x44 (size before relaxing)
 .comment       0x00000043       0x44 ./Core/Src/stm32h7xx_hal_msp.o
 .comment       0x00000043       0x44 ./Core/Src/stm32h7xx_it.o
 .comment       0x00000043       0x44 ./Core/Src/system_stm32h7xx.o
 .comment       0x00000043       0x44 ./Drivers/STM32H7xx_HAL_Driver/Src/stm32h7xx_hal.o
 .comment       0x00000043       0x44 ./Drivers/STM32H7xx_HAL_Driver/Src/stm32h7xx_hal_cortex.o
 .comment       0x00000043       0x44 ./Drivers/STM32H7xx_HAL_Driver/Src/stm32h7xx_hal_gpio.o
 .comment       0x00000043       0x44 ./Drivers/STM32H7xx_HAL_Driver/Src/stm32h7xx_hal_pwr_ex.o
 .comment       0x00000043       0x44 ./Drivers/STM32H7xx_HAL_Driver/Src/stm32h7xx_hal_rcc.o
 .comment       0x00000043       0x44 ./Drivers/STM32H7xx_HAL_Driver/Src/stm32h7xx_hal_rcc_ex.o
 .comment       0x00000043       0x44 ./Drivers/STM32H7xx_HAL_Driver/Src/stm32h7xx_hal_uart.o
 .comment       0x00000043       0x44 ./Drivers/STM32H7xx_HAL_Driver/Src/stm32h7xx_hal_uart_ex.o

.debug_frame    0x00000000     0x29f0
 .debug_frame   0x00000000       0xcc ./Core/Src/main.o
 .debug_frame   0x000000cc       0x84 ./Core/Src/stm32h7xx_hal_msp.o
 .debug_frame   0x00000150      0x104 ./Core/Src/stm32h7xx_it.o
 .debug_frame   0x00000254       0x58 ./Core/Src/system_stm32h7xx.o
 .debug_frame   0x000002ac      0x6a8 ./Drivers/STM32H7xx_HAL_Driver/Src/stm32h7xx_hal.o
 .debug_frame   0x00000954      0x508 ./Drivers/STM32H7xx_HAL_Driver/Src/stm32h7xx_hal_cortex.o
 .debug_frame   0x00000e5c      0x14c ./Drivers/STM32H7xx_HAL_Driver/Src/stm32h7xx_hal_gpio.o
 .debug_frame   0x00000fa8      0x660 ./Drivers/STM32H7xx_HAL_Driver/Src/stm32h7xx_hal_pwr_ex.o
 .debug_frame   0x00001608      0x1fc ./Drivers/STM32H7xx_HAL_Driver/Src/stm32h7xx_hal_rcc.o
 .debug_frame   0x00001804      0x3ec ./Drivers/STM32H7xx_HAL_Driver/Src/stm32h7xx_hal_rcc_ex.o
 .debug_frame   0x00001bf0      0xa94 ./Drivers/STM32H7xx_HAL_Driver/Src/stm32h7xx_hal_uart.o
 .debug_frame   0x00002684      0x2c0 ./Drivers/STM32H7xx_HAL_Driver/Src/stm32h7xx_hal_uart_ex.o
 .debug_frame   0x00002944       0x20 C:/ST/STM32CubeIDE_1.15.0/STM32CubeIDE/plugins/com.st.stm32cube.ide.mcu.externaltools.gnu-tools-for-stm32.12.3.rel1.win32_1.0.100.202403111256/tools/bin/../lib/gcc/arm-none-eabi/12.3.1/../../../../arm-none-eabi/lib/thumb/v7e-m+dp/hard\libc_nano.a(libc_a-memset.o)
 .debug_frame   0x00002964       0x2c C:/ST/STM32CubeIDE_1.15.0/STM32CubeIDE/plugins/com.st.stm32cube.ide.mcu.externaltools.gnu-tools-for-stm32.12.3.rel1.win32_1.0.100.202403111256/tools/bin/../lib/gcc/arm-none-eabi/12.3.1/../../../../arm-none-eabi/lib/thumb/v7e-m+dp/hard\libc_nano.a(libc_a-init.o)
 .debug_frame   0x00002990       0x2c C:/ST/STM32CubeIDE_1.15.0/STM32CubeIDE/plugins/com.st.stm32cube.ide.mcu.externaltools.gnu-tools-for-stm32.12.3.rel1.win32_1.0.100.202403111256/tools/bin/../lib/gcc/arm-none-eabi/12.3.1/thumb/v7e-m+dp/hard\libgcc.a(_aeabi_uldivmod.o)
 .debug_frame   0x000029bc       0x34 C:/ST/STM32CubeIDE_1.15.0/STM32CubeIDE/plugins/com.st.stm32cube.ide.mcu.externaltools.gnu-tools-for-stm32.12.3.rel1.win32_1.0.100.202403111256/tools/bin/../lib/gcc/arm-none-eabi/12.3.1/thumb/v7e-m+dp/hard\libgcc.a(_udivmoddi4.o)

.debug_line_str
                0x00000000       0x64
 .debug_line_str
                0x00000000       0x64 ./Core/Startup/startup_stm32h7a3zitxq.o
